Archive member included to satisfy reference by file (symbol)

/home/sota/myos/boot/glibc-build/libc_pic.a(check_fds.os)
                              /home/sota/myos/boot/glibc-build/elf/dl-allobjs.os (__libc_check_standard_fds)
/home/sota/myos/boot/glibc-build/libc_pic.a(errno.os)
                              /home/sota/myos/boot/glibc-build/libc_pic.a(check_fds.os) (__libc_errno)
/home/sota/myos/boot/glibc-build/libc_pic.a(setjmp.os)
                              /home/sota/myos/boot/glibc-build/elf/dl-allobjs.os (__sigsetjmp)
/home/sota/myos/boot/glibc-build/libc_pic.a(__longjmp.os)
                              /home/sota/myos/boot/glibc-build/elf/dl-allobjs.os (__longjmp)
/home/sota/myos/boot/glibc-build/libc_pic.a(getenv.os)
                              /home/sota/myos/boot/glibc-build/elf/dl-allobjs.os (getenv)
/home/sota/myos/boot/glibc-build/libc_pic.a(_fitoa_word.os)
                              /home/sota/myos/boot/glibc-build/elf/dl-allobjs.os (_itoa_word)
/home/sota/myos/boot/glibc-build/libc_pic.a(itoa-udigits.os)
                              /home/sota/myos/boot/glibc-build/libc_pic.a(_fitoa_word.os) (__GI__itoa_upper_digits)
/home/sota/myos/boot/glibc-build/libc_pic.a(lowlevellock.os)
                              /home/sota/myos/boot/glibc-build/elf/dl-allobjs.os (__lll_lock_wait_private)
/home/sota/myos/boot/glibc-build/libc_pic.a(scratch_buffer_set_array_size.os)
                              /home/sota/myos/boot/glibc-build/elf/dl-allobjs.os (__libc_scratch_buffer_set_array_size)
/home/sota/myos/boot/glibc-build/libc_pic.a(memchr.os)
                              /home/sota/myos/boot/glibc-build/elf/dl-allobjs.os (memchr)
/home/sota/myos/boot/glibc-build/libc_pic.a(memcmp.os)
                              /home/sota/myos/boot/glibc-build/elf/dl-allobjs.os (memcmp)
/home/sota/myos/boot/glibc-build/libc_pic.a(memcpy.os)
                              /home/sota/myos/boot/glibc-build/libc_pic.a(check_fds.os) (__GI_memcpy)
/home/sota/myos/boot/glibc-build/libc_pic.a(memmove.os)
                              /home/sota/myos/boot/glibc-build/elf/dl-allobjs.os (memmove)
/home/sota/myos/boot/glibc-build/libc_pic.a(mempcpy.os)
                              /home/sota/myos/boot/glibc-build/elf/dl-allobjs.os (mempcpy)
/home/sota/myos/boot/glibc-build/libc_pic.a(memset.os)
                              /home/sota/myos/boot/glibc-build/elf/dl-allobjs.os (memset)
/home/sota/myos/boot/glibc-build/libc_pic.a(stpcpy.os)
                              /home/sota/myos/boot/glibc-build/elf/dl-allobjs.os (stpcpy)
/home/sota/myos/boot/glibc-build/libc_pic.a(strcat.os)
                              /home/sota/myos/boot/glibc-build/libc_pic.a(check_fds.os) (__GI_strcat)
/home/sota/myos/boot/glibc-build/libc_pic.a(strchr.os)
                              /home/sota/myos/boot/glibc-build/elf/dl-allobjs.os (strchr)
/home/sota/myos/boot/glibc-build/libc_pic.a(strcmp.os)
                              /home/sota/myos/boot/glibc-build/elf/dl-allobjs.os (strcmp)
/home/sota/myos/boot/glibc-build/libc_pic.a(strcpy.os)
                              /home/sota/myos/boot/glibc-build/libc_pic.a(check_fds.os) (__GI_strcpy)
/home/sota/myos/boot/glibc-build/libc_pic.a(strcspn.os)
                              /home/sota/myos/boot/glibc-build/elf/dl-allobjs.os (strcspn)
/home/sota/myos/boot/glibc-build/libc_pic.a(strdup.os)
                              /home/sota/myos/boot/glibc-build/elf/dl-allobjs.os (__strdup)
/home/sota/myos/boot/glibc-build/libc_pic.a(strerrorname_np.os)
                              /home/sota/myos/boot/glibc-build/elf/dl-allobjs.os (strerrorname_np)
/home/sota/myos/boot/glibc-build/libc_pic.a(strlen.os)
                              /home/sota/myos/boot/glibc-build/elf/dl-allobjs.os (strlen)
/home/sota/myos/boot/glibc-build/libc_pic.a(strncmp.os)
                              /home/sota/myos/boot/glibc-build/elf/dl-allobjs.os (strncmp)
/home/sota/myos/boot/glibc-build/libc_pic.a(strncpy.os)
                              /home/sota/myos/boot/glibc-build/libc_pic.a(check_fds.os) (__GI_strncpy)
/home/sota/myos/boot/glibc-build/libc_pic.a(strnlen.os)
                              /home/sota/myos/boot/glibc-build/elf/dl-allobjs.os (strnlen)
/home/sota/myos/boot/glibc-build/libc_pic.a(memchr-avx2.os)
                              /home/sota/myos/boot/glibc-build/libc_pic.a(memchr.os) (__memchr_avx2)
/home/sota/myos/boot/glibc-build/libc_pic.a(memchr-avx2-rtm.os)
                              /home/sota/myos/boot/glibc-build/libc_pic.a(memchr.os) (__memchr_avx2_rtm)
/home/sota/myos/boot/glibc-build/libc_pic.a(memchr-evex.os)
                              /home/sota/myos/boot/glibc-build/libc_pic.a(memchr.os) (__memchr_evex)
/home/sota/myos/boot/glibc-build/libc_pic.a(memchr-evex-rtm.os)
                              /home/sota/myos/boot/glibc-build/libc_pic.a(memchr.os) (__memchr_evex_rtm)
/home/sota/myos/boot/glibc-build/libc_pic.a(memchr-evex512.os)
[...]
Memory Configuration

Name             Origin             Length             Attributes
*default*        0x0000000000000000 0xffffffffffffffff

Linker script and memory map

LOAD /home/sota/myos/boot/glibc-build/elf/librtld.mapT.o
START GROUP
LOAD /home/sota/myos/boot/glibc-build/elf/dl-allobjs.os
LOAD /home/sota/myos/boot/glibc-build/libc_pic.a
LOAD /usr/lib/gcc/x86_64-pc-linux-gnu/16.1.1/libgcc.a
END GROUP

.note.gnu.build-id
 *(.note.gnu.build-id)

.interp
 *(.interp)

.note.gnu.property
                0x0000000000000000       0x30
 .note.gnu.property
                0x0000000000000000       0x30 /home/sota/myos/boot/glibc-build/elf/librtld.mapT.o

.hash
 *(.hash)

.gnu.hash
 *(.gnu.hash)

.dynsym
 *(.dynsym)

.dynstr
 *(.dynstr)

.gnu.version
 *(.gnu.version)

.gnu.version_d
 *(.gnu.version_d)

.gnu.version_r
 *(.gnu.version_r)

.rela.init
 *(.rela.init)

.rela.text
 *(.rela.text)

.rela.fini
 *(.rela.fini)

.rela.rodata
 *(.rela.rodata)

.rela.data.rel.ro
 *(.rela.data.rel.ro)

.rela.data
 *(.rela.data)

.rela.tdata
 *(.rela.tdata)

.rela.tbss
 *(.rela.tbss)

.rela.ctors
 *(.rela.ctors)

.rela.dtors
 *(.rela.dtors)

.rela.got
 *(.rela.got)

.rela.tls
 *(.rela.tls)

.rela.bss
 *(.rela.bss)

.rela.ldata
 *(.rela.ldata)

.rela.lbss
 *(.rela.lbss)

.rela.lrodata
 *(.rela.lrodata)

.rela.ifunc
 *(.rela.ifunc)

.rela.plt
 *(.rela.plt)

.relr.dyn
 *(.relr.dyn)

.init
 *(SORT_NONE(.init))

.plt
 *(.plt)

.plt.got
 *(.plt.got)

.plt.sec
 *(.plt.sec)

.text           0x0000000000000000    0x2bb94
 *(.text .stub)
 .text          0x0000000000000000        0x0 /home/sota/myos/boot/glibc-build/elf/librtld.mapT.o
                0x0000000000000000                __stack_chk_fail_local
                0x0000000000000000                __GI___vsprintf_chk
                0x0000000000000000                malloc
                0x0000000000000000                __libc_assert_fail
                0x0000000000000000                __stack_chk_fail
                0x0000000000000000                calloc
                0x0000000000000000                realloc
                0x0000000000000000                __GI_abort
                0x0000000000000000                __GI___vfprintf_chk
                0x0000000000000000                __GI___vsyslog_chk
                0x0000000000000000                __syscall_cancel
                0x0000000000000000                free
 .text          0x0000000000000000    0x22530 /home/sota/myos/boot/glibc-build/elf/dl-allobjs.os
                0x0000000000000000                _dl_call_libc_early_init
                0x0000000000000070                _dl_call_fini
                0x00000000000001e0                _dl_signal_exception
                0x00000000000001e0                __GI__dl_signal_exception
                0x0000000000000240                __GI__dl_signal_error
                0x0000000000000240                _dl_signal_error
                0x00000000000002b0                _dl_signal_cexception
                0x0000000000000340                _dl_signal_cerror
                0x00000000000003d0                _dl_receive_error
                0x0000000000000460                _dl_catch_exception
                0x0000000000000460                __GI__dl_catch_exception
                0x00000000000005f0                _dl_catch_error
                0x00000000000007b0                _dl_close_worker
                0x00000000000015b0                _dl_close
                0x0000000000001620                _dl_debug_post_relocate
                0x00000000000016b0                _dl_debug_update
                0x00000000000016f0                _dl_debug_change_state
                0x0000000000001720                _dl_debug_initialize
                0x0000000000001830                _dl_debug_state
                0x0000000000001830                __GI__dl_debug_state
                0x0000000000001880                _dl_map_object_deps
                0x0000000000002780                _dl_error_free
                0x00000000000027a0                _dl_exception_create
                0x00000000000027a0                __GI__dl_exception_create
                0x0000000000002890                __GI__dl_exception_create_format
                0x0000000000002890                _dl_exception_create_format
                0x0000000000002d00                _dl_exception_free
                0x0000000000002d00                __GI__dl_exception_free
                0x0000000000002d20                _dl_make_stack_executable
                0x0000000000002d60                _dl_handle_execstack_tunable
                0x0000000000003130                __GI__dl_find_object
                0x0000000000003130                _dl_find_object
                0x00000000000034e0                _dlfo_sort_mappings
                0x00000000000035a0                _dl_find_object_init
                0x0000000000003770                _dl_find_object_update
                0x0000000000003c80                _dl_find_object_dlclose
                0x0000000000003d70                _dl_find_object_freeres
                0x0000000000003dc0                _dl_fini
                0x0000000000004140                _dl_init
                0x0000000000005150                _dl_dst_count
                0x0000000000005200                _dl_dst_substitute
                0x0000000000005a40                _dl_init_paths
                0x0000000000005d60                _dl_process_pt_gnu_property
                0x0000000000007870                _dl_lookup_map
                0x0000000000007970                _dl_map_new_object
                0x00000000000083d0                _dl_map_object
                0x0000000000008430                _dl_rtld_di_serinfo
                0x0000000000009510                _dl_lookup_symbol_x
                0x000000000000a190                _dl_lookup_direct
                0x000000000000a380                __minimal_malloc
                0x000000000000a4c0                __minimal_calloc
                0x000000000000a4f0                __minimal_free
                0x000000000000a530                __minimal_realloc
                0x000000000000a5c0                _dl_sysdep_read_whole_file
                0x000000000000a670                _dl_name_match_p
                0x000000000000a6d0                _dl_higher_prime_number
                0x000000000000a740                _dl_strtoul
                0x000000000000a920                _dl_add_to_namespace_list
                0x000000000000a9b0                _dl_new_object
                0x000000000000b1d0                __GI__dl_find_dso_for_object
                0x000000000000b1d0                _dl_find_dso_for_object
                0x000000000000b2c0                _dl_open
                0x000000000000b6a0                _dl_show_scope
                0x000000000000c220                _dl_get_origin
                0x000000000000c390                _dl_canonicalize
                0x000000000000cb00                _dl_debug_printf
                0x000000000000cbb0                _dl_debug_printf_c
                0x000000000000cc60                _dl_dprintf
                0x000000000000cd00                _dl_printf
                0x000000000000cda0                _dl_error_printf
                0x000000000000ce40                _dl_fatal_printf
                0x000000000000ce40                __GI__dl_fatal_printf
                0x000000000000cee0                _dl_readonly_area
                0x000000000000d100                _dl_try_allocate_static_tls
                0x000000000000d230                _dl_allocate_static_tls
                0x000000000000d260                _dl_protect_relro
                0x000000000000d2d0                _dl_reloc_bad_type
                0x000000000000d390                _dl_relocate_object_no_relro
                0x000000000000fb10                _dl_relocate_object
                0x000000000000fb40                _dl_fixup
                0x000000000000fdf0                _dl_profile_fixup
                0x0000000000010140                _dl_scope_free
                0x0000000000010210                _dl_setup_hash
                0x00000000000103d0                _dl_sort_maps_init
                0x0000000000010400                _dl_sort_maps
                0x0000000000010890                __thread_gscope_wait
                0x0000000000010e40                _dl_tls_static_surplus_init
                0x0000000000010ed0                _dl_assign_tls_modid
                0x0000000000010ff0                _dl_count_modids
                0x0000000000011070                _dl_determine_tlsoffset
                0x0000000000011270                _dl_get_tls_static_info
                0x0000000000011290                _dl_allocate_tls_storage
                0x0000000000011380                __GI__dl_allocate_tls_init
                0x0000000000011380                _dl_allocate_tls_init
                0x00000000000115b0                __GI__dl_allocate_tls
                0x00000000000115b0                _dl_allocate_tls
                0x0000000000011620                _dl_deallocate_tls
                0x0000000000011620                __GI__dl_deallocate_tls
                0x0000000000011740                _dl_update_slotinfo
                0x00000000000119c0                __GI___tls_get_addr
                0x00000000000119c0                ___tls_get_addr
                0x0000000000011b00                _dl_tls_get_addr_soft
                0x0000000000011b80                _dl_tls_initial_modid_limit_setup
                0x0000000000011bf0                _dl_add_to_slotinfo
                0x0000000000011d60                _dl_init_static_tls
                0x0000000000011ec0                __tls_get_addr_slow
                0x0000000000011ff0                __tls_pre_init_tp
                0x0000000000012040                __tls_init_tp
                0x00000000000121a0                _dl_runtime_profile_sse
                0x0000000000012330                _dl_runtime_resolve_fxsave
                0x00000000000123b0                _dl_runtime_resolve_xsave
                0x0000000000012480                _dl_runtime_resolve_xsavec
                0x0000000000012700                __tunable_is_initialized
                0x0000000000012700                __GI___tunable_is_initialized
                0x0000000000012720                __GI___tunable_set_val
                0x0000000000012740                __GI___tunables_init
                0x0000000000012c20                __GI___tunables_print
                0x0000000000012d20                __tunable_get_default
                0x0000000000012d20                __GI___tunable_get_default
                0x0000000000012d70                __tunable_get_val
                0x0000000000012d70                __GI___tunable_get_val
                0x0000000000012e00                _dl_check_map_versions
                0x00000000000136f0                _dl_check_all_versions
                0x0000000000013780                _dl_write
                0x00000000000137a0                _dl_cache_libcmp
                0x0000000000013f60                _dl_load_cache_lookup
                0x00000000000142a0                _dl_unload_cache
                0x00000000000170f0                __x86_cpu_features
                0x0000000000017110                _dl_x86_init_cpu_features
                0x0000000000017130                _dl_x86_get_cpu_features
                0x0000000000017140                _dl_tlsdesc_return
                0x0000000000017150                _dl_tlsdesc_undefweak
                0x0000000000017160                _dl_tlsdesc_dynamic_fxsave
                0x0000000000017210                _dl_tlsdesc_dynamic_xsave
                0x0000000000017320                _dl_tlsdesc_dynamic_xsavec
                0x0000000000017420                __tls_get_addr
                0x0000000000017480                _dl_make_tlsdesc_dynamic
                0x00000000000177c0                _dl_unmap
                0x0000000000017860                _dl_audit_activity_map
                0x0000000000017900                _dl_audit_activity_nsid
                0x0000000000017930                _dl_audit_objsearch
                0x0000000000017a00                _dl_audit_objopen
                0x0000000000017ae0                _dl_audit_objclose
                0x0000000000017b90                _dl_audit_preinit
                0x0000000000017c20                _dl_audit_symbind_alt
                0x0000000000017c20                __GI__dl_audit_symbind_alt
                0x0000000000017e00                _dl_audit_symbind
                0x00000000000180a0                _dl_audit_pltenter
                0x00000000000182f0                _dl_audit_pltexit
                0x0000000000018510                _dl_diagnostics_print_string
                0x0000000000018590                _dl_diagnostics_print_labeled_string
                0x00000000000185d0                _dl_diagnostics_print_labeled_value
                0x00000000000185f0                _dl_print_diagnostics
                0x0000000000019880                _dl_diagnostics_cpu
                0x000000000001a0a0                _dl_diagnostics_kernel
                0x000000000001a160                _dl_next_ld_env_entry
                0x000000000001a1c0                unsetenv
                0x000000000001a300                _dl_important_hwcaps
                0x000000000001a670                _dl_hwcaps_subdirs_active
                0x000000000001a6f0                _dl_hwcaps_split
                0x000000000001a780                _dl_hwcaps_contains
                0x000000000001a830                _dl_hwcaps_split_masked
                0x000000000001a900                __rtld_libc_freeres
                0x000000000001aac0                __rtld_malloc_init_stubs
                0x000000000001ab00                __sigjmp_save
                0x000000000001ab10                __strerror_r
                0x000000000001abc0                __GI___libc_fatal
                0x000000000001abc0                __libc_fatal
                0x000000000001abe0                __GI___chk_fail
                0x000000000001abe0                __chk_fail
                0x000000000001abf0                __rtld_malloc_is_complete
                0x000000000001ace0                __rtld_malloc_init_real
                0x000000000001adf0                _itoa
                0x000000000001ae40                __strsep
                0x000000000001ae40                strsep
                0x000000000001ae40                __strsep_g
                0x000000000001aea0                __rtld_mutex_init
                0x000000000001af80                _dl_start_profile
                0x000000000001b6d0                __GI__dl_mcount
                0x000000000001b6d0                _dl_mcount
                0x000000000001bb30                _dl_tunable_set_hwcaps
                0x000000000001c770                _dl_sysdep_start
                0x000000000001c830                _dl_sysdep_start_cleanup
                0x000000000001c840                _dl_show_auxv
                0x000000000001ca00                _dl_usage
                0x000000000001ca50                _dl_version
                0x000000000001ca70                _dl_help
                0x000000000001cd40                _start
                0x000000000001cd48                _dl_start_user
                0x000000000001dfa0                handle_preload_list
                0x0000000000021ab0                __brk
                0x0000000000021ab0                brk
                0x0000000000021ae0                __getcwd
                0x0000000000021ae0                getcwd
                0x0000000000022250                openat64
                0x0000000000022290                __opendir
                0x0000000000022290                opendir
                0x00000000000223b0                __alloc_dir
                0x0000000000022490                sbrk
                0x0000000000022490                __sbrk
 .text          0x0000000000022530       0xe2 /home/sota/myos/boot/glibc-build/libc_pic.a(check_fds.os)
                0x00000000000225e0                __libc_check_standard_fds
 .text          0x0000000000022612        0x0 /home/sota/myos/boot/glibc-build/libc_pic.a(errno.os)
 *fill*         0x0000000000022612        0xe 
 .text          0x0000000000022620       0x57 /home/sota/myos/boot/glibc-build/libc_pic.a(setjmp.os)
                0x0000000000022620                __sigsetjmp
                0x0000000000022620                __GI___sigsetjmp
 *fill*         0x0000000000022677        0x9 
 .text          0x0000000000022680       0x50 /home/sota/myos/boot/glibc-build/libc_pic.a(__longjmp.os)
                0x0000000000022680                __longjmp
 *fill*         0x00000000000226d0       0x10 
 .text          0x00000000000226e0       0xa5 /home/sota/myos/boot/glibc-build/libc_pic.a(getenv.os)
                0x00000000000226e0                getenv
                0x00000000000226e0                __GI_getenv
 *fill*         0x0000000000022785       0x3b 
 .text          0x00000000000227c0      0x188 /home/sota/myos/boot/glibc-build/libc_pic.a(_fitoa_word.os)
                0x00000000000227c0                _itoa_word
                0x00000000000228f0                _fitoa_word
 .text          0x0000000000022948        0x0 /home/sota/myos/boot/glibc-build/libc_pic.a(itoa-udigits.os)
 *fill*         0x0000000000022948        0x8 
 .text          0x0000000000022950       0xe4 /home/sota/myos/boot/glibc-build/libc_pic.a(lowlevellock.os)
                0x0000000000022950                __GI___lll_lock_wait_private
                0x0000000000022950                __lll_lock_wait_private
                0x00000000000229a0                __lll_lock_wait
                0x00000000000229a0                __GI___lll_lock_wait
                0x0000000000022a00                __lll_lock_wake_private
                0x0000000000022a00                __GI___lll_lock_wake_private
                0x0000000000022a20                __lll_lock_wake
                0x0000000000022a20                __GI___lll_lock_wake
 *fill*         0x0000000000022a34        0xc 
 .text          0x0000000000022a40       0xd6 /home/sota/myos/boot/glibc-build/libc_pic.a(scratch_buffer_set_array_size.os)
                0x0000000000022a40                __libc_scratch_buffer_set_array_size
                0x0000000000022a40                __GI___libc_scratch_buffer_set_array_size
 *fill*         0x0000000000022b16        0xa 
 .text          0x0000000000022b20       0x85 /home/sota/myos/boot/glibc-build/libc_pic.a(memchr.os)
                0x0000000000022b20                __GI_memchr
                0x0000000000022b20                memchr
                0x0000000000022b20                __memchr
 *fill*         0x0000000000022ba5        0xb 
 .text          0x0000000000022bb0       0x71 /home/sota/myos/boot/glibc-build/libc_pic.a(memcmp.os)
                0x0000000000022bb0                bcmp
                0x0000000000022bb0                __GI_memcmp
                0x0000000000022bb0                memcmp
 *fill*         0x0000000000022c21        0xf 
 .text          0x0000000000022c30      0x101 /home/sota/myos/boot/glibc-build/libc_pic.a(memcpy.os)
                0x0000000000022c30                __GI_memcpy
                0x0000000000022c30                __new_memcpy
                0x0000000000022c30                memcpy@@GLIBC_2.14
 *fill*         0x0000000000022d31        0xf 
 .text          0x0000000000022d40      0x101 /home/sota/myos/boot/glibc-build/libc_pic.a(memmove.os)
                0x0000000000022d40                memmove
                0x0000000000022d40                __GI_memmove
                0x0000000000022d40                __libc_memmove
 *fill*         0x0000000000022e41        0xf 
 .text          0x0000000000022e50      0x101 /home/sota/myos/boot/glibc-build/libc_pic.a(mempcpy.os)
                0x0000000000022e50                mempcpy
                0x0000000000022e50                __GI_mempcpy
                0x0000000000022e50                __mempcpy
                0x0000000000022e50                __GI___mempcpy
 *fill*         0x0000000000022f51        0xf 
 .text          0x0000000000022f60      0x116 /home/sota/myos/boot/glibc-build/libc_pic.a(memset.os)
                0x0000000000022f60                __GI_memset
                0x0000000000022f60                memset
 *fill*         0x0000000000023076        0xa 
 .text          0x0000000000023080       0x68 /home/sota/myos/boot/glibc-build/libc_pic.a(stpcpy.os)
                0x0000000000023080                stpcpy
                0x0000000000023080                __GI_stpcpy
                0x0000000000023080                __stpcpy
                0x0000000000023080                __GI___stpcpy
 *fill*         0x00000000000230e8        0x8 
 .text          0x00000000000230f0       0x68 /home/sota/myos/boot/glibc-build/libc_pic.a(strcat.os)
                0x00000000000230f0                strcat
                0x00000000000230f0                __GI_strcat
 *fill*         0x0000000000023158        0x8 
 .text          0x0000000000023160       0x81 /home/sota/myos/boot/glibc-build/libc_pic.a(strchr.os)
                0x0000000000023160                __GI_strchr
                0x0000000000023160                index
                0x0000000000023160                strchr
 *fill*         0x00000000000231e1        0xf 
 .text          0x00000000000231f0       0x90 /home/sota/myos/boot/glibc-build/libc_pic.a(strcmp.os)
                0x00000000000231f0                __GI_strcmp
                0x00000000000231f0                strcmp
 .text          0x0000000000023280       0x68 /home/sota/myos/boot/glibc-build/libc_pic.a(strcpy.os)
                0x0000000000023280                strcpy
                0x0000000000023280                __GI_strcpy
 *fill*         0x00000000000232e8        0x8 
 .text          0x00000000000232f0       0x21 /home/sota/myos/boot/glibc-build/libc_pic.a(strcspn.os)
                0x00000000000232f0                strcspn
                0x00000000000232f0                __GI_strcspn
 *fill*         0x0000000000023311        0xf 
 .text          0x0000000000023320       0x39 /home/sota/myos/boot/glibc-build/libc_pic.a(strdup.os)
                0x0000000000023320                __GI___strdup
                0x0000000000023320                __strdup
                0x0000000000023320                strdup
 *fill*         0x0000000000023359        0x7 
 .text          0x0000000000023360        0x5 /home/sota/myos/boot/glibc-build/libc_pic.a(strerrorname_np.os)
                0x0000000000023360                strerrorname_np
 *fill*         0x0000000000023365        0xb 
 .text          0x0000000000023370       0x82 /home/sota/myos/boot/glibc-build/libc_pic.a(strlen.os)
                0x0000000000023370                strlen
                0x0000000000023370                __GI_strlen
 *fill*         0x00000000000233f2        0xe 
 .text          0x0000000000023400       0x99 /home/sota/myos/boot/glibc-build/libc_pic.a(strncmp.os)
                0x0000000000023400                __GI_strncmp
                0x0000000000023400                strncmp
 *fill*         0x0000000000023499        0x7 
 .text          0x00000000000234a0       0x68 /home/sota/myos/boot/glibc-build/libc_pic.a(strncpy.os)
                0x00000000000234a0                strncpy
                0x00000000000234a0                __GI_strncpy
 *fill*         0x0000000000023508        0x8 
 .text          0x0000000000023510       0x82 /home/sota/myos/boot/glibc-build/libc_pic.a(strnlen.os)
                0x0000000000023510                __strnlen
                0x0000000000023510                strnlen
                0x0000000000023510                __GI___strnlen
                0x0000000000023510                __GI_strnlen
 .text          0x0000000000023592        0x0 /home/sota/myos/boot/glibc-build/libc_pic.a(memchr-avx2.os)
 .text          0x0000000000023592        0x0 /home/sota/myos/boot/glibc-build/libc_pic.a(memchr-avx2-rtm.os)
 .text          0x0000000000023592        0x0 /home/sota/myos/boot/glibc-build/libc_pic.a(memchr-evex.os)
 .text          0x0000000000023592        0x0 /home/sota/myos/boot/glibc-build/libc_pic.a(memchr-evex-rtm.os)
 .text          0x0000000000023592        0x0 /home/sota/myos/boot/glibc-build/libc_pic.a(memchr-evex512.os)
 *fill*         0x0000000000023592        0xe 
 .text          0x00000000000235a0      0x323 /home/sota/myos/boot/glibc-build/libc_pic.a(memchr-sse2.os)
                0x00000000000235a0                __memchr_sse2
 .text          0x00000000000238c3        0x0 /home/sota/myos/boot/glibc-build/libc_pic.a(memcmp-avx2-movbe.os)
 .text          0x00000000000238c3        0x0 /home/sota/myos/boot/glibc-build/libc_pic.a(memcmp-avx2-movbe-rtm.os)
 .text          0x00000000000238c3        0x0 /home/sota/myos/boot/glibc-build/libc_pic.a(memcmp-evex-movbe.os)
 *fill*         0x00000000000238c3       0x1d 
 .text          0x00000000000238e0      0x2d0 /home/sota/myos/boot/glibc-build/libc_pic.a(memcmp-sse2.os)
                0x00000000000238e0                __memcmp_sse2
 .text          0x0000000000023bb0        0x0 /home/sota/myos/boot/glibc-build/libc_pic.a(memmove-avx-unaligned-erms.os)
 .text          0x0000000000023bb0        0x0 /home/sota/myos/boot/glibc-build/libc_pic.a(memmove-avx-unaligned-erms-rtm.os)
 .text          0x0000000000023bb0        0x0 /home/sota/myos/boot/glibc-build/libc_pic.a(memmove-avx512-no-vzeroupper.os)
 .text          0x0000000000023bb0        0x0 /home/sota/myos/boot/glibc-build/libc_pic.a(memmove-avx512-unaligned-erms.os)
 .text          0x0000000000023bb0       0x5d /home/sota/myos/boot/glibc-build/libc_pic.a(memmove-erms.os)
                0x0000000000023bb0                __mempcpy_chk_erms
                0x0000000000023bc0                __mempcpy_erms
                0x0000000000023bd0                __memcpy_chk_erms
                0x0000000000023bd0                __memmove_chk_erms
                0x0000000000023be0                __memmove_erms
                0x0000000000023be0                __memcpy_erms
 .text          0x0000000000023c0d        0x0 /home/sota/myos/boot/glibc-build/libc_pic.a(memmove-evex-unaligned-erms.os)
 *fill*         0x0000000000023c0d       0x33 
 .text          0x0000000000023c40      0x612 /home/sota/myos/boot/glibc-build/libc_pic.a(memmove-sse2-unaligned-erms.os)
                0x0000000000023c40                __mempcpy_chk_sse2_unaligned
                0x0000000000023c50                __mempcpy_sse2_unaligned
                0x0000000000023c60                __memcpy_chk_sse2_unaligned
                0x0000000000023c60                __memmove_chk_sse2_unaligned
                0x0000000000023c70                __memmove_sse2_unaligned
                0x0000000000023c70                __memcpy_sse2_unaligned
                0x0000000000023c70                memcpy@GLIBC_2.2.5
                0x0000000000023ca0                __mempcpy_chk_sse2_unaligned_erms
                0x0000000000023cb0                __mempcpy_sse2_unaligned_erms
                0x0000000000023cc0                __memmove_chk_sse2_unaligned_erms
                0x0000000000023cc0                __memcpy_chk_sse2_unaligned_erms
                0x0000000000023d00                __memmove_sse2_unaligned_erms
                0x0000000000023d00                __memcpy_sse2_unaligned_erms
 .text          0x0000000000024252        0x0 /home/sota/myos/boot/glibc-build/libc_pic.a(memmove-ssse3.os)
 .text          0x0000000000024252        0x0 /home/sota/myos/boot/glibc-build/libc_pic.a(memset-avx2-unaligned-erms.os)
 .text          0x0000000000024252        0x0 /home/sota/myos/boot/glibc-build/libc_pic.a(memset-avx2-unaligned-erms-rtm.os)
 .text          0x0000000000024252        0x0 /home/sota/myos/boot/glibc-build/libc_pic.a(memset-avx512-no-vzeroupper.os)
 .text          0x0000000000024252        0x0 /home/sota/myos/boot/glibc-build/libc_pic.a(memset-avx512-unaligned-erms.os)
 *fill*         0x0000000000024252        0xe 
 .text          0x0000000000024260       0x29 /home/sota/myos/boot/glibc-build/libc_pic.a(memset-erms.os)
                0x0000000000024260                __memset_chk_erms
                0x0000000000024270                __memset_erms
 .text          0x0000000000024289        0x0 /home/sota/myos/boot/glibc-build/libc_pic.a(memset-evex-unaligned-erms.os)
 *fill*         0x0000000000024289       0x37 
 .text          0x00000000000242c0      0x1bf /home/sota/myos/boot/glibc-build/libc_pic.a(memset-sse2-unaligned-erms.os)
                0x00000000000242c0                __wmemset_chk_sse2_unaligned
                0x00000000000242d0                __wmemset_sse2_unaligned
                0x00000000000242f0                __memset_chk_sse2_unaligned
                0x0000000000024300                __memset_sse2_unaligned
                0x0000000000024330                __memset_chk_sse2_unaligned_erms
                0x0000000000024340                __memset_sse2_unaligned_erms
 .text          0x000000000002447f        0x0 /home/sota/myos/boot/glibc-build/libc_pic.a(stpcpy-avx2.os)
 .text          0x000000000002447f        0x0 /home/sota/myos/boot/glibc-build/libc_pic.a(stpcpy-avx2-rtm.os)
 .text          0x000000000002447f        0x0 /home/sota/myos/boot/glibc-build/libc_pic.a(stpcpy-evex.os)
 *fill*         0x000000000002447f        0x1 
 .text          0x0000000000024480       0xdc /home/sota/myos/boot/glibc-build/libc_pic.a(stpcpy-sse2.os)
                0x0000000000024480                __stpcpy_sse2
 *fill*         0x000000000002455c        0x4 
 .text          0x0000000000024560      0x6b0 /home/sota/myos/boot/glibc-build/libc_pic.a(stpcpy-sse2-unaligned.os)
                0x0000000000024560                __stpcpy_sse2_unaligned
 .text          0x0000000000024c10        0x0 /home/sota/myos/boot/glibc-build/libc_pic.a(strcat-avx2.os)
 .text          0x0000000000024c10        0x0 /home/sota/myos/boot/glibc-build/libc_pic.a(strcat-avx2-rtm.os)
 .text          0x0000000000024c10        0x0 /home/sota/myos/boot/glibc-build/libc_pic.a(strcat-evex.os)
 .text          0x0000000000024c10      0x1bc /home/sota/myos/boot/glibc-build/libc_pic.a(strcat-sse2.os)
                0x0000000000024c10                __strcat_sse2
 *fill*         0x0000000000024dcc        0x4 
 .text          0x0000000000024dd0      0x8f0 /home/sota/myos/boot/glibc-build/libc_pic.a(strcat-sse2-unaligned.os)
                0x0000000000024dd0                __strcat_sse2_unaligned
 .text          0x00000000000256c0        0x0 /home/sota/myos/boot/glibc-build/libc_pic.a(strchr-avx2.os)
 .text          0x00000000000256c0        0x0 /home/sota/myos/boot/glibc-build/libc_pic.a(strchr-avx2-rtm.os)
 .text          0x00000000000256c0        0x0 /home/sota/myos/boot/glibc-build/libc_pic.a(strchr-evex.os)
 .text          0x00000000000256c0        0x0 /home/sota/myos/boot/glibc-build/libc_pic.a(strchr-evex512.os)
 .text          0x00000000000256c0      0x21a /home/sota/myos/boot/glibc-build/libc_pic.a(strchr-sse2.os)
                0x00000000000256c0                __strchr_sse2
 .text          0x00000000000258da        0x0 /home/sota/myos/boot/glibc-build/libc_pic.a(strchr-sse2-no-bsf.os)
 .text          0x00000000000258da        0x0 /home/sota/myos/boot/glibc-build/libc_pic.a(strcmp-avx2.os)
 .text          0x00000000000258da        0x0 /home/sota/myos/boot/glibc-build/libc_pic.a(strcmp-avx2-rtm.os)
 .text          0x00000000000258da        0x0 /home/sota/myos/boot/glibc-build/libc_pic.a(strcmp-evex.os)
 *fill*         0x00000000000258da        0x6 
 .text          0x00000000000258e0     0x1439 /home/sota/myos/boot/glibc-build/libc_pic.a(strcmp-sse2.os)
                0x00000000000258e0                __strcmp_sse2
 *fill*         0x0000000000026d19        0x7 
 .text          0x0000000000026d20      0x2a3 /home/sota/myos/boot/glibc-build/libc_pic.a(strcmp-sse2-unaligned.os)
                0x0000000000026d20                __strcmp_sse2_unaligned
 .text          0x0000000000026fc3        0x0 /home/sota/myos/boot/glibc-build/libc_pic.a(strcmp-sse4_2.os)
 .text          0x0000000000026fc3        0x0 /home/sota/myos/boot/glibc-build/libc_pic.a(strcpy-avx2.os)
 .text          0x0000000000026fc3        0x0 /home/sota/myos/boot/glibc-build/libc_pic.a(strcpy-avx2-rtm.os)
 .text          0x0000000000026fc3        0x0 /home/sota/myos/boot/glibc-build/libc_pic.a(strcpy-evex.os)
 *fill*         0x0000000000026fc3        0xd 
 .text          0x0000000000026fd0       0xdc /home/sota/myos/boot/glibc-build/libc_pic.a(strcpy-sse2.os)
                0x0000000000026fd0                __strcpy_sse2
 *fill*         0x00000000000270ac        0x4 
 .text          0x00000000000270b0      0x630 /home/sota/myos/boot/glibc-build/libc_pic.a(strcpy-sse2-unaligned.os)
                0x00000000000270b0                __strcpy_sse2_unaligned
 .text          0x00000000000276e0        0x0 /home/sota/myos/boot/glibc-build/libc_pic.a(strcspn-sse4.os)
 .text          0x00000000000276e0        0x0 /home/sota/myos/boot/glibc-build/libc_pic.a(strlen-avx2.os)
 .text          0x00000000000276e0        0x0 /home/sota/myos/boot/glibc-build/libc_pic.a(strlen-avx2-rtm.os)
 .text          0x00000000000276e0        0x0 /home/sota/myos/boot/glibc-build/libc_pic.a(strlen-evex.os)
 .text          0x00000000000276e0        0x0 /home/sota/myos/boot/glibc-build/libc_pic.a(strlen-evex512.os)
 .text          0x00000000000276e0      0x19c /home/sota/myos/boot/glibc-build/libc_pic.a(strlen-sse2.os)
                0x00000000000276e0                __strlen_sse2
 .text          0x000000000002787c        0x0 /home/sota/myos/boot/glibc-build/libc_pic.a(strncmp-avx2.os)
 .text          0x000000000002787c        0x0 /home/sota/myos/boot/glibc-build/libc_pic.a(strncmp-avx2-rtm.os)
 .text          0x000000000002787c        0x0 /home/sota/myos/boot/glibc-build/libc_pic.a(strncmp-evex.os)
 *fill*         0x000000000002787c        0x4 
 .text          0x0000000000027880     0x1849 /home/sota/myos/boot/glibc-build/libc_pic.a(strncmp-sse2.os)
                0x0000000000027880                __strncmp_sse2
 .text          0x00000000000290c9        0x0 /home/sota/myos/boot/glibc-build/libc_pic.a(strncmp-sse4_2.os)
 .text          0x00000000000290c9        0x0 /home/sota/myos/boot/glibc-build/libc_pic.a(strncpy-avx2.os)
 .text          0x00000000000290c9        0x0 /home/sota/myos/boot/glibc-build/libc_pic.a(strncpy-avx2-rtm.os)
 .text          0x00000000000290c9        0x0 /home/sota/myos/boot/glibc-build/libc_pic.a(strncpy-evex.os)
 *fill*         0x00000000000290c9        0x7 
 .text          0x00000000000290d0      0xfe0 /home/sota/myos/boot/glibc-build/libc_pic.a(strncpy-sse2-unaligned.os)
                0x00000000000290d0                __strncpy_sse2_unaligned
 .text          0x000000000002a0b0        0x0 /home/sota/myos/boot/glibc-build/libc_pic.a(strnlen-avx2.os)
 .text          0x000000000002a0b0        0x0 /home/sota/myos/boot/glibc-build/libc_pic.a(strnlen-avx2-rtm.os)
 .text          0x000000000002a0b0        0x0 /home/sota/myos/boot/glibc-build/libc_pic.a(strnlen-evex.os)
 .text          0x000000000002a0b0        0x0 /home/sota/myos/boot/glibc-build/libc_pic.a(strnlen-evex512.os)
 .text          0x000000000002a0b0      0x218 /home/sota/myos/boot/glibc-build/libc_pic.a(strnlen-sse2.os)
                0x000000000002a0b0                __strnlen_sse2
 .text          0x000000000002a2c8        0x0 /home/sota/myos/boot/glibc-build/libc_pic.a(varshift.os)
 *fill*         0x000000000002a2c8       0x38 
 .text          0x000000000002a300      0x17d /home/sota/myos/boot/glibc-build/libc_pic.a(strcspn-generic.os)
                0x000000000002a300                __strcspn_generic
 *fill*         0x000000000002a47d        0x3 
 .text          0x000000000002a480      0x19f /home/sota/myos/boot/glibc-build/libc_pic.a(cacheinfo.os)
                0x000000000002a480                __x86_cacheinfo
                0x000000000002a530                __cache_sysconf
 *fill*         0x000000000002a61f        0x1 
 .text          0x000000000002a620       0x29 /home/sota/myos/boot/glibc-build/libc_pic.a(closedir.os)
                0x000000000002a620                __closedir
                0x000000000002a620                closedir
 *fill*         0x000000000002a649        0x7 
 .text          0x000000000002a650       0xb2 /home/sota/myos/boot/glibc-build/libc_pic.a(fdopendir.os)
                0x000000000002a650                fdopendir
                0x000000000002a650                __fdopendir
 *fill*         0x000000000002a702        0xe 
 .text          0x000000000002a710      0x124 /home/sota/myos/boot/glibc-build/libc_pic.a(readdir64.os)
                0x000000000002a710                readdir
                0x000000000002a710                __readdir64
                0x000000000002a710                __readdir
                0x000000000002a710                __GI___readdir64
                0x000000000002a710                readdir64
 *fill*         0x000000000002a834        0xc 
 .text          0x000000000002a840       0x6e /home/sota/myos/boot/glibc-build/libc_pic.a(rewinddir.os)
                0x000000000002a840                rewinddir
                0x000000000002a840                __rewinddir
                0x000000000002a840                __GI___rewinddir
 *fill*         0x000000000002a8ae        0x2 
 .text          0x000000000002a8b0       0x27 /home/sota/myos/boot/glibc-build/libc_pic.a(_exit.os)
                0x000000000002a8b0                _Exit
                0x000000000002a8b0                __GI__exit
                0x000000000002a8b0                _exit
 *fill*         0x000000000002a8d7        0x9 
 .text          0x000000000002a8e0        0x8 /home/sota/myos/boot/glibc-build/libc_pic.a(getpid.os)
                0x000000000002a8e0                __getpid
                0x000000000002a8e0                getpid
                0x000000000002a8e0                __GI_getpid
                0x000000000002a8e0                __GI___getpid
 *fill*         0x000000000002a8e8        0x8 
 .text          0x000000000002a8f0       0x21 /home/sota/myos/boot/glibc-build/libc_pic.a(uname.os)
                0x000000000002a8f0                uname
                0x000000000002a8f0                __GI_uname
                0x000000000002a8f0                __uname
                0x000000000002a8f0                __GI___uname
 .text          0x000000000002a911        0x0 /home/sota/myos/boot/glibc-build/libc_pic.a(environ.os)
 *fill*         0x000000000002a911        0xf 
 .text          0x000000000002a920       0x22 /home/sota/myos/boot/glibc-build/libc_pic.a(access.os)
                0x000000000002a920                __GI___access
                0x000000000002a920                access
                0x000000000002a920                __access
 *fill*         0x000000000002a942        0xe 
 .text          0x000000000002a950       0x22 /home/sota/myos/boot/glibc-build/libc_pic.a(fstat64.os)
                0x000000000002a950                __GI___fstat64
                0x000000000002a950                fstat64
                0x000000000002a950                fstat
                0x000000000002a950                __fstat64
                0x000000000002a950                __fstat
 *fill*         0x000000000002a972        0xe 
 .text          0x000000000002a980       0x2a /home/sota/myos/boot/glibc-build/libc_pic.a(fstatat64.os)
                0x000000000002a980                fstatat
                0x000000000002a980                __fstatat
                0x000000000002a980                fstatat64
                0x000000000002a980                __fstatat64
                0x000000000002a980                __GI___fstatat
                0x000000000002a980                __GI___fstatat64
 *fill*         0x000000000002a9aa        0x6 
 .text          0x000000000002a9b0       0x24 /home/sota/myos/boot/glibc-build/libc_pic.a(lseek64.os)
                0x000000000002a9b0                __GI___lseek
                0x000000000002a9b0                __lseek64
                0x000000000002a9b0                lseek
                0x000000000002a9b0                __libc_lseek64
                0x000000000002a9b0                llseek@GLIBC_2.2.5
                0x000000000002a9b0                __lseek
                0x000000000002a9b0                __libc_lseek
                0x000000000002a9b0                lseek64
 *fill*         0x000000000002a9d4        0xc 
 .text          0x000000000002a9e0       0x15 /home/sota/myos/boot/glibc-build/libc_pic.a(lstat64.os)
                0x000000000002a9e0                __lstat64
                0x000000000002a9e0                lstat
                0x000000000002a9e0                lstat64
                0x000000000002a9e0                __GI___lstat64
                0x000000000002a9e0                __lstat
 *fill*         0x000000000002a9f5        0xb 
 .text          0x000000000002aa00       0x62 /home/sota/myos/boot/glibc-build/libc_pic.a(openat64.os)
                0x000000000002aa00                __openat64
                0x000000000002aa00                __GI___openat
                0x000000000002aa00                __GI___openat64
                0x000000000002aa00                __libc_openat64
                0x000000000002aa00                __openat
                0x000000000002aa00                openat
 *fill*         0x000000000002aa62        0xe 
 .text          0x000000000002aa70       0x12 /home/sota/myos/boot/glibc-build/libc_pic.a(stat64.os)
                0x000000000002aa70                stat64
                0x000000000002aa70                __stat
                0x000000000002aa70                __stat64
                0x000000000002aa70                stat
                0x000000000002aa70                __GI___stat64
 *fill*         0x000000000002aa82        0xe 
 .text          0x000000000002aa90       0x22 /home/sota/myos/boot/glibc-build/libc_pic.a(close_nocancel.os)
                0x000000000002aa90                __GI___close_nocancel
                0x000000000002aa90                __close_nocancel
 *fill*         0x000000000002aab2        0xe 
 .text          0x000000000002aac0        0x8 /home/sota/myos/boot/glibc-build/libc_pic.a(close_nocancel_nostatus.os)
                0x000000000002aac0                __GI___close_nocancel_nostatus
                0x000000000002aac0                __close_nocancel_nostatus
 *fill*         0x000000000002aac8        0x8 
 .text          0x000000000002aad0       0xe9 /home/sota/myos/boot/glibc-build/libc_pic.a(fcntl_nocancel.os)
                0x000000000002aad0                __fcntl64_nocancel
                0x000000000002aad0                __GI___fcntl64_nocancel
                0x000000000002ab60                __fcntl64_nocancel_adjusted
 *fill*         0x000000000002abb9        0x7 
 .text          0x000000000002abc0       0x72 /home/sota/myos/boot/glibc-build/libc_pic.a(open64_nocancel.os)
                0x000000000002abc0                __GI___open_nocancel
                0x000000000002abc0                __open_nocancel
                0x000000000002abc0                __GI___open64_nocancel
                0x000000000002abc0                __open64_nocancel
 *fill*         0x000000000002ac32        0xe 
 .text          0x000000000002ac40       0x2c /home/sota/myos/boot/glibc-build/libc_pic.a(pread64_nocancel.os)
                0x000000000002ac40                __GI___pread64_nocancel
                0x000000000002ac40                __pread64_nocancel
 *fill*         0x000000000002ac6c        0x4 
 .text          0x000000000002ac70       0x24 /home/sota/myos/boot/glibc-build/libc_pic.a(read_nocancel.os)
                0x000000000002ac70                __read_nocancel
                0x000000000002ac70                __GI___read_nocancel
 *fill*         0x000000000002ac94        0xc 
 .text          0x000000000002aca0       0x24 /home/sota/myos/boot/glibc-build/libc_pic.a(write_nocancel.os)
                0x000000000002aca0                __GI___write_nocancel
                0x000000000002aca0                __write_nocancel
 *fill*         0x000000000002acc4        0xc 
 .text          0x000000000002acd0       0x5d /home/sota/myos/boot/glibc-build/libc_pic.a(fd_to_filename.os)
                0x000000000002acd0                __fd_to_filename
 *fill*         0x000000000002ad2d        0x3 
 .text          0x000000000002ad30       0xbb /home/sota/myos/boot/glibc-build/libc_pic.a(mmap64.os)
                0x000000000002ad30                __GI___mmap
                0x000000000002ad30                __mmap
                0x000000000002ad30                mmap
                0x000000000002ad30                __GI___mmap64
                0x000000000002ad30                __mmap64
                0x000000000002ad30                mmap64
 *fill*         0x000000000002adeb        0x5 
 .text          0x000000000002adf0       0x21 /home/sota/myos/boot/glibc-build/libc_pic.a(mprotect.os)
                0x000000000002adf0                __mprotect
                0x000000000002adf0                __GI___mprotect
                0x000000000002adf0                __GI_mprotect
                0x000000000002adf0                mprotect
 *fill*         0x000000000002ae11        0xf 
 .text          0x000000000002ae20       0x21 /home/sota/myos/boot/glibc-build/libc_pic.a(munmap.os)
                0x000000000002ae20                munmap
                0x000000000002ae20                __GI___munmap
                0x000000000002ae20                __GI_munmap
                0x000000000002ae20                __munmap
 *fill*         0x000000000002ae41        0xf 
 .text          0x000000000002ae50       0xc0 /home/sota/myos/boot/glibc-build/libc_pic.a(setvmaname.os)
                0x000000000002ae50                __is_decorate_maps_enabled
                0x000000000002aec0                __set_vma_name
 .text          0x000000000002af10        0xb /home/sota/myos/boot/glibc-build/libc_pic.a(prof-freq.os)
                0x000000000002af10                __GI___profile_frequency
                0x000000000002af10                __profile_frequency
 *fill*         0x000000000002af1b        0x5 
 .text          0x000000000002af20      0x222 /home/sota/myos/boot/glibc-build/libc_pic.a(profil.os)
                0x000000000002af70                __profil
                0x000000000002af70                profil
 *fill*         0x000000000002b142        0xe 
 .text          0x000000000002b150      0x101 /home/sota/myos/boot/glibc-build/libc_pic.a(memcpy_chk.os)
                0x000000000002b150                __GI___memcpy_chk
                0x000000000002b150                __memcpy_chk
 *fill*         0x000000000002b251        0xf 
 .text          0x000000000002b260      0x101 /home/sota/myos/boot/glibc-build/libc_pic.a(memmove_chk.os)
                0x000000000002b260                __GI___memmove_chk
                0x000000000002b260                __memmove_chk
 *fill*         0x000000000002b361        0xf 
 .text          0x000000000002b370      0x101 /home/sota/myos/boot/glibc-build/libc_pic.a(mempcpy_chk.os)
                0x000000000002b370                __GI___mempcpy_chk
                0x000000000002b370                __mempcpy_chk
 *fill*         0x000000000002b471        0xf 
 .text          0x000000000002b480      0x116 /home/sota/myos/boot/glibc-build/libc_pic.a(memset_chk.os)
                0x000000000002b480                __GI___memset_chk
                0x000000000002b480                __memset_chk
 *fill*         0x000000000002b596        0xa 
 .text          0x000000000002b5a0       0x45 /home/sota/myos/boot/glibc-build/libc_pic.a(stpcpy_chk.os)
                0x000000000002b5a0                __stpcpy_chk
                0x000000000002b5a0                __GI___stpcpy_chk
 *fill*         0x000000000002b5e5        0xb 
 .text          0x000000000002b5f0       0x3a /home/sota/myos/boot/glibc-build/libc_pic.a(strcpy_chk.os)
                0x000000000002b5f0                __strcpy_chk
                0x000000000002b5f0                __GI___strcpy_chk
 *fill*         0x000000000002b62a        0x6 
 .text          0x000000000002b630       0x6b /home/sota/myos/boot/glibc-build/libc_pic.a(dl-addr-obj.os)
                0x000000000002b630                _dl_addr_inside_object
 *fill*         0x000000000002b69b        0x5 
 .text          0x000000000002b6a0      0x1ab /home/sota/myos/boot/glibc-build/libc_pic.a(libc_sigaction.os)
                0x000000000002b6c0                __libc_sigaction
                0x000000000002b6c0                __GI___libc_sigaction
 *fill*         0x000000000002b84b        0x5 
 .text          0x000000000002b850       0x33 /home/sota/myos/boot/glibc-build/libc_pic.a(errname.os)
                0x000000000002b850                __get_errname
 *fill*         0x000000000002b883        0xd 
 .text          0x000000000002b890       0x82 /home/sota/myos/boot/glibc-build/libc_pic.a(strchrnul.os)
                0x000000000002b890                __GI___strchrnul
                0x000000000002b890                __strchrnul
                0x000000000002b890                strchrnul
 .text          0x000000000002b912        0x0 /home/sota/myos/boot/glibc-build/libc_pic.a(strchrnul-avx2.os)
 .text          0x000000000002b912        0x0 /home/sota/myos/boot/glibc-build/libc_pic.a(strchrnul-avx2-rtm.os)
 .text          0x000000000002b912        0x0 /home/sota/myos/boot/glibc-build/libc_pic.a(strchrnul-evex.os)
 .text          0x000000000002b912        0x0 /home/sota/myos/boot/glibc-build/libc_pic.a(strchrnul-evex512.os)
 *fill*         0x000000000002b912        0xe 
 .text          0x000000000002b920      0x20a /home/sota/myos/boot/glibc-build/libc_pic.a(strchrnul-sse2.os)
                0x000000000002b920                __strchrnul_sse2
 *fill*         0x000000000002bb2a        0x6 
 .text          0x000000000002bb30       0x22 /home/sota/myos/boot/glibc-build/libc_pic.a(setitimer.os)
                0x000000000002bb30                setitimer
                0x000000000002bb30                __setitimer
 *fill*         0x000000000002bb52        0xe 
 .text          0x000000000002bb60       0x34 /home/sota/myos/boot/glibc-build/libc_pic.a(getdents64.os)
                0x000000000002bb60                __GI___getdents64
                0x000000000002bb60                getdents64
                0x000000000002bb60                __getdents64
 *(.gnu.warning)

.text.unlikely  0x0000000000000000      0xf29
 .text.unlikely
                0x0000000000000000      0xf29 /home/sota/myos/boot/glibc-build/elf/dl-allobjs.os
                0x000000000000092f                __GI___assert_fail
                0x000000000000092f                __assert_fail
                0x0000000000000996                __GI___assert_perror_fail
                0x0000000000000996                __assert_perror_fail

.text.evex512   0x0000000000000000     0x18b5
 .text.evex512  0x0000000000000000      0x3f9 /home/sota/myos/boot/glibc-build/elf/dl-allobjs.os
                0x0000000000000000                _dl_runtime_profile_avx512
 *fill*         0x00000000000003f9        0x7 
 .text.evex512  0x0000000000000400      0x1e0 /home/sota/myos/boot/glibc-build/libc_pic.a(memchr-evex512.os)
                0x0000000000000400                __memchr_evex512
 *fill*         0x00000000000005e0       0x20 
 .text.evex512  0x0000000000000600      0x860 /home/sota/myos/boot/glibc-build/libc_pic.a(memmove-avx512-unaligned-erms.os)
                0x0000000000000600                __mempcpy_chk_avx512_unaligned
                0x0000000000000610                __mempcpy_avx512_unaligned
                0x0000000000000620                __memcpy_chk_avx512_unaligned
                0x0000000000000620                __memmove_chk_avx512_unaligned
                0x0000000000000630                __memmove_avx512_unaligned
                0x0000000000000630                __memcpy_avx512_unaligned
                0x0000000000000670                __mempcpy_chk_avx512_unaligned_erms
                0x0000000000000680                __mempcpy_avx512_unaligned_erms
                0x0000000000000690                __memcpy_chk_avx512_unaligned_erms
                0x0000000000000690                __memmove_chk_avx512_unaligned_erms
                0x00000000000006c0                __memmove_avx512_unaligned_erms
                0x00000000000006c0                __memcpy_avx512_unaligned_erms
 *fill*         0x0000000000000e60       0x20 
 .text.evex512  0x0000000000000e80      0x25b /home/sota/myos/boot/glibc-build/libc_pic.a(memset-avx512-unaligned-erms.os)
                0x0000000000000e80                __wmemset_chk_avx512_unaligned
                0x0000000000000e90                __wmemset_avx512_unaligned
                0x0000000000000eb0                __memset_chk_avx512_unaligned
                0x0000000000000ec0                __memset_avx512_unaligned
                0x0000000000000f30                __memset_chk_avx512_unaligned_erms
                0x0000000000000f40                __memset_avx512_unaligned_erms
 *fill*         0x00000000000010db       0x25 
 .text.evex512  0x0000000000001100      0x1cf /home/sota/myos/boot/glibc-build/libc_pic.a(strchr-evex512.os)
                0x0000000000001100                __strchr_evex512
 *fill*         0x00000000000012cf       0x31 
 .text.evex512  0x0000000000001300      0x160 /home/sota/myos/boot/glibc-build/libc_pic.a(strlen-evex512.os)
                0x0000000000001300                __strlen_evex512
 *fill*         0x0000000000001460       0x20 
 .text.evex512  0x0000000000001480      0x268 /home/sota/myos/boot/glibc-build/libc_pic.a(strnlen-evex512.os)
                0x0000000000001480                __strnlen_evex512
 *fill*         0x00000000000016e8       0x18 
 .text.evex512  0x0000000000001700      0x1b5 /home/sota/myos/boot/glibc-build/libc_pic.a(strchrnul-evex512.os)
                0x0000000000001700                __strchrnul_evex512

.text.avx       0x0000000000000000     0x3524
 .text.avx      0x0000000000000000      0x3eb /home/sota/myos/boot/glibc-build/elf/dl-allobjs.os
                0x0000000000000000                _dl_runtime_profile_avx
 *fill*         0x00000000000003eb       0x15 
 .text.avx      0x0000000000000400      0x297 /home/sota/myos/boot/glibc-build/libc_pic.a(memchr-avx2.os)
                0x0000000000000400                __memchr_avx2
 *fill*         0x0000000000000697        0x9 
 .text.avx      0x00000000000006a0      0x3ff /home/sota/myos/boot/glibc-build/libc_pic.a(memcmp-avx2-movbe.os)
                0x00000000000006a0                __memcmp_avx2_movbe
 *fill*         0x0000000000000a9f       0x21 
 .text.avx      0x0000000000000ac0      0x79e /home/sota/myos/boot/glibc-build/libc_pic.a(memmove-avx-unaligned-erms.os)
                0x0000000000000ac0                __mempcpy_chk_avx_unaligned
                0x0000000000000ad0                __mempcpy_avx_unaligned
                0x0000000000000ae0                __memcpy_chk_avx_unaligned
                0x0000000000000ae0                __memmove_chk_avx_unaligned
                0x0000000000000af0                __memcpy_avx_unaligned
                0x0000000000000af0                __memmove_avx_unaligned
                0x0000000000000b20                __mempcpy_chk_avx_unaligned_erms
                0x0000000000000b30                __mempcpy_avx_unaligned_erms
                0x0000000000000b40                __memmove_chk_avx_unaligned_erms
                0x0000000000000b40                __memcpy_chk_avx_unaligned_erms
                0x0000000000000b80                __memcpy_avx_unaligned_erms
                0x0000000000000b80                __memmove_avx_unaligned_erms
 *fill*         0x000000000000125e       0x22 
 .text.avx      0x0000000000001280      0x246 /home/sota/myos/boot/glibc-build/libc_pic.a(memset-avx2-unaligned-erms.os)
                0x0000000000001280                __wmemset_chk_avx2_unaligned
                0x0000000000001290                __wmemset_avx2_unaligned
                0x00000000000012c0                __memset_chk_avx2_unaligned
                0x00000000000012d0                __memset_avx2_unaligned
                0x0000000000001300                __memset_chk_avx2_unaligned_erms
                0x0000000000001340                __memset_avx2_unaligned_erms
 *fill*         0x00000000000014c6        0xa 
 .text.avx      0x00000000000014d0      0x241 /home/sota/myos/boot/glibc-build/libc_pic.a(stpcpy-avx2.os)
                0x00000000000014d0                __stpcpy_avx2
 *fill*         0x0000000000001711        0xf 
 .text.avx      0x0000000000001720      0x2fe /home/sota/myos/boot/glibc-build/libc_pic.a(strcat-avx2.os)
                0x0000000000001720                __strcat_avx2
 *fill*         0x0000000000001a1e        0x2 
 .text.avx      0x0000000000001a20      0x22c /home/sota/myos/boot/glibc-build/libc_pic.a(strchr-avx2.os)
                0x0000000000001a20                __strchr_avx2
 *fill*         0x0000000000001c4c        0x4 
 .text.avx      0x0000000000001c50      0x555 /home/sota/myos/boot/glibc-build/libc_pic.a(strcmp-avx2.os)
                0x0000000000001c50                __strcmp_avx2
 *fill*         0x00000000000021a5        0xb 
 .text.avx      0x00000000000021b0      0x221 /home/sota/myos/boot/glibc-build/libc_pic.a(strcpy-avx2.os)
                0x00000000000021b0                __strcpy_avx2
 *fill*         0x00000000000023d1        0xf 
 .text.avx      0x00000000000023e0      0x172 /home/sota/myos/boot/glibc-build/libc_pic.a(strlen-avx2.os)
                0x00000000000023e0                __strlen_avx2
 *fill*         0x0000000000002552        0xe 
 .text.avx      0x0000000000002560      0x64e /home/sota/myos/boot/glibc-build/libc_pic.a(strncmp-avx2.os)
                0x0000000000002560                __strncmp_avx2
 *fill*         0x0000000000002bae       0x12 
 .text.avx      0x0000000000002bc0      0x48d /home/sota/myos/boot/glibc-build/libc_pic.a(strncpy-avx2.os)
                0x0000000000002bc0                __strncpy_avx2
 *fill*         0x000000000000304d       0x13 
 .text.avx      0x0000000000003060      0x2ce /home/sota/myos/boot/glibc-build/libc_pic.a(strnlen-avx2.os)
                0x0000000000003060                __strnlen_avx2
 *fill*         0x000000000000332e       0x12 
 .text.avx      0x0000000000003340      0x1e4 /home/sota/myos/boot/glibc-build/libc_pic.a(strchrnul-avx2.os)
                0x0000000000003340                __strchrnul_avx2

.text.compat    0x0000000000000000        0x1
 .text.compat   0x0000000000000000        0x1 /home/sota/myos/boot/glibc-build/elf/dl-allobjs.os
                0x0000000000000000                __rtld_version_placeholder_1
                0x0000000000000000                __rtld_version_placeholder@GLIBC_2.34

.text.avx.rtm   0x0000000000000000     0x3185
 .text.avx.rtm  0x0000000000000000      0x2b8 /home/sota/myos/boot/glibc-build/libc_pic.a(memchr-avx2-rtm.os)
                0x0000000000000000                __memchr_avx2_rtm
 *fill*         0x00000000000002b8        0x8 
 .text.avx.rtm  0x00000000000002c0      0x3ff /home/sota/myos/boot/glibc-build/libc_pic.a(memcmp-avx2-movbe-rtm.os)
                0x00000000000002c0                __memcmp_avx2_movbe_rtm
 *fill*         0x00000000000006bf        0x1 
 .text.avx.rtm  0x00000000000006c0      0x79f /home/sota/myos/boot/glibc-build/libc_pic.a(memmove-avx-unaligned-erms-rtm.os)
                0x00000000000006c0                __mempcpy_chk_avx_unaligned_rtm
                0x00000000000006d0                __mempcpy_avx_unaligned_rtm
                0x00000000000006e0                __memmove_chk_avx_unaligned_rtm
                0x00000000000006e0                __memcpy_chk_avx_unaligned_rtm
                0x00000000000006f0                __memcpy_avx_unaligned_rtm
                0x00000000000006f0                __memmove_avx_unaligned_rtm
                0x0000000000000720                __mempcpy_chk_avx_unaligned_erms_rtm
                0x0000000000000730                __mempcpy_avx_unaligned_erms_rtm
                0x0000000000000740                __memcpy_chk_avx_unaligned_erms_rtm
                0x0000000000000740                __memmove_chk_avx_unaligned_erms_rtm
                0x0000000000000780                __memmove_avx_unaligned_erms_rtm
                0x0000000000000780                __memcpy_avx_unaligned_erms_rtm
 *fill*         0x0000000000000e5f       0x21 
 .text.avx.rtm  0x0000000000000e80      0x247 /home/sota/myos/boot/glibc-build/libc_pic.a(memset-avx2-unaligned-erms-rtm.os)
                0x0000000000000e80                __wmemset_chk_avx2_unaligned_rtm
                0x0000000000000e90                __wmemset_avx2_unaligned_rtm
                0x0000000000000ec0                __memset_chk_avx2_unaligned_rtm
                0x0000000000000ed0                __memset_avx2_unaligned_rtm
                0x0000000000000f00                __memset_chk_avx2_unaligned_erms_rtm
                0x0000000000000f40                __memset_avx2_unaligned_erms_rtm
 *fill*         0x00000000000010c7        0x9 
 .text.avx.rtm  0x00000000000010d0      0x24d /home/sota/myos/boot/glibc-build/libc_pic.a(stpcpy-avx2-rtm.os)
                0x00000000000010d0                __stpcpy_avx2_rtm
 *fill*         0x000000000000131d        0x3 
 .text.avx.rtm  0x0000000000001320      0x305 /home/sota/myos/boot/glibc-build/libc_pic.a(strcat-avx2-rtm.os)
                0x0000000000001320                __strcat_avx2_rtm
 *fill*         0x0000000000001625       0x1b 
 .text.avx.rtm  0x0000000000001640      0x22f /home/sota/myos/boot/glibc-build/libc_pic.a(strchr-avx2-rtm.os)
                0x0000000000001640                __strchr_avx2_rtm
 *fill*         0x000000000000186f        0x1 
 .text.avx.rtm  0x0000000000001870      0x555 /home/sota/myos/boot/glibc-build/libc_pic.a(strcmp-avx2-rtm.os)
                0x0000000000001870                __strcmp_avx2_rtm
 *fill*         0x0000000000001dc5        0xb 
 .text.avx.rtm  0x0000000000001dd0      0x238 /home/sota/myos/boot/glibc-build/libc_pic.a(strcpy-avx2-rtm.os)
                0x0000000000001dd0                __strcpy_avx2_rtm
 *fill*         0x0000000000002008       0x18 
 .text.avx.rtm  0x0000000000002020      0x16b /home/sota/myos/boot/glibc-build/libc_pic.a(strlen-avx2-rtm.os)
                0x0000000000002020                __strlen_avx2_rtm
 *fill*         0x000000000000218b        0x5 
 .text.avx.rtm  0x0000000000002190      0x66e /home/sota/myos/boot/glibc-build/libc_pic.a(strncmp-avx2-rtm.os)
                0x0000000000002190                __strncmp_avx2_rtm
 *fill*         0x00000000000027fe        0x2 
 .text.avx.rtm  0x0000000000002800      0x4b5 /home/sota/myos/boot/glibc-build/libc_pic.a(strncpy-avx2-rtm.os)
                0x0000000000002800                __strncpy_avx2_rtm
 *fill*         0x0000000000002cb5        0xb 
 .text.avx.rtm  0x0000000000002cc0      0x2cc /home/sota/myos/boot/glibc-build/libc_pic.a(strnlen-avx2-rtm.os)
                0x0000000000002cc0                __strnlen_avx2_rtm
 *fill*         0x0000000000002f8c       0x14 
 .text.avx.rtm  0x0000000000002fa0      0x1e5 /home/sota/myos/boot/glibc-build/libc_pic.a(strchrnul-avx2-rtm.os)
                0x0000000000002fa0                __strchrnul_avx2_rtm

.text.evex      0x0000000000000000     0x3217
 .text.evex     0x0000000000000000      0x24f /home/sota/myos/boot/glibc-build/libc_pic.a(memchr-evex.os)
                0x0000000000000000                __memchr_evex
 *fill*         0x000000000000024f       0x31 
 .text.evex     0x0000000000000280      0x2fe /home/sota/myos/boot/glibc-build/libc_pic.a(memcmp-evex-movbe.os)
                0x0000000000000280                __memcmp_evex_movbe
 *fill*         0x000000000000057e        0x2 
 .text.evex     0x0000000000000580      0x87b /home/sota/myos/boot/glibc-build/libc_pic.a(memmove-evex-unaligned-erms.os)
                0x0000000000000580                __mempcpy_chk_evex_unaligned
                0x0000000000000590                __mempcpy_evex_unaligned
                0x00000000000005a0                __memcpy_chk_evex_unaligned
                0x00000000000005a0                __memmove_chk_evex_unaligned
                0x00000000000005b0                __memmove_evex_unaligned
                0x00000000000005b0                __memcpy_evex_unaligned
                0x00000000000005f0                __mempcpy_chk_evex_unaligned_erms
                0x0000000000000600                __mempcpy_evex_unaligned_erms
                0x0000000000000610                __memcpy_chk_evex_unaligned_erms
                0x0000000000000610                __memmove_chk_evex_unaligned_erms
                0x0000000000000640                __memmove_evex_unaligned_erms
                0x0000000000000640                __memcpy_evex_unaligned_erms
 *fill*         0x0000000000000dfb        0x5 
 .text.evex     0x0000000000000e00      0x243 /home/sota/myos/boot/glibc-build/libc_pic.a(memset-evex-unaligned-erms.os)
                0x0000000000000e00                __wmemset_chk_evex_unaligned
                0x0000000000000e10                __wmemset_evex_unaligned
                0x0000000000000e30                __memset_chk_evex_unaligned
                0x0000000000000e40                __memset_evex_unaligned
                0x0000000000000eb0                __memset_chk_evex_unaligned_erms
                0x0000000000000ec0                __memset_evex_unaligned_erms
 *fill*         0x0000000000001043        0xd 
 .text.evex     0x0000000000001050      0x2d0 /home/sota/myos/boot/glibc-build/libc_pic.a(stpcpy-evex.os)
                0x0000000000001050                __stpcpy_evex
 .text.evex     0x0000000000001320      0x394 /home/sota/myos/boot/glibc-build/libc_pic.a(strcat-evex.os)
                0x0000000000001320                __strcat_evex
 *fill*         0x00000000000016b4        0xc 
 .text.evex     0x00000000000016c0      0x1ff /home/sota/myos/boot/glibc-build/libc_pic.a(strchr-evex.os)
                0x00000000000016c0                __strchr_evex
 *fill*         0x00000000000018bf        0x1 
 .text.evex     0x00000000000018c0      0x540 /home/sota/myos/boot/glibc-build/libc_pic.a(strcmp-evex.os)
                0x00000000000018c0                __strcmp_evex
 .text.evex     0x0000000000001e00      0x2bd /home/sota/myos/boot/glibc-build/libc_pic.a(strcpy-evex.os)
                0x0000000000001e00                __strcpy_evex
 *fill*         0x00000000000020bd        0x3 
 .text.evex     0x00000000000020c0      0x15d /home/sota/myos/boot/glibc-build/libc_pic.a(strlen-evex.os)
                0x00000000000020c0                __strlen_evex
 *fill*         0x000000000000221d       0x23 
 .text.evex     0x0000000000002240      0x639 /home/sota/myos/boot/glibc-build/libc_pic.a(strncmp-evex.os)
                0x0000000000002240                __strncmp_evex
 *fill*         0x0000000000002879        0x7 
 .text.evex     0x0000000000002880      0x57a /home/sota/myos/boot/glibc-build/libc_pic.a(strncpy-evex.os)
                0x0000000000002880                __strncpy_evex
 *fill*         0x0000000000002dfa        0x6 
 .text.evex     0x0000000000002e00      0x236 /home/sota/myos/boot/glibc-build/libc_pic.a(strnlen-evex.os)
                0x0000000000002e00                __strnlen_evex
 *fill*         0x0000000000003036        0xa 
 .text.evex     0x0000000000003040      0x1d7 /home/sota/myos/boot/glibc-build/libc_pic.a(strchrnul-evex.os)
                0x0000000000003040                __strchrnul_evex

.text.evex.rtm  0x0000000000000000      0x24f
 .text.evex.rtm
                0x0000000000000000      0x24f /home/sota/myos/boot/glibc-build/libc_pic.a(memchr-evex-rtm.os)
                0x0000000000000000                __memchr_evex_rtm

.text.avx512    0x0000000000000000      0x9f0
 .text.avx512   0x0000000000000000      0x76b /home/sota/myos/boot/glibc-build/libc_pic.a(memmove-avx512-no-vzeroupper.os)
                0x0000000000000000                __mempcpy_chk_avx512_no_vzeroupper
                0x0000000000000010                __mempcpy_avx512_no_vzeroupper
                0x0000000000000020                __memcpy_chk_avx512_no_vzeroupper
                0x0000000000000020                __memmove_chk_avx512_no_vzeroupper
                0x0000000000000030                __memcpy_avx512_no_vzeroupper
                0x0000000000000030                __memmove_avx512_no_vzeroupper
 *fill*         0x000000000000076b        0x5 
 .text.avx512   0x0000000000000770      0x280 /home/sota/myos/boot/glibc-build/libc_pic.a(memset-avx512-no-vzeroupper.os)
                0x0000000000000770                __memset_chk_avx512_no_vzeroupper
                0x0000000000000780                __memset_avx512_no_vzeroupper

.text.ssse3     0x0000000000000000      0xf7d
 .text.ssse3    0x0000000000000000      0xf7d /home/sota/myos/boot/glibc-build/libc_pic.a(memmove-ssse3.os)
                0x0000000000000000                __mempcpy_chk_ssse3
                0x0000000000000010                __mempcpy_ssse3
                0x0000000000000020                __memcpy_chk_ssse3
                0x0000000000000020                __memmove_chk_ssse3
                0x0000000000000040                __memcpy_ssse3
                0x0000000000000040                __memmove_ssse3

.text.atom      0x0000000000000000      0x315
 .text.atom     0x0000000000000000      0x315 /home/sota/myos/boot/glibc-build/libc_pic.a(strchr-sse2-no-bsf.os)
                0x0000000000000000                __strchr_sse2_no_bsf

.text.sse4.2    0x0000000000000000     0x1f19
 .text.sse4.2   0x0000000000000000      0xda9 /home/sota/myos/boot/glibc-build/libc_pic.a(strcmp-sse4_2.os)
                0x0000000000000000                __strcmp_sse42
 *fill*         0x0000000000000da9       0x17 
 .text.sse4.2   0x0000000000000dc0      0x175 /home/sota/myos/boot/glibc-build/libc_pic.a(strcspn-sse4.os)
                0x0000000000000dc0                __strcspn_sse42
 *fill*         0x0000000000000f35        0xb 
 .text.sse4.2   0x0000000000000f40      0xfd9 /home/sota/myos/boot/glibc-build/libc_pic.a(strncmp-sse4_2.os)
                0x0000000000000f40                __strncmp_sse42

.fini
 *(SORT_NONE(.fini))

.rodata         0x0000000000000000     0x1d95
 *(.rodata)
 .rodata        0x0000000000000000     0x145e /home/sota/myos/boot/glibc-build/elf/dl-allobjs.os
 .rodata        0x000000000000145e       0x80 /home/sota/myos/boot/glibc-build/libc_pic.a(stpcpy-sse2-unaligned.os)
 .rodata        0x00000000000014de       0x80 /home/sota/myos/boot/glibc-build/libc_pic.a(strcat-sse2-unaligned.os)
 *fill*         0x000000000000155e        0x2 
 .rodata        0x0000000000001560       0x40 /home/sota/myos/boot/glibc-build/libc_pic.a(strcmp-sse2.os)
 .rodata        0x00000000000015a0       0x80 /home/sota/myos/boot/glibc-build/libc_pic.a(strcpy-sse2-unaligned.os)
 .rodata        0x0000000000001620       0x40 /home/sota/myos/boot/glibc-build/libc_pic.a(strncmp-sse2.os)
 .rodata        0x0000000000001660      0x154 /home/sota/myos/boot/glibc-build/libc_pic.a(strncpy-sse2-unaligned.os)
 *fill*         0x00000000000017b4        0xc 
 .rodata        0x00000000000017c0       0x1f /home/sota/myos/boot/glibc-build/libc_pic.a(varshift.os)
                0x00000000000017c0                ___m128i_shift_right
 *fill*         0x00000000000017df        0x1 
 .rodata        0x00000000000017e0       0x34 /home/sota/myos/boot/glibc-build/libc_pic.a(cacheinfo.os)
 *fill*         0x0000000000001814        0xc 
 .rodata        0x0000000000001820      0x575 /home/sota/myos/boot/glibc-build/libc_pic.a(errname.os)

.rodata.str1.1  0x0000000000000000     0x1925
 .rodata.str1.1
                0x0000000000000000     0x18f0 /home/sota/myos/boot/glibc-build/elf/dl-allobjs.os
 .rodata.str1.1
                0x00000000000018f0       0x14 /home/sota/myos/boot/glibc-build/libc_pic.a(check_fds.os)
 .rodata.str1.1
                0x0000000000001904       0x21 /home/sota/myos/boot/glibc-build/libc_pic.a(fd_to_filename.os)

.rodata.str1.16
                0x0000000000000000      0x591
 .rodata.str1.16
                0x0000000000000000      0x575 /home/sota/myos/boot/glibc-build/elf/dl-allobjs.os
                0x00000000000003b0                _dl_hwcaps_subdirs
                0x0000000000000410                __GI__itoa_lower_digits
                0x0000000000000410                _itoa_lower_digits
 *fill*         0x0000000000000575        0xb 
 .rodata.str1.16
                0x0000000000000580       0x11 /home/sota/myos/boot/glibc-build/libc_pic.a(fd_to_filename.os)

.rodata.str1.8  0x0000000000000000     0x359f
 .rodata.str1.8
                0x0000000000000000     0x3561 /home/sota/myos/boot/glibc-build/elf/dl-allobjs.os
 *fill*         0x0000000000003561        0x7 
 .rodata.str1.8
                0x0000000000003568       0x37 /home/sota/myos/boot/glibc-build/libc_pic.a(lowlevellock.os)

.rodata.str1.32
                0x0000000000000000       0xc5
 .rodata.str1.32
                0x0000000000000000       0x9b /home/sota/myos/boot/glibc-build/elf/dl-allobjs.os
 *fill*         0x000000000000009b        0x5 
 .rodata.str1.32
                0x00000000000000a0       0x25 /home/sota/myos/boot/glibc-build/libc_pic.a(itoa-udigits.os)
                0x00000000000000a0                __GI__itoa_upper_digits
                0x00000000000000a0                _itoa_upper_digits

.rodata.cst4    0x0000000000000000        0x8
 .rodata.cst4   0x0000000000000000        0x8 /home/sota/myos/boot/glibc-build/elf/dl-allobjs.os
                0x0000000000000004                __rseq_flags

.rodata.cst16   0x0000000000000000       0x60
 .rodata.cst16  0x0000000000000000       0x60 /home/sota/myos/boot/glibc-build/elf/dl-allobjs.os

.rodata.cst8    0x0000000000000000        0x8
 .rodata.cst8   0x0000000000000000        0x8 /home/sota/myos/boot/glibc-build/elf/dl-allobjs.os

.rodata.sse4.2  0x0000000000000000       0x80
 .rodata.sse4.2
                0x0000000000000000       0x40 /home/sota/myos/boot/glibc-build/libc_pic.a(strcmp-sse4_2.os)
 .rodata.sse4.2
                0x0000000000000040       0x40 /home/sota/myos/boot/glibc-build/libc_pic.a(strncmp-sse4_2.os)

.rodata1
 *(.rodata1)

.eh_frame_hdr
 *(.eh_frame_hdr)

.eh_frame       0x0000000000000000     0x5c54
 *(.eh_frame)
 .eh_frame      0x0000000000000000     0x38d0 /home/sota/myos/boot/glibc-build/elf/dl-allobjs.os
                                       0x394c (size before relaxing)
 *fill*         0x00000000000038d0        0x0 
 .eh_frame      0x00000000000038d0       0x60 /home/sota/myos/boot/glibc-build/libc_pic.a(check_fds.os)
 .eh_frame      0x0000000000003930       0x30 /home/sota/myos/boot/glibc-build/libc_pic.a(setjmp.os)
 .eh_frame      0x0000000000003960       0x48 /home/sota/myos/boot/glibc-build/libc_pic.a(__longjmp.os)
 .eh_frame      0x00000000000039a8       0x78 /home/sota/myos/boot/glibc-build/libc_pic.a(getenv.os)
 .eh_frame      0x0000000000003a20       0x50 /home/sota/myos/boot/glibc-build/libc_pic.a(_fitoa_word.os)
 .eh_frame      0x0000000000003a70       0x70 /home/sota/myos/boot/glibc-build/libc_pic.a(lowlevellock.os)
 .eh_frame      0x0000000000003ae0       0x48 /home/sota/myos/boot/glibc-build/libc_pic.a(scratch_buffer_set_array_size.os)
 .eh_frame      0x0000000000003b28       0x30 /home/sota/myos/boot/glibc-build/libc_pic.a(memchr.os)
 .eh_frame      0x0000000000003b58       0x30 /home/sota/myos/boot/glibc-build/libc_pic.a(memcmp.os)
 .eh_frame      0x0000000000003b88       0x30 /home/sota/myos/boot/glibc-build/libc_pic.a(memcpy.os)
 .eh_frame      0x0000000000003bb8       0x30 /home/sota/myos/boot/glibc-build/libc_pic.a(memmove.os)
 .eh_frame      0x0000000000003be8       0x30 /home/sota/myos/boot/glibc-build/libc_pic.a(mempcpy.os)
 .eh_frame      0x0000000000003c18       0x30 /home/sota/myos/boot/glibc-build/libc_pic.a(memset.os)
 .eh_frame      0x0000000000003c48       0x30 /home/sota/myos/boot/glibc-build/libc_pic.a(stpcpy.os)
 .eh_frame      0x0000000000003c78       0x30 /home/sota/myos/boot/glibc-build/libc_pic.a(strcat.os)
 .eh_frame      0x0000000000003ca8       0x30 /home/sota/myos/boot/glibc-build/libc_pic.a(strchr.os)
 .eh_frame      0x0000000000003cd8       0x30 /home/sota/myos/boot/glibc-build/libc_pic.a(strcmp.os)
 .eh_frame      0x0000000000003d08       0x30 /home/sota/myos/boot/glibc-build/libc_pic.a(strcpy.os)
 .eh_frame      0x0000000000003d38       0x30 /home/sota/myos/boot/glibc-build/libc_pic.a(strcspn.os)
 .eh_frame      0x0000000000003d68       0x50 /home/sota/myos/boot/glibc-build/libc_pic.a(strdup.os)
 .eh_frame      0x0000000000003db8       0x30 /home/sota/myos/boot/glibc-build/libc_pic.a(strerrorname_np.os)
 .eh_frame      0x0000000000003de8       0x30 /home/sota/myos/boot/glibc-build/libc_pic.a(strlen.os)
 .eh_frame      0x0000000000003e18       0x30 /home/sota/myos/boot/glibc-build/libc_pic.a(strncmp.os)
 .eh_frame      0x0000000000003e48       0x30 /home/sota/myos/boot/glibc-build/libc_pic.a(strncpy.os)
 .eh_frame      0x0000000000003e78       0x30 /home/sota/myos/boot/glibc-build/libc_pic.a(strnlen.os)
 .eh_frame      0x0000000000003ea8       0x30 /home/sota/myos/boot/glibc-build/libc_pic.a(memchr-avx2.os)
 .eh_frame      0x0000000000003ed8       0x30 /home/sota/myos/boot/glibc-build/libc_pic.a(memchr-avx2-rtm.os)
 .eh_frame      0x0000000000003f08       0x30 /home/sota/myos/boot/glibc-build/libc_pic.a(memchr-evex.os)
 .eh_frame      0x0000000000003f38       0x30 /home/sota/myos/boot/glibc-build/libc_pic.a(memchr-evex-rtm.os)
 .eh_frame      0x0000000000003f68       0x30 /home/sota/myos/boot/glibc-build/libc_pic.a(memchr-evex512.os)
 .eh_frame      0x0000000000003f98       0x30 /home/sota/myos/boot/glibc-build/libc_pic.a(memchr-sse2.os)
 .eh_frame      0x0000000000003fc8       0x30 /home/sota/myos/boot/glibc-build/libc_pic.a(memcmp-avx2-movbe.os)
 .eh_frame      0x0000000000003ff8       0x30 /home/sota/myos/boot/glibc-build/libc_pic.a(memcmp-avx2-movbe-rtm.os)
 .eh_frame      0x0000000000004028       0x30 /home/sota/myos/boot/glibc-build/libc_pic.a(memcmp-evex-movbe.os)
 .eh_frame      0x0000000000004058       0x30 /home/sota/myos/boot/glibc-build/libc_pic.a(memcmp-sse2.os)
 .eh_frame      0x0000000000004088       0xb8 /home/sota/myos/boot/glibc-build/libc_pic.a(memmove-avx-unaligned-erms.os)
 .eh_frame      0x0000000000004140       0xb8 /home/sota/myos/boot/glibc-build/libc_pic.a(memmove-avx-unaligned-erms-rtm.os)
 .eh_frame      0x00000000000041f8       0x68 /home/sota/myos/boot/glibc-build/libc_pic.a(memmove-avx512-no-vzeroupper.os)
 .eh_frame      0x0000000000004260       0xb8 /home/sota/myos/boot/glibc-build/libc_pic.a(memmove-avx512-unaligned-erms.os)
 .eh_frame      0x0000000000004318       0x68 /home/sota/myos/boot/glibc-build/libc_pic.a(memmove-erms.os)
 .eh_frame      0x0000000000004380       0xb8 /home/sota/myos/boot/glibc-build/libc_pic.a(memmove-evex-unaligned-erms.os)
 .eh_frame      0x0000000000004438       0xb8 /home/sota/myos/boot/glibc-build/libc_pic.a(memmove-sse2-unaligned-erms.os)
 .eh_frame      0x00000000000044f0       0x68 /home/sota/myos/boot/glibc-build/libc_pic.a(memmove-ssse3.os)
 .eh_frame      0x0000000000004558       0x90 /home/sota/myos/boot/glibc-build/libc_pic.a(memset-avx2-unaligned-erms.os)
 .eh_frame      0x00000000000045e8       0x90 /home/sota/myos/boot/glibc-build/libc_pic.a(memset-avx2-unaligned-erms-rtm.os)
 .eh_frame      0x0000000000004678       0x40 /home/sota/myos/boot/glibc-build/libc_pic.a(memset-avx512-no-vzeroupper.os)
 .eh_frame      0x00000000000046b8       0x90 /home/sota/myos/boot/glibc-build/libc_pic.a(memset-avx512-unaligned-erms.os)
 .eh_frame      0x0000000000004748       0x40 /home/sota/myos/boot/glibc-build/libc_pic.a(memset-erms.os)
 .eh_frame      0x0000000000004788       0x90 /home/sota/myos/boot/glibc-build/libc_pic.a(memset-evex-unaligned-erms.os)
 .eh_frame      0x0000000000004818       0x90 /home/sota/myos/boot/glibc-build/libc_pic.a(memset-sse2-unaligned-erms.os)
 .eh_frame      0x00000000000048a8       0x30 /home/sota/myos/boot/glibc-build/libc_pic.a(stpcpy-avx2.os)
 .eh_frame      0x00000000000048d8       0x30 /home/sota/myos/boot/glibc-build/libc_pic.a(stpcpy-avx2-rtm.os)
 .eh_frame      0x0000000000004908       0x30 /home/sota/myos/boot/glibc-build/libc_pic.a(stpcpy-evex.os)
 .eh_frame      0x0000000000004938       0x30 /home/sota/myos/boot/glibc-build/libc_pic.a(stpcpy-sse2.os)
 .eh_frame      0x0000000000004968       0x30 /home/sota/myos/boot/glibc-build/libc_pic.a(stpcpy-sse2-unaligned.os)
 .eh_frame      0x0000000000004998       0x30 /home/sota/myos/boot/glibc-build/libc_pic.a(strcat-avx2.os)
 .eh_frame      0x00000000000049c8       0x30 /home/sota/myos/boot/glibc-build/libc_pic.a(strcat-avx2-rtm.os)
 .eh_frame      0x00000000000049f8       0x30 /home/sota/myos/boot/glibc-build/libc_pic.a(strcat-evex.os)
 .eh_frame      0x0000000000004a28       0x30 /home/sota/myos/boot/glibc-build/libc_pic.a(strcat-sse2.os)
 .eh_frame      0x0000000000004a58       0x30 /home/sota/myos/boot/glibc-build/libc_pic.a(strcat-sse2-unaligned.os)
 .eh_frame      0x0000000000004a88       0x30 /home/sota/myos/boot/glibc-build/libc_pic.a(strchr-avx2.os)
 .eh_frame      0x0000000000004ab8       0x30 /home/sota/myos/boot/glibc-build/libc_pic.a(strchr-avx2-rtm.os)
 .eh_frame      0x0000000000004ae8       0x30 /home/sota/myos/boot/glibc-build/libc_pic.a(strchr-evex.os)
 .eh_frame      0x0000000000004b18       0x30 /home/sota/myos/boot/glibc-build/libc_pic.a(strchr-evex512.os)
 .eh_frame      0x0000000000004b48       0x30 /home/sota/myos/boot/glibc-build/libc_pic.a(strchr-sse2.os)
 .eh_frame      0x0000000000004b78       0x30 /home/sota/myos/boot/glibc-build/libc_pic.a(strchr-sse2-no-bsf.os)
 .eh_frame      0x0000000000004ba8       0x30 /home/sota/myos/boot/glibc-build/libc_pic.a(strcmp-avx2.os)
 .eh_frame      0x0000000000004bd8       0x30 /home/sota/myos/boot/glibc-build/libc_pic.a(strcmp-avx2-rtm.os)
 .eh_frame      0x0000000000004c08       0x30 /home/sota/myos/boot/glibc-build/libc_pic.a(strcmp-evex.os)
 .eh_frame      0x0000000000004c38       0x30 /home/sota/myos/boot/glibc-build/libc_pic.a(strcmp-sse2.os)
 .eh_frame      0x0000000000004c68       0x30 /home/sota/myos/boot/glibc-build/libc_pic.a(strcmp-sse2-unaligned.os)
 .eh_frame      0x0000000000004c98       0x30 /home/sota/myos/boot/glibc-build/libc_pic.a(strcmp-sse4_2.os)
 .eh_frame      0x0000000000004cc8       0x30 /home/sota/myos/boot/glibc-build/libc_pic.a(strcpy-avx2.os)
 .eh_frame      0x0000000000004cf8       0x30 /home/sota/myos/boot/glibc-build/libc_pic.a(strcpy-avx2-rtm.os)
 .eh_frame      0x0000000000004d28       0x30 /home/sota/myos/boot/glibc-build/libc_pic.a(strcpy-evex.os)
 .eh_frame      0x0000000000004d58       0x30 /home/sota/myos/boot/glibc-build/libc_pic.a(strcpy-sse2.os)
 .eh_frame      0x0000000000004d88       0x30 /home/sota/myos/boot/glibc-build/libc_pic.a(strcpy-sse2-unaligned.os)
 .eh_frame      0x0000000000004db8       0x30 /home/sota/myos/boot/glibc-build/libc_pic.a(strcspn-sse4.os)
 .eh_frame      0x0000000000004de8       0x30 /home/sota/myos/boot/glibc-build/libc_pic.a(strlen-avx2.os)
 .eh_frame      0x0000000000004e18       0x30 /home/sota/myos/boot/glibc-build/libc_pic.a(strlen-avx2-rtm.os)
 .eh_frame      0x0000000000004e48       0x30 /home/sota/myos/boot/glibc-build/libc_pic.a(strlen-evex.os)
 .eh_frame      0x0000000000004e78       0x30 /home/sota/myos/boot/glibc-build/libc_pic.a(strlen-evex512.os)
 .eh_frame      0x0000000000004ea8       0x30 /home/sota/myos/boot/glibc-build/libc_pic.a(strlen-sse2.os)
 .eh_frame      0x0000000000004ed8       0x30 /home/sota/myos/boot/glibc-build/libc_pic.a(strncmp-avx2.os)
 .eh_frame      0x0000000000004f08       0x30 /home/sota/myos/boot/glibc-build/libc_pic.a(strncmp-avx2-rtm.os)
 .eh_frame      0x0000000000004f38       0x30 /home/sota/myos/boot/glibc-build/libc_pic.a(strncmp-evex.os)
 .eh_frame      0x0000000000004f68       0x30 /home/sota/myos/boot/glibc-build/libc_pic.a(strncmp-sse2.os)
 .eh_frame      0x0000000000004f98       0x30 /home/sota/myos/boot/glibc-build/libc_pic.a(strncmp-sse4_2.os)
 .eh_frame      0x0000000000004fc8       0x30 /home/sota/myos/boot/glibc-build/libc_pic.a(strncpy-avx2.os)
 .eh_frame      0x0000000000004ff8       0x30 /home/sota/myos/boot/glibc-build/libc_pic.a(strncpy-avx2-rtm.os)
 .eh_frame      0x0000000000005028       0x30 /home/sota/myos/boot/glibc-build/libc_pic.a(strncpy-evex.os)
 .eh_frame      0x0000000000005058       0x30 /home/sota/myos/boot/glibc-build/libc_pic.a(strncpy-sse2-unaligned.os)
 .eh_frame      0x0000000000005088       0x30 /home/sota/myos/boot/glibc-build/libc_pic.a(strnlen-avx2.os)
 .eh_frame      0x00000000000050b8       0x30 /home/sota/myos/boot/glibc-build/libc_pic.a(strnlen-avx2-rtm.os)
 .eh_frame      0x00000000000050e8       0x30 /home/sota/myos/boot/glibc-build/libc_pic.a(strnlen-evex.os)
 .eh_frame      0x0000000000005118       0x30 /home/sota/myos/boot/glibc-build/libc_pic.a(strnlen-evex512.os)
 .eh_frame      0x0000000000005148       0x30 /home/sota/myos/boot/glibc-build/libc_pic.a(strnlen-sse2.os)
 .eh_frame      0x0000000000005178       0x40 /home/sota/myos/boot/glibc-build/libc_pic.a(strcspn-generic.os)
 .eh_frame      0x00000000000051b8       0x40 /home/sota/myos/boot/glibc-build/libc_pic.a(cacheinfo.os)
 .eh_frame      0x00000000000051f8       0x38 /home/sota/myos/boot/glibc-build/libc_pic.a(closedir.os)
 .eh_frame      0x0000000000005230       0x48 /home/sota/myos/boot/glibc-build/libc_pic.a(fdopendir.os)
 .eh_frame      0x0000000000005278       0x48 /home/sota/myos/boot/glibc-build/libc_pic.a(readdir64.os)
 .eh_frame      0x00000000000052c0       0x50 /home/sota/myos/boot/glibc-build/libc_pic.a(rewinddir.os)
 .eh_frame      0x0000000000005310       0x30 /home/sota/myos/boot/glibc-build/libc_pic.a(_exit.os)
 .eh_frame      0x0000000000005340       0x30 /home/sota/myos/boot/glibc-build/libc_pic.a(getpid.os)
 .eh_frame      0x0000000000005370       0x30 /home/sota/myos/boot/glibc-build/libc_pic.a(uname.os)
 .eh_frame      0x00000000000053a0       0x30 /home/sota/myos/boot/glibc-build/libc_pic.a(access.os)
 .eh_frame      0x00000000000053d0       0x30 /home/sota/myos/boot/glibc-build/libc_pic.a(fstat64.os)
 .eh_frame      0x0000000000005400       0x30 /home/sota/myos/boot/glibc-build/libc_pic.a(fstatat64.os)
 .eh_frame      0x0000000000005430       0x30 /home/sota/myos/boot/glibc-build/libc_pic.a(lseek64.os)
 .eh_frame      0x0000000000005460       0x30 /home/sota/myos/boot/glibc-build/libc_pic.a(lstat64.os)
 .eh_frame      0x0000000000005490       0x38 /home/sota/myos/boot/glibc-build/libc_pic.a(openat64.os)
 .eh_frame      0x00000000000054c8       0x30 /home/sota/myos/boot/glibc-build/libc_pic.a(stat64.os)
 .eh_frame      0x00000000000054f8       0x30 /home/sota/myos/boot/glibc-build/libc_pic.a(close_nocancel.os)
 .eh_frame      0x0000000000005528       0x30 /home/sota/myos/boot/glibc-build/libc_pic.a(close_nocancel_nostatus.os)
 .eh_frame      0x0000000000005558       0x40 /home/sota/myos/boot/glibc-build/libc_pic.a(fcntl_nocancel.os)
 .eh_frame      0x0000000000005598       0x30 /home/sota/myos/boot/glibc-build/libc_pic.a(open64_nocancel.os)
 .eh_frame      0x00000000000055c8       0x30 /home/sota/myos/boot/glibc-build/libc_pic.a(pread64_nocancel.os)
 .eh_frame      0x00000000000055f8       0x30 /home/sota/myos/boot/glibc-build/libc_pic.a(read_nocancel.os)
 .eh_frame      0x0000000000005628       0x30 /home/sota/myos/boot/glibc-build/libc_pic.a(write_nocancel.os)
 .eh_frame      0x0000000000005658       0x38 /home/sota/myos/boot/glibc-build/libc_pic.a(fd_to_filename.os)
 .eh_frame      0x0000000000005690       0x50 /home/sota/myos/boot/glibc-build/libc_pic.a(mmap64.os)
 .eh_frame      0x00000000000056e0       0x30 /home/sota/myos/boot/glibc-build/libc_pic.a(mprotect.os)
 .eh_frame      0x0000000000005710       0x30 /home/sota/myos/boot/glibc-build/libc_pic.a(munmap.os)
 .eh_frame      0x0000000000005740       0x70 /home/sota/myos/boot/glibc-build/libc_pic.a(setvmaname.os)
 .eh_frame      0x00000000000057b0       0x30 /home/sota/myos/boot/glibc-build/libc_pic.a(prof-freq.os)
 .eh_frame      0x00000000000057e0       0x78 /home/sota/myos/boot/glibc-build/libc_pic.a(profil.os)
 .eh_frame      0x0000000000005858       0x30 /home/sota/myos/boot/glibc-build/libc_pic.a(memcpy_chk.os)
 .eh_frame      0x0000000000005888       0x30 /home/sota/myos/boot/glibc-build/libc_pic.a(memmove_chk.os)
 .eh_frame      0x00000000000058b8       0x30 /home/sota/myos/boot/glibc-build/libc_pic.a(mempcpy_chk.os)
 .eh_frame      0x00000000000058e8       0x30 /home/sota/myos/boot/glibc-build/libc_pic.a(memset_chk.os)
 .eh_frame      0x0000000000005918       0x50 /home/sota/myos/boot/glibc-build/libc_pic.a(stpcpy_chk.os)
 .eh_frame      0x0000000000005968       0x48 /home/sota/myos/boot/glibc-build/libc_pic.a(strcpy_chk.os)
 .eh_frame      0x00000000000059b0       0x30 /home/sota/myos/boot/glibc-build/libc_pic.a(dl-addr-obj.os)
 .eh_frame      0x00000000000059e0       0xc8 /home/sota/myos/boot/glibc-build/libc_pic.a(libc_sigaction.os)
                                         0xd0 (size before relaxing)
 .eh_frame      0x0000000000005aa8       0x30 /home/sota/myos/boot/glibc-build/libc_pic.a(errname.os)
 .eh_frame      0x0000000000005ad8       0x30 /home/sota/myos/boot/glibc-build/libc_pic.a(strchrnul.os)
 .eh_frame      0x0000000000005b08       0x30 /home/sota/myos/boot/glibc-build/libc_pic.a(strchrnul-avx2.os)
 .eh_frame      0x0000000000005b38       0x30 /home/sota/myos/boot/glibc-build/libc_pic.a(strchrnul-avx2-rtm.os)
 .eh_frame      0x0000000000005b68       0x30 /home/sota/myos/boot/glibc-build/libc_pic.a(strchrnul-evex.os)
 .eh_frame      0x0000000000005b98       0x30 /home/sota/myos/boot/glibc-build/libc_pic.a(strchrnul-evex512.os)
 .eh_frame      0x0000000000005bc8       0x30 /home/sota/myos/boot/glibc-build/libc_pic.a(strchrnul-sse2.os)
 .eh_frame      0x0000000000005bf8       0x30 /home/sota/myos/boot/glibc-build/libc_pic.a(setitimer.os)
 .eh_frame      0x0000000000005c28       0x2c /home/sota/myos/boot/glibc-build/libc_pic.a(getdents64.os)
                                         0x30 (size before relaxing)

.sframe
 *(.sframe)

.gcc_except_table
 *(.gcc_except_table)

.gnu_extab
 *(.gnu_extab*)

.exception_ranges
 *(.exception_ranges)

.eh_frame
 *(.eh_frame)

.sframe
 *(.sframe)

.gnu_extab
 *(.gnu_extab)

.gcc_except_table
 *(.gcc_except_table)

.exception_ranges
 *(.exception_ranges)

.tdata
 *(.tdata)

.tbss           0x0000000000000000        0x4
 *(.tbss)
 .tbss          0x0000000000000000        0x4 /home/sota/myos/boot/glibc-build/libc_pic.a(errno.os)
                0x0000000000000000                errno
                0x0000000000000000                __libc_errno

.jcr
 *(.jcr)

.dynamic
 *(.dynamic)

.got
 *(.got)

.got.plt
 *(.got.plt)

.data           0x0000000000000000      0x87c
 *(.data)
 .data          0x0000000000000000        0x0 /home/sota/myos/boot/glibc-build/elf/librtld.mapT.o
 .data          0x0000000000000000      0x848 /home/sota/myos/boot/glibc-build/elf/dl-allobjs.os
                0x0000000000000000                _rtld_global
                0x0000000000000000                _rtld_local
 .data          0x0000000000000848        0x0 /home/sota/myos/boot/glibc-build/libc_pic.a(check_fds.os)
 .data          0x0000000000000848        0x0 /home/sota/myos/boot/glibc-build/libc_pic.a(errno.os)
 .data          0x0000000000000848        0x0 /home/sota/myos/boot/glibc-build/libc_pic.a(setjmp.os)
 .data          0x0000000000000848        0x0 /home/sota/myos/boot/glibc-build/libc_pic.a(__longjmp.os)
 .data          0x0000000000000848        0x0 /home/sota/myos/boot/glibc-build/libc_pic.a(getenv.os)
 .data          0x0000000000000848        0x0 /home/sota/myos/boot/glibc-build/libc_pic.a(_fitoa_word.os)
 .data          0x0000000000000848        0x0 /home/sota/myos/boot/glibc-build/libc_pic.a(itoa-udigits.os)
 .data          0x0000000000000848        0x0 /home/sota/myos/boot/glibc-build/libc_pic.a(lowlevellock.os)
 .data          0x0000000000000848        0x0 /home/sota/myos/boot/glibc-build/libc_pic.a(scratch_buffer_set_array_size.os)
 .data          0x0000000000000848        0x0 /home/sota/myos/boot/glibc-build/libc_pic.a(memchr.os)
 .data          0x0000000000000848        0x0 /home/sota/myos/boot/glibc-build/libc_pic.a(memcmp.os)
 .data          0x0000000000000848        0x0 /home/sota/myos/boot/glibc-build/libc_pic.a(memcpy.os)
 .data          0x0000000000000848        0x0 /home/sota/myos/boot/glibc-build/libc_pic.a(memmove.os)
 .data          0x0000000000000848        0x0 /home/sota/myos/boot/glibc-build/libc_pic.a(mempcpy.os)
 .data          0x0000000000000848        0x0 /home/sota/myos/boot/glibc-build/libc_pic.a(memset.os)
 .data          0x0000000000000848        0x0 /home/sota/myos/boot/glibc-build/libc_pic.a(stpcpy.os)
 .data          0x0000000000000848        0x0 /home/sota/myos/boot/glibc-build/libc_pic.a(strcat.os)
 .data          0x0000000000000848        0x0 /home/sota/myos/boot/glibc-build/libc_pic.a(strchr.os)
 .data          0x0000000000000848        0x0 /home/sota/myos/boot/glibc-build/libc_pic.a(strcmp.os)
 .data          0x0000000000000848        0x0 /home/sota/myos/boot/glibc-build/libc_pic.a(strcpy.os)
 .data          0x0000000000000848        0x0 /home/sota/myos/boot/glibc-build/libc_pic.a(strcspn.os)
 .data          0x0000000000000848        0x0 /home/sota/myos/boot/glibc-build/libc_pic.a(strdup.os)
 .data          0x0000000000000848        0x0 /home/sota/myos/boot/glibc-build/libc_pic.a(strerrorname_np.os)
 .data          0x0000000000000848        0x0 /home/sota/myos/boot/glibc-build/libc_pic.a(strlen.os)
 .data          0x0000000000000848        0x0 /home/sota/myos/boot/glibc-build/libc_pic.a(strncmp.os)
 .data          0x0000000000000848        0x0 /home/sota/myos/boot/glibc-build/libc_pic.a(strncpy.os)