Archive member included to satisfy reference by file (symbol)

/home/sota/myos/boot/glibc-build/elf/rtld-libc.a(rtld-check_fds.os)
                              /home/sota/myos/boot/glibc-build/elf/dl-allobjs.os (__libc_check_standard_fds)
/home/sota/myos/boot/glibc-build/elf/rtld-libc.a(rtld-errno.os)
                              /home/sota/myos/boot/glibc-build/elf/dl-allobjs.os (rtld_errno)
/home/sota/myos/boot/glibc-build/elf/rtld-libc.a(rtld-closedir.os)
                              /home/sota/myos/boot/glibc-build/elf/dl-allobjs.os (__closedir)
/home/sota/myos/boot/glibc-build/elf/rtld-libc.a(rtld-fdopendir.os)
                              /home/sota/myos/boot/glibc-build/elf/dl-allobjs.os (__fdopendir)
/home/sota/myos/boot/glibc-build/elf/rtld-libc.a(rtld-readdir64.os)
                              /home/sota/myos/boot/glibc-build/elf/dl-allobjs.os (__readdir64)
/home/sota/myos/boot/glibc-build/elf/rtld-libc.a(rtld-rewinddir.os)
                              /home/sota/myos/boot/glibc-build/elf/dl-allobjs.os (__rewinddir)
/home/sota/myos/boot/glibc-build/elf/rtld-libc.a(rtld-getdents64.os)
                              /home/sota/myos/boot/glibc-build/elf/rtld-libc.a(rtld-readdir64.os) (__getdents64)
/home/sota/myos/boot/glibc-build/elf/rtld-libc.a(rtld-dl-addr-obj.os)
                              /home/sota/myos/boot/glibc-build/elf/dl-allobjs.os (_dl_addr_inside_object)
/home/sota/myos/boot/glibc-build/elf/rtld-libc.a(rtld-prof-freq.os)
                              /home/sota/myos/boot/glibc-build/elf/dl-allobjs.os (__profile_frequency)
/home/sota/myos/boot/glibc-build/elf/rtld-libc.a(rtld-profil.os)
                              /home/sota/myos/boot/glibc-build/elf/dl-allobjs.os (__profil)
/home/sota/myos/boot/glibc-build/elf/rtld-libc.a(rtld-access.os)
                              /home/sota/myos/boot/glibc-build/elf/dl-allobjs.os (__access)
/home/sota/myos/boot/glibc-build/elf/rtld-libc.a(rtld-fstat64.os)
                              /home/sota/myos/boot/glibc-build/elf/dl-allobjs.os (__GI___fstat64)
/home/sota/myos/boot/glibc-build/elf/rtld-libc.a(rtld-fstatat64.os)
                              /home/sota/myos/boot/glibc-build/elf/dl-allobjs.os (__GI___fstatat64)
/home/sota/myos/boot/glibc-build/elf/rtld-libc.a(rtld-lseek64.os)
                              /home/sota/myos/boot/glibc-build/elf/dl-allobjs.os (__lseek)
/home/sota/myos/boot/glibc-build/elf/rtld-libc.a(rtld-lstat64.os)
                              /home/sota/myos/boot/glibc-build/elf/dl-allobjs.os (__GI___lstat64)
/home/sota/myos/boot/glibc-build/elf/rtld-libc.a(rtld-openat64.os)
                              /home/sota/myos/boot/glibc-build/elf/dl-allobjs.os (__openat64)
/home/sota/myos/boot/glibc-build/elf/rtld-libc.a(rtld-stat64.os)
                              /home/sota/myos/boot/glibc-build/elf/dl-allobjs.os (__GI___stat64)
/home/sota/myos/boot/glibc-build/elf/rtld-libc.a(rtld-close_nocancel.os)
                              /home/sota/myos/boot/glibc-build/elf/dl-allobjs.os (__GI___close_nocancel)
/home/sota/myos/boot/glibc-build/elf/rtld-libc.a(rtld-close_nocancel_nostatus.os)
                              /home/sota/myos/boot/glibc-build/elf/dl-allobjs.os (__GI___close_nocancel_nostatus)
/home/sota/myos/boot/glibc-build/elf/rtld-libc.a(rtld-fcntl_nocancel.os)
                              /home/sota/myos/boot/glibc-build/elf/dl-allobjs.os (__GI___fcntl64_nocancel)
/home/sota/myos/boot/glibc-build/elf/rtld-libc.a(rtld-open64_nocancel.os)
                              /home/sota/myos/boot/glibc-build/elf/dl-allobjs.os (__GI___open64_nocancel)
/home/sota/myos/boot/glibc-build/elf/rtld-libc.a(rtld-pread64_nocancel.os)
                              /home/sota/myos/boot/glibc-build/elf/dl-allobjs.os (__GI___pread64_nocancel)
/home/sota/myos/boot/glibc-build/elf/rtld-libc.a(rtld-read_nocancel.os)
                              /home/sota/myos/boot/glibc-build/elf/dl-allobjs.os (__GI___read_nocancel)
/home/sota/myos/boot/glibc-build/elf/rtld-libc.a(rtld-write_nocancel.os)
                              /home/sota/myos/boot/glibc-build/elf/dl-allobjs.os (__GI___write_nocancel)
/home/sota/myos/boot/glibc-build/elf/rtld-libc.a(rtld-scratch_buffer_set_array_size.os)
                              /home/sota/myos/boot/glibc-build/elf/dl-allobjs.os (__libc_scratch_buffer_set_array_size)
/home/sota/myos/boot/glibc-build/elf/rtld-libc.a(rtld-fd_to_filename.os)
                              /home/sota/myos/boot/glibc-build/elf/dl-allobjs.os (__fd_to_filename)
/home/sota/myos/boot/glibc-build/elf/rtld-libc.a(rtld-mmap64.os)
                              /home/sota/myos/boot/glibc-build/elf/dl-allobjs.os (__mmap)
/home/sota/myos/boot/glibc-build/elf/rtld-libc.a(rtld-mprotect.os)
                              /home/sota/myos/boot/glibc-build/elf/dl-allobjs.os (__mprotect)
/home/sota/myos/boot/glibc-build/elf/rtld-libc.a(rtld-munmap.os)
                              /home/sota/myos/boot/glibc-build/elf/dl-allobjs.os (__munmap)
[...]
Memory Configuration

Name             Origin             Length             Attributes
*default*        0x0000000000000000 0xffffffffffffffff

Linker script and memory map

START GROUP
LOAD /home/sota/myos/boot/glibc-build/elf/dl-allobjs.os
LOAD /home/sota/myos/boot/glibc-build/elf/rtld-libc.a
LOAD /usr/lib/gcc/x86_64-pc-linux-gnu/16.1.1/libgcc.a
END GROUP

.note.gnu.build-id
 *(.note.gnu.build-id)

.interp
 *(.interp)

.note.gnu.property
                0x0000000000000000       0x30
 .note.gnu.property
                0x0000000000000000       0x30 /home/sota/myos/boot/glibc-build/elf/dl-allobjs.os

.hash
 *(.hash)

.gnu.hash
 *(.gnu.hash)

.dynsym
 *(.dynsym)

.dynstr
 *(.dynstr)

.gnu.version
 *(.gnu.version)

.gnu.version_d
 *(.gnu.version_d)

.gnu.version_r
 *(.gnu.version_r)

.rela.init
 *(.rela.init)

.rela.text
 *(.rela.text)

.rela.fini
 *(.rela.fini)

.rela.rodata
 *(.rela.rodata)

.rela.data.rel.ro
 *(.rela.data.rel.ro)

.rela.data
 *(.rela.data)

.rela.tdata
 *(.rela.tdata)

.rela.tbss
 *(.rela.tbss)

.rela.ctors
 *(.rela.ctors)

.rela.dtors
 *(.rela.dtors)

.rela.got
 *(.rela.got)

.rela.tls
 *(.rela.tls)

.rela.bss
 *(.rela.bss)

.rela.ldata
 *(.rela.ldata)

.rela.lbss
 *(.rela.lbss)

.rela.lrodata
 *(.rela.lrodata)

.rela.ifunc
 *(.rela.ifunc)

.rela.plt
 *(.rela.plt)

.relr.dyn
 *(.relr.dyn)

.init
 *(SORT_NONE(.init))

.plt
 *(.plt)

.plt.got
 *(.plt.got)

.plt.sec
 *(.plt.sec)

.text           0x0000000000000000    0x27c53
 *(.text .stub)
 .text          0x0000000000000000    0x22530 /home/sota/myos/boot/glibc-build/elf/dl-allobjs.os
                0x0000000000000000                _dl_call_libc_early_init
                0x0000000000000070                _dl_call_fini
                0x00000000000001e0                _dl_signal_exception
                0x00000000000001e0                __GI__dl_signal_exception
                0x0000000000000240                __GI__dl_signal_error
                0x0000000000000240                _dl_signal_error
                0x00000000000002b0                _dl_signal_cexception
                0x0000000000000340                _dl_signal_cerror
                0x00000000000003d0                _dl_receive_error
                0x0000000000000460                _dl_catch_exception
                0x0000000000000460                __GI__dl_catch_exception
                0x00000000000005f0                _dl_catch_error
                0x00000000000007b0                _dl_close_worker
                0x00000000000015b0                _dl_close
                0x0000000000001620                _dl_debug_post_relocate
                0x00000000000016b0                _dl_debug_update
                0x00000000000016f0                _dl_debug_change_state
                0x0000000000001720                _dl_debug_initialize
                0x0000000000001830                _dl_debug_state
                0x0000000000001830                __GI__dl_debug_state
                0x0000000000001880                _dl_map_object_deps
                0x0000000000002780                _dl_error_free
                0x00000000000027a0                _dl_exception_create
                0x00000000000027a0                __GI__dl_exception_create
                0x0000000000002890                __GI__dl_exception_create_format
                0x0000000000002890                _dl_exception_create_format
                0x0000000000002d00                _dl_exception_free
                0x0000000000002d00                __GI__dl_exception_free
                0x0000000000002d20                _dl_make_stack_executable
                0x0000000000002d60                _dl_handle_execstack_tunable
                0x0000000000003130                __GI__dl_find_object
                0x0000000000003130                _dl_find_object
                0x00000000000034e0                _dlfo_sort_mappings
                0x00000000000035a0                _dl_find_object_init
                0x0000000000003770                _dl_find_object_update
                0x0000000000003c80                _dl_find_object_dlclose
                0x0000000000003d70                _dl_find_object_freeres
                0x0000000000003dc0                _dl_fini
                0x0000000000004140                _dl_init
                0x0000000000005150                _dl_dst_count
                0x0000000000005200                _dl_dst_substitute
                0x0000000000005a40                _dl_init_paths
                0x0000000000005d60                _dl_process_pt_gnu_property
                0x0000000000007870                _dl_lookup_map
                0x0000000000007970                _dl_map_new_object
                0x00000000000083d0                _dl_map_object
                0x0000000000008430                _dl_rtld_di_serinfo
                0x0000000000009510                _dl_lookup_symbol_x
                0x000000000000a190                _dl_lookup_direct
                0x000000000000a380                __minimal_malloc
                0x000000000000a4c0                __minimal_calloc
                0x000000000000a4f0                __minimal_free
                0x000000000000a530                __minimal_realloc
                0x000000000000a5c0                _dl_sysdep_read_whole_file
                0x000000000000a670                _dl_name_match_p
                0x000000000000a6d0                _dl_higher_prime_number
                0x000000000000a740                _dl_strtoul
                0x000000000000a920                _dl_add_to_namespace_list
                0x000000000000a9b0                _dl_new_object
                0x000000000000b1d0                __GI__dl_find_dso_for_object
                0x000000000000b1d0                _dl_find_dso_for_object
                0x000000000000b2c0                _dl_open
                0x000000000000b6a0                _dl_show_scope
                0x000000000000c220                _dl_get_origin
                0x000000000000c390                _dl_canonicalize
                0x000000000000cb00                _dl_debug_printf
                0x000000000000cbb0                _dl_debug_printf_c
                0x000000000000cc60                _dl_dprintf
                0x000000000000cd00                _dl_printf
                0x000000000000cda0                _dl_error_printf
                0x000000000000ce40                _dl_fatal_printf
                0x000000000000ce40                __GI__dl_fatal_printf
                0x000000000000cee0                _dl_readonly_area
                0x000000000000d100                _dl_try_allocate_static_tls
                0x000000000000d230                _dl_allocate_static_tls
                0x000000000000d260                _dl_protect_relro
                0x000000000000d2d0                _dl_reloc_bad_type
                0x000000000000d390                _dl_relocate_object_no_relro
                0x000000000000fb10                _dl_relocate_object
                0x000000000000fb40                _dl_fixup
                0x000000000000fdf0                _dl_profile_fixup
                0x0000000000010140                _dl_scope_free
                0x0000000000010210                _dl_setup_hash
                0x00000000000103d0                _dl_sort_maps_init
                0x0000000000010400                _dl_sort_maps
                0x0000000000010890                __thread_gscope_wait
                0x0000000000010e40                _dl_tls_static_surplus_init
                0x0000000000010ed0                _dl_assign_tls_modid
                0x0000000000010ff0                _dl_count_modids
                0x0000000000011070                _dl_determine_tlsoffset
                0x0000000000011270                _dl_get_tls_static_info
                0x0000000000011290                _dl_allocate_tls_storage
                0x0000000000011380                __GI__dl_allocate_tls_init
                0x0000000000011380                _dl_allocate_tls_init
                0x00000000000115b0                __GI__dl_allocate_tls
                0x00000000000115b0                _dl_allocate_tls
                0x0000000000011620                _dl_deallocate_tls
                0x0000000000011620                __GI__dl_deallocate_tls
                0x0000000000011740                _dl_update_slotinfo
                0x00000000000119c0                __GI___tls_get_addr
                0x00000000000119c0                ___tls_get_addr
                0x0000000000011b00                _dl_tls_get_addr_soft
                0x0000000000011b80                _dl_tls_initial_modid_limit_setup
                0x0000000000011bf0                _dl_add_to_slotinfo
                0x0000000000011d60                _dl_init_static_tls
                0x0000000000011ec0                __tls_get_addr_slow
                0x0000000000011ff0                __tls_pre_init_tp
                0x0000000000012040                __tls_init_tp
                0x00000000000121a0                _dl_runtime_profile_sse
                0x0000000000012330                _dl_runtime_resolve_fxsave
                0x00000000000123b0                _dl_runtime_resolve_xsave
                0x0000000000012480                _dl_runtime_resolve_xsavec
                0x0000000000012700                __tunable_is_initialized
                0x0000000000012700                __GI___tunable_is_initialized
                0x0000000000012720                __GI___tunable_set_val
                0x0000000000012740                __GI___tunables_init
                0x0000000000012c20                __GI___tunables_print
                0x0000000000012d20                __tunable_get_default
                0x0000000000012d20                __GI___tunable_get_default
                0x0000000000012d70                __tunable_get_val
                0x0000000000012d70                __GI___tunable_get_val
                0x0000000000012e00                _dl_check_map_versions
                0x00000000000136f0                _dl_check_all_versions
                0x0000000000013780                _dl_write
                0x00000000000137a0                _dl_cache_libcmp
                0x0000000000013f60                _dl_load_cache_lookup
                0x00000000000142a0                _dl_unload_cache
                0x00000000000170f0                __x86_cpu_features
                0x0000000000017110                _dl_x86_init_cpu_features
                0x0000000000017130                _dl_x86_get_cpu_features
                0x0000000000017140                _dl_tlsdesc_return
                0x0000000000017150                _dl_tlsdesc_undefweak
                0x0000000000017160                _dl_tlsdesc_dynamic_fxsave
                0x0000000000017210                _dl_tlsdesc_dynamic_xsave
                0x0000000000017320                _dl_tlsdesc_dynamic_xsavec
                0x0000000000017420                __tls_get_addr
                0x0000000000017480                _dl_make_tlsdesc_dynamic
                0x00000000000177c0                _dl_unmap
                0x0000000000017860                _dl_audit_activity_map
                0x0000000000017900                _dl_audit_activity_nsid
                0x0000000000017930                _dl_audit_objsearch
                0x0000000000017a00                _dl_audit_objopen
                0x0000000000017ae0                _dl_audit_objclose
                0x0000000000017b90                _dl_audit_preinit
                0x0000000000017c20                _dl_audit_symbind_alt
                0x0000000000017c20                __GI__dl_audit_symbind_alt
                0x0000000000017e00                _dl_audit_symbind
                0x00000000000180a0                _dl_audit_pltenter
                0x00000000000182f0                _dl_audit_pltexit
                0x0000000000018510                _dl_diagnostics_print_string
                0x0000000000018590                _dl_diagnostics_print_labeled_string
                0x00000000000185d0                _dl_diagnostics_print_labeled_value
                0x00000000000185f0                _dl_print_diagnostics
                0x0000000000019880                _dl_diagnostics_cpu
                0x000000000001a0a0                _dl_diagnostics_kernel
                0x000000000001a160                _dl_next_ld_env_entry
                0x000000000001a1c0                unsetenv
                0x000000000001a300                _dl_important_hwcaps
                0x000000000001a670                _dl_hwcaps_subdirs_active
                0x000000000001a6f0                _dl_hwcaps_split
                0x000000000001a780                _dl_hwcaps_contains
                0x000000000001a830                _dl_hwcaps_split_masked
                0x000000000001a900                __rtld_libc_freeres
                0x000000000001aac0                __rtld_malloc_init_stubs
                0x000000000001ab00                __sigjmp_save
                0x000000000001ab10                __strerror_r
                0x000000000001abc0                __GI___libc_fatal
                0x000000000001abc0                __libc_fatal
                0x000000000001abe0                __GI___chk_fail
                0x000000000001abe0                __chk_fail
                0x000000000001abf0                __rtld_malloc_is_complete
                0x000000000001ace0                __rtld_malloc_init_real
                0x000000000001adf0                _itoa
                0x000000000001ae40                __strsep
                0x000000000001ae40                strsep
                0x000000000001ae40                __strsep_g
                0x000000000001aea0                __rtld_mutex_init
                0x000000000001af80                _dl_start_profile
                0x000000000001b6d0                __GI__dl_mcount
                0x000000000001b6d0                _dl_mcount
                0x000000000001bb30                _dl_tunable_set_hwcaps
                0x000000000001c770                _dl_sysdep_start
                0x000000000001c830                _dl_sysdep_start_cleanup
                0x000000000001c840                _dl_show_auxv
                0x000000000001ca00                _dl_usage
                0x000000000001ca50                _dl_version
                0x000000000001ca70                _dl_help
                0x000000000001cd40                _start
                0x000000000001cd48                _dl_start_user
                0x000000000001dfa0                handle_preload_list
                0x0000000000021ab0                __brk
                0x0000000000021ab0                brk
                0x0000000000021ae0                __getcwd
                0x0000000000021ae0                getcwd
                0x0000000000022250                openat64
                0x0000000000022290                __opendir
                0x0000000000022290                opendir
                0x00000000000223b0                __alloc_dir
                0x0000000000022490                sbrk
                0x0000000000022490                __sbrk
 .text          0x0000000000022530       0xe2 /home/sota/myos/boot/glibc-build/elf/rtld-libc.a(rtld-check_fds.os)
                0x00000000000225e0                __libc_check_standard_fds
 .text          0x0000000000022612        0x0 /home/sota/myos/boot/glibc-build/elf/rtld-libc.a(rtld-errno.os)
 *fill*         0x0000000000022612        0xe 
 .text          0x0000000000022620       0x26 /home/sota/myos/boot/glibc-build/elf/rtld-libc.a(rtld-closedir.os)
                0x0000000000022620                __closedir
                0x0000000000022620                closedir
 *fill*         0x0000000000022646        0xa 
 .text          0x0000000000022650       0x9e /home/sota/myos/boot/glibc-build/elf/rtld-libc.a(rtld-fdopendir.os)
                0x0000000000022650                fdopendir
                0x0000000000022650                __fdopendir
 *fill*         0x00000000000226ee        0x2 
 .text          0x00000000000226f0      0x118 /home/sota/myos/boot/glibc-build/elf/rtld-libc.a(rtld-readdir64.os)
                0x00000000000226f0                readdir
                0x00000000000226f0                __readdir64
                0x00000000000226f0                __readdir
                0x00000000000226f0                readdir64
 *fill*         0x0000000000022808        0x8 
 .text          0x0000000000022810       0x28 /home/sota/myos/boot/glibc-build/elf/rtld-libc.a(rtld-rewinddir.os)
                0x0000000000022810                rewinddir
                0x0000000000022810                __rewinddir
 *fill*         0x0000000000022838        0x8 
 .text          0x0000000000022840       0x30 /home/sota/myos/boot/glibc-build/elf/rtld-libc.a(rtld-getdents64.os)
                0x0000000000022840                getdents64
                0x0000000000022840                __getdents64
 .text          0x0000000000022870       0x6b /home/sota/myos/boot/glibc-build/elf/rtld-libc.a(rtld-dl-addr-obj.os)
                0x0000000000022870                _dl_addr_inside_object
 *fill*         0x00000000000228db        0x5 
 .text          0x00000000000228e0        0x7 /home/sota/myos/boot/glibc-build/elf/rtld-libc.a(rtld-prof-freq.os)
                0x00000000000228e0                __profile_frequency
 *fill*         0x00000000000228e7        0x9 
 .text          0x00000000000228f0       0xf7 /home/sota/myos/boot/glibc-build/elf/rtld-libc.a(rtld-profil.os)
                0x0000000000022940                __profil
                0x0000000000022940                profil
 *fill*         0x00000000000229e7        0x9 
 .text          0x00000000000229f0       0x1e /home/sota/myos/boot/glibc-build/elf/rtld-libc.a(rtld-access.os)
                0x00000000000229f0                access
                0x00000000000229f0                __access
 *fill*         0x0000000000022a0e        0x2 
 .text          0x0000000000022a10       0x1e /home/sota/myos/boot/glibc-build/elf/rtld-libc.a(rtld-fstat64.os)
                0x0000000000022a10                __GI___fstat64
                0x0000000000022a10                fstat64
                0x0000000000022a10                fstat
                0x0000000000022a10                __fstat64
                0x0000000000022a10                __fstat
 *fill*         0x0000000000022a2e        0x2 
 .text          0x0000000000022a30       0x26 /home/sota/myos/boot/glibc-build/elf/rtld-libc.a(rtld-fstatat64.os)
                0x0000000000022a30                fstatat
                0x0000000000022a30                __fstatat
                0x0000000000022a30                fstatat64
                0x0000000000022a30                __fstatat64
                0x0000000000022a30                __GI___fstatat
                0x0000000000022a30                __GI___fstatat64
 *fill*         0x0000000000022a56        0xa 
 .text          0x0000000000022a60       0x20 /home/sota/myos/boot/glibc-build/elf/rtld-libc.a(rtld-lseek64.os)
                0x0000000000022a60                __lseek64
                0x0000000000022a60                lseek
                0x0000000000022a60                __libc_lseek64
                0x0000000000022a60                __lseek
                0x0000000000022a60                __libc_lseek
                0x0000000000022a60                lseek64
 .text          0x0000000000022a80       0x15 /home/sota/myos/boot/glibc-build/elf/rtld-libc.a(rtld-lstat64.os)
                0x0000000000022a80                __lstat64
                0x0000000000022a80                lstat
                0x0000000000022a80                lstat64
                0x0000000000022a80                __GI___lstat64
                0x0000000000022a80                __lstat
 *fill*         0x0000000000022a95        0xb 
 .text          0x0000000000022aa0       0x66 /home/sota/myos/boot/glibc-build/elf/rtld-libc.a(rtld-openat64.os)
                0x0000000000022aa0                __openat64
                0x0000000000022aa0                __libc_openat64
                0x0000000000022aa0                __openat
                0x0000000000022aa0                openat
 *fill*         0x0000000000022b06        0xa 
 .text          0x0000000000022b10       0x12 /home/sota/myos/boot/glibc-build/elf/rtld-libc.a(rtld-stat64.os)
                0x0000000000022b10                stat64
                0x0000000000022b10                __stat
                0x0000000000022b10                __stat64
                0x0000000000022b10                stat
                0x0000000000022b10                __GI___stat64
 *fill*         0x0000000000022b22        0xe 
 .text          0x0000000000022b30       0x1e /home/sota/myos/boot/glibc-build/elf/rtld-libc.a(rtld-close_nocancel.os)
                0x0000000000022b30                __GI___close_nocancel
 *fill*         0x0000000000022b4e        0x2 
 .text          0x0000000000022b50        0x8 /home/sota/myos/boot/glibc-build/elf/rtld-libc.a(rtld-close_nocancel_nostatus.os)
                0x0000000000022b50                __GI___close_nocancel_nostatus
 *fill*         0x0000000000022b58        0x8 
 .text          0x0000000000022b60       0xe1 /home/sota/myos/boot/glibc-build/elf/rtld-libc.a(rtld-fcntl_nocancel.os)
                0x0000000000022b60                __fcntl64_nocancel
                0x0000000000022b60                __GI___fcntl64_nocancel
                0x0000000000022bf0                __fcntl64_nocancel_adjusted
 *fill*         0x0000000000022c41        0xf 
 .text          0x0000000000022c50       0x6e /home/sota/myos/boot/glibc-build/elf/rtld-libc.a(rtld-open64_nocancel.os)
                0x0000000000022c50                __GI___open_nocancel
                0x0000000000022c50                __open_nocancel
                0x0000000000022c50                __GI___open64_nocancel
                0x0000000000022c50                __open64_nocancel
 *fill*         0x0000000000022cbe        0x2 
 .text          0x0000000000022cc0       0x28 /home/sota/myos/boot/glibc-build/elf/rtld-libc.a(rtld-pread64_nocancel.os)
                0x0000000000022cc0                __GI___pread64_nocancel
                0x0000000000022cc0                __pread64_nocancel
 *fill*         0x0000000000022ce8        0x8 
 .text          0x0000000000022cf0       0x20 /home/sota/myos/boot/glibc-build/elf/rtld-libc.a(rtld-read_nocancel.os)
                0x0000000000022cf0                __read_nocancel
                0x0000000000022cf0                __GI___read_nocancel
 .text          0x0000000000022d10       0x20 /home/sota/myos/boot/glibc-build/elf/rtld-libc.a(rtld-write_nocancel.os)
                0x0000000000022d10                __GI___write_nocancel
                0x0000000000022d10                __write_nocancel
 .text          0x0000000000022d30       0xd4 /home/sota/myos/boot/glibc-build/elf/rtld-libc.a(rtld-scratch_buffer_set_array_size.os)
                0x0000000000022d30                __libc_scratch_buffer_set_array_size
 *fill*         0x0000000000022e04        0xc 
 .text          0x0000000000022e10       0x42 /home/sota/myos/boot/glibc-build/elf/rtld-libc.a(rtld-fd_to_filename.os)
                0x0000000000022e10                __fd_to_filename
 *fill*         0x0000000000022e52        0xe 
 .text          0x0000000000022e60       0xa0 /home/sota/myos/boot/glibc-build/elf/rtld-libc.a(rtld-mmap64.os)
                0x0000000000022e60                __mmap
                0x0000000000022e60                mmap
                0x0000000000022e60                __mmap64
                0x0000000000022e60                mmap64
 .text          0x0000000000022f00       0x20 /home/sota/myos/boot/glibc-build/elf/rtld-libc.a(rtld-mprotect.os)
                0x0000000000022f00                __mprotect
                0x0000000000022f00                __GI___mprotect
                0x0000000000022f00                __GI_mprotect
                0x0000000000022f00                mprotect
 .text          0x0000000000022f20       0x20 /home/sota/myos/boot/glibc-build/elf/rtld-libc.a(rtld-munmap.os)
                0x0000000000022f20                munmap
                0x0000000000022f20                __GI___munmap
                0x0000000000022f20                __GI_munmap
                0x0000000000022f20                __munmap
 .text          0x0000000000022f40       0xc0 /home/sota/myos/boot/glibc-build/elf/rtld-libc.a(rtld-setvmaname.os)
                0x0000000000022f40                __is_decorate_maps_enabled
                0x0000000000022fb0                __set_vma_name
 .text          0x0000000000023000       0xe4 /home/sota/myos/boot/glibc-build/elf/rtld-libc.a(rtld-lowlevellock.os)
                0x0000000000023000                __lll_lock_wait_private
                0x0000000000023050                __lll_lock_wait
                0x00000000000230b0                __lll_lock_wake_private
                0x00000000000230d0                __lll_lock_wake
 *fill*         0x00000000000230e4        0xc 
 .text          0x00000000000230f0       0x22 /home/sota/myos/boot/glibc-build/elf/rtld-libc.a(rtld-_exit.os)
                0x00000000000230f0                _Exit
                0x00000000000230f0                __GI__exit
                0x00000000000230f0                _exit
 *fill*         0x0000000000023112        0xe 
 .text          0x0000000000023120        0x8 /home/sota/myos/boot/glibc-build/elf/rtld-libc.a(rtld-getpid.os)
                0x0000000000023120                __getpid
                0x0000000000023120                getpid
                0x0000000000023120                __GI_getpid
                0x0000000000023120                __GI___getpid
 *fill*         0x0000000000023128        0x8 
 .text          0x0000000000023130       0x20 /home/sota/myos/boot/glibc-build/elf/rtld-libc.a(rtld-uname.os)
                0x0000000000023130                uname
                0x0000000000023130                __GI_uname
                0x0000000000023130                __uname
                0x0000000000023130                __GI___uname
 .text          0x0000000000023150        0x0 /home/sota/myos/boot/glibc-build/elf/rtld-libc.a(rtld-environ.os)
 .text          0x0000000000023150       0x4f /home/sota/myos/boot/glibc-build/elf/rtld-libc.a(rtld-setjmp.os)
                0x0000000000023150                __sigsetjmp
                0x0000000000023150                __GI___sigsetjmp
 *fill*         0x000000000002319f        0x1 
 .text          0x00000000000231a0       0x4a /home/sota/myos/boot/glibc-build/elf/rtld-libc.a(rtld-__longjmp.os)
                0x00000000000231a0                __longjmp
 *fill*         0x00000000000231ea        0x6 
 .text          0x00000000000231f0      0x1a7 /home/sota/myos/boot/glibc-build/elf/rtld-libc.a(rtld-libc_sigaction.os)
                0x0000000000023210                __libc_sigaction
 *fill*         0x0000000000023397       0x29 
 .text          0x00000000000233c0      0x188 /home/sota/myos/boot/glibc-build/elf/rtld-libc.a(rtld-_fitoa_word.os)
                0x00000000000233c0                _itoa_word
                0x00000000000234f0                _fitoa_word
 .text          0x0000000000023548        0x0 /home/sota/myos/boot/glibc-build/elf/rtld-libc.a(rtld-itoa-udigits.os)
 *fill*         0x0000000000023548       0x18 
 .text          0x0000000000023560       0xa5 /home/sota/myos/boot/glibc-build/elf/rtld-libc.a(rtld-getenv.os)
                0x0000000000023560                getenv
 *fill*         0x0000000000023605        0xb 
 .text          0x0000000000023610      0x323 /home/sota/myos/boot/glibc-build/elf/rtld-libc.a(rtld-memchr.os)
                0x0000000000023610                memchr
                0x0000000000023610                __memchr
 *fill*         0x0000000000023933        0xd 
 .text          0x0000000000023940      0x2d0 /home/sota/myos/boot/glibc-build/elf/rtld-libc.a(rtld-memcmp.os)
                0x0000000000023940                bcmp
                0x0000000000023940                memcmp
 .text          0x0000000000023c10      0x1e1 /home/sota/myos/boot/glibc-build/elf/rtld-libc.a(rtld-memmove.os)
                0x0000000000023c10                mempcpy
                0x0000000000023c10                __mempcpy
                0x0000000000023c20                memmove
                0x0000000000023c20                memcpy
 *fill*         0x0000000000023df1        0xf 
 .text          0x0000000000023e00       0xc9 /home/sota/myos/boot/glibc-build/elf/rtld-libc.a(rtld-memset.os)
                0x0000000000023e00                memset
 *fill*         0x0000000000023ec9        0x7 
 .text          0x0000000000023ed0      0x6b0 /home/sota/myos/boot/glibc-build/elf/rtld-libc.a(rtld-stpcpy.os)
                0x0000000000023ed0                stpcpy
                0x0000000000023ed0                __stpcpy
 .text          0x0000000000024580      0x21a /home/sota/myos/boot/glibc-build/elf/rtld-libc.a(rtld-strchr.os)
                0x0000000000024580                index
                0x0000000000024580                strchr
 *fill*         0x000000000002479a        0x6 
 .text          0x00000000000247a0     0x1439 /home/sota/myos/boot/glibc-build/elf/rtld-libc.a(rtld-strcmp.os)
                0x00000000000247a0                strcmp
 *fill*         0x0000000000025bd9       0x27 
 .text          0x0000000000025c00      0x17d /home/sota/myos/boot/glibc-build/elf/rtld-libc.a(rtld-strcspn.os)
                0x0000000000025c00                strcspn
 *fill*         0x0000000000025d7d        0x3 
 .text          0x0000000000025d80       0x41 /home/sota/myos/boot/glibc-build/elf/rtld-libc.a(rtld-strdup.os)
                0x0000000000025d80                __strdup
                0x0000000000025d80                strdup
 *fill*         0x0000000000025dc1        0xf 
 .text          0x0000000000025dd0        0x5 /home/sota/myos/boot/glibc-build/elf/rtld-libc.a(rtld-strerrorname_np.os)
                0x0000000000025dd0                strerrorname_np
 *fill*         0x0000000000025dd5        0xb 
 .text          0x0000000000025de0      0x19c /home/sota/myos/boot/glibc-build/elf/rtld-libc.a(rtld-strlen.os)
                0x0000000000025de0                strlen
 *fill*         0x0000000000025f7c        0x4 
 .text          0x0000000000025f80     0x1849 /home/sota/myos/boot/glibc-build/elf/rtld-libc.a(rtld-strncmp.os)
                0x0000000000025f80                strncmp
 *fill*         0x00000000000277c9        0x7 
 .text          0x00000000000277d0      0x218 /home/sota/myos/boot/glibc-build/elf/rtld-libc.a(rtld-strnlen.os)
                0x00000000000277d0                __strnlen
                0x00000000000277d0                strnlen
 *fill*         0x00000000000279e8        0x8 
 .text          0x00000000000279f0      0x20a /home/sota/myos/boot/glibc-build/elf/rtld-libc.a(rtld-strchrnul.os)
                0x00000000000279f0                __strchrnul
                0x00000000000279f0                strchrnul
 *fill*         0x0000000000027bfa        0x6 
 .text          0x0000000000027c00       0x1e /home/sota/myos/boot/glibc-build/elf/rtld-libc.a(rtld-setitimer.os)
                0x0000000000027c00                setitimer
                0x0000000000027c00                __setitimer
 *fill*         0x0000000000027c1e        0x2 
 .text          0x0000000000027c20       0x33 /home/sota/myos/boot/glibc-build/elf/rtld-libc.a(rtld-errname.os)
                0x0000000000027c20                __get_errname
 *(.gnu.warning)

.text.unlikely  0x0000000000000000      0xf48
 .text.unlikely
                0x0000000000000000      0xf29 /home/sota/myos/boot/glibc-build/elf/dl-allobjs.os
                0x000000000000092f                __GI___assert_fail
                0x000000000000092f                __assert_fail
                0x0000000000000996                __GI___assert_perror_fail
                0x0000000000000996                __assert_perror_fail
 .text.unlikely
                0x0000000000000f29       0x1f /home/sota/myos/boot/glibc-build/elf/rtld-libc.a(rtld-fd_to_filename.os)

.text.evex512   0x0000000000000000      0x3f9
 .text.evex512  0x0000000000000000      0x3f9 /home/sota/myos/boot/glibc-build/elf/dl-allobjs.os
                0x0000000000000000                _dl_runtime_profile_avx512

.text.avx       0x0000000000000000      0x3eb
 .text.avx      0x0000000000000000      0x3eb /home/sota/myos/boot/glibc-build/elf/dl-allobjs.os
                0x0000000000000000                _dl_runtime_profile_avx

.text.compat    0x0000000000000000        0x1
 .text.compat   0x0000000000000000        0x1 /home/sota/myos/boot/glibc-build/elf/dl-allobjs.os
                0x0000000000000000                __rtld_version_placeholder_1
                0x0000000000000000                __rtld_version_placeholder@GLIBC_2.34

.fini
 *(SORT_NONE(.fini))

.rodata         0x0000000000000000     0x1ad5
 *(.rodata)
 .rodata        0x0000000000000000     0x145e /home/sota/myos/boot/glibc-build/elf/dl-allobjs.os
 .rodata        0x000000000000145e       0x80 /home/sota/myos/boot/glibc-build/elf/rtld-libc.a(rtld-stpcpy.os)
 *fill*         0x00000000000014de        0x2 
 .rodata        0x00000000000014e0       0x40 /home/sota/myos/boot/glibc-build/elf/rtld-libc.a(rtld-strcmp.os)
 .rodata        0x0000000000001520       0x40 /home/sota/myos/boot/glibc-build/elf/rtld-libc.a(rtld-strncmp.os)
 .rodata        0x0000000000001560      0x575 /home/sota/myos/boot/glibc-build/elf/rtld-libc.a(rtld-errname.os)

.rodata.str1.1  0x0000000000000000     0x1925
 .rodata.str1.1
                0x0000000000000000     0x18f0 /home/sota/myos/boot/glibc-build/elf/dl-allobjs.os
 .rodata.str1.1
                0x00000000000018f0       0x14 /home/sota/myos/boot/glibc-build/elf/rtld-libc.a(rtld-check_fds.os)
 .rodata.str1.1
                0x0000000000001904       0x21 /home/sota/myos/boot/glibc-build/elf/rtld-libc.a(rtld-fd_to_filename.os)

.rodata.str1.16
                0x0000000000000000      0x591
 .rodata.str1.16
                0x0000000000000000      0x575 /home/sota/myos/boot/glibc-build/elf/dl-allobjs.os
                0x00000000000003b0                _dl_hwcaps_subdirs
                0x0000000000000410                __GI__itoa_lower_digits
                0x0000000000000410                _itoa_lower_digits
 *fill*         0x0000000000000575        0xb 
 .rodata.str1.16
                0x0000000000000580       0x11 /home/sota/myos/boot/glibc-build/elf/rtld-libc.a(rtld-fd_to_filename.os)

.rodata.str1.8  0x0000000000000000     0x359f
 .rodata.str1.8
                0x0000000000000000     0x3561 /home/sota/myos/boot/glibc-build/elf/dl-allobjs.os
 *fill*         0x0000000000003561        0x7 
 .rodata.str1.8
                0x0000000000003568       0x37 /home/sota/myos/boot/glibc-build/elf/rtld-libc.a(rtld-lowlevellock.os)

.rodata.str1.32
                0x0000000000000000       0xc5
 .rodata.str1.32
                0x0000000000000000       0x9b /home/sota/myos/boot/glibc-build/elf/dl-allobjs.os
 *fill*         0x000000000000009b        0x5 
 .rodata.str1.32
                0x00000000000000a0       0x25 /home/sota/myos/boot/glibc-build/elf/rtld-libc.a(rtld-itoa-udigits.os)
                0x00000000000000a0                __GI__itoa_upper_digits

.rodata.cst4    0x0000000000000000        0x8
 .rodata.cst4   0x0000000000000000        0x8 /home/sota/myos/boot/glibc-build/elf/dl-allobjs.os
                0x0000000000000004                __rseq_flags

.rodata.cst16   0x0000000000000000       0x60
 .rodata.cst16  0x0000000000000000       0x60 /home/sota/myos/boot/glibc-build/elf/dl-allobjs.os

.rodata.cst8    0x0000000000000000        0x8
 .rodata.cst8   0x0000000000000000        0x8 /home/sota/myos/boot/glibc-build/elf/dl-allobjs.os

.rodata1
 *(.rodata1)

.eh_frame_hdr
 *(.eh_frame_hdr)

.eh_frame       0x0000000000000000     0x45b4
 *(.eh_frame)
 .eh_frame      0x0000000000000000     0x38d0 /home/sota/myos/boot/glibc-build/elf/dl-allobjs.os
                                       0x394c (size before relaxing)
 *fill*         0x00000000000038d0        0x0 
 .eh_frame      0x00000000000038d0       0x60 /home/sota/myos/boot/glibc-build/elf/rtld-libc.a(rtld-check_fds.os)
 .eh_frame      0x0000000000003930       0x38 /home/sota/myos/boot/glibc-build/elf/rtld-libc.a(rtld-closedir.os)
 .eh_frame      0x0000000000003968       0x48 /home/sota/myos/boot/glibc-build/elf/rtld-libc.a(rtld-fdopendir.os)
 .eh_frame      0x00000000000039b0       0x48 /home/sota/myos/boot/glibc-build/elf/rtld-libc.a(rtld-readdir64.os)
 .eh_frame      0x00000000000039f8       0x38 /home/sota/myos/boot/glibc-build/elf/rtld-libc.a(rtld-rewinddir.os)
 .eh_frame      0x0000000000003a30       0x30 /home/sota/myos/boot/glibc-build/elf/rtld-libc.a(rtld-getdents64.os)
 .eh_frame      0x0000000000003a60       0x30 /home/sota/myos/boot/glibc-build/elf/rtld-libc.a(rtld-dl-addr-obj.os)
 .eh_frame      0x0000000000003a90       0x30 /home/sota/myos/boot/glibc-build/elf/rtld-libc.a(rtld-prof-freq.os)
 .eh_frame      0x0000000000003ac0       0x48 /home/sota/myos/boot/glibc-build/elf/rtld-libc.a(rtld-profil.os)
 .eh_frame      0x0000000000003b08       0x30 /home/sota/myos/boot/glibc-build/elf/rtld-libc.a(rtld-access.os)
 .eh_frame      0x0000000000003b38       0x30 /home/sota/myos/boot/glibc-build/elf/rtld-libc.a(rtld-fstat64.os)
 .eh_frame      0x0000000000003b68       0x30 /home/sota/myos/boot/glibc-build/elf/rtld-libc.a(rtld-fstatat64.os)
 .eh_frame      0x0000000000003b98       0x30 /home/sota/myos/boot/glibc-build/elf/rtld-libc.a(rtld-lseek64.os)
 .eh_frame      0x0000000000003bc8       0x30 /home/sota/myos/boot/glibc-build/elf/rtld-libc.a(rtld-lstat64.os)
 .eh_frame      0x0000000000003bf8       0x30 /home/sota/myos/boot/glibc-build/elf/rtld-libc.a(rtld-openat64.os)
 .eh_frame      0x0000000000003c28       0x30 /home/sota/myos/boot/glibc-build/elf/rtld-libc.a(rtld-stat64.os)
 .eh_frame      0x0000000000003c58       0x30 /home/sota/myos/boot/glibc-build/elf/rtld-libc.a(rtld-close_nocancel.os)
 .eh_frame      0x0000000000003c88       0x30 /home/sota/myos/boot/glibc-build/elf/rtld-libc.a(rtld-close_nocancel_nostatus.os)
 .eh_frame      0x0000000000003cb8       0x40 /home/sota/myos/boot/glibc-build/elf/rtld-libc.a(rtld-fcntl_nocancel.os)
 .eh_frame      0x0000000000003cf8       0x30 /home/sota/myos/boot/glibc-build/elf/rtld-libc.a(rtld-open64_nocancel.os)
 .eh_frame      0x0000000000003d28       0x30 /home/sota/myos/boot/glibc-build/elf/rtld-libc.a(rtld-pread64_nocancel.os)
 .eh_frame      0x0000000000003d58       0x30 /home/sota/myos/boot/glibc-build/elf/rtld-libc.a(rtld-read_nocancel.os)
 .eh_frame      0x0000000000003d88       0x30 /home/sota/myos/boot/glibc-build/elf/rtld-libc.a(rtld-write_nocancel.os)
 .eh_frame      0x0000000000003db8       0x48 /home/sota/myos/boot/glibc-build/elf/rtld-libc.a(rtld-scratch_buffer_set_array_size.os)
 .eh_frame      0x0000000000003e00       0x50 /home/sota/myos/boot/glibc-build/elf/rtld-libc.a(rtld-fd_to_filename.os)
 .eh_frame      0x0000000000003e50       0x50 /home/sota/myos/boot/glibc-build/elf/rtld-libc.a(rtld-mmap64.os)
 .eh_frame      0x0000000000003ea0       0x30 /home/sota/myos/boot/glibc-build/elf/rtld-libc.a(rtld-mprotect.os)
 .eh_frame      0x0000000000003ed0       0x30 /home/sota/myos/boot/glibc-build/elf/rtld-libc.a(rtld-munmap.os)
 .eh_frame      0x0000000000003f00       0x70 /home/sota/myos/boot/glibc-build/elf/rtld-libc.a(rtld-setvmaname.os)
 .eh_frame      0x0000000000003f70       0x70 /home/sota/myos/boot/glibc-build/elf/rtld-libc.a(rtld-lowlevellock.os)
 .eh_frame      0x0000000000003fe0       0x30 /home/sota/myos/boot/glibc-build/elf/rtld-libc.a(rtld-_exit.os)
 .eh_frame      0x0000000000004010       0x30 /home/sota/myos/boot/glibc-build/elf/rtld-libc.a(rtld-getpid.os)
 .eh_frame      0x0000000000004040       0x30 /home/sota/myos/boot/glibc-build/elf/rtld-libc.a(rtld-uname.os)
 .eh_frame      0x0000000000004070       0x30 /home/sota/myos/boot/glibc-build/elf/rtld-libc.a(rtld-setjmp.os)
 .eh_frame      0x00000000000040a0       0x48 /home/sota/myos/boot/glibc-build/elf/rtld-libc.a(rtld-__longjmp.os)
 .eh_frame      0x00000000000040e8       0xc8 /home/sota/myos/boot/glibc-build/elf/rtld-libc.a(rtld-libc_sigaction.os)
                                         0xd0 (size before relaxing)
 .eh_frame      0x00000000000041b0       0x50 /home/sota/myos/boot/glibc-build/elf/rtld-libc.a(rtld-_fitoa_word.os)
 .eh_frame      0x0000000000004200       0x78 /home/sota/myos/boot/glibc-build/elf/rtld-libc.a(rtld-getenv.os)
 .eh_frame      0x0000000000004278       0x30 /home/sota/myos/boot/glibc-build/elf/rtld-libc.a(rtld-memchr.os)
 .eh_frame      0x00000000000042a8       0x30 /home/sota/myos/boot/glibc-build/elf/rtld-libc.a(rtld-memcmp.os)
 .eh_frame      0x00000000000042d8       0x40 /home/sota/myos/boot/glibc-build/elf/rtld-libc.a(rtld-memmove.os)
 .eh_frame      0x0000000000004318       0x30 /home/sota/myos/boot/glibc-build/elf/rtld-libc.a(rtld-memset.os)
 .eh_frame      0x0000000000004348       0x30 /home/sota/myos/boot/glibc-build/elf/rtld-libc.a(rtld-stpcpy.os)
 .eh_frame      0x0000000000004378       0x30 /home/sota/myos/boot/glibc-build/elf/rtld-libc.a(rtld-strchr.os)
 .eh_frame      0x00000000000043a8       0x30 /home/sota/myos/boot/glibc-build/elf/rtld-libc.a(rtld-strcmp.os)
 .eh_frame      0x00000000000043d8       0x40 /home/sota/myos/boot/glibc-build/elf/rtld-libc.a(rtld-strcspn.os)
 .eh_frame      0x0000000000004418       0x50 /home/sota/myos/boot/glibc-build/elf/rtld-libc.a(rtld-strdup.os)
 .eh_frame      0x0000000000004468       0x30 /home/sota/myos/boot/glibc-build/elf/rtld-libc.a(rtld-strerrorname_np.os)
 .eh_frame      0x0000000000004498       0x30 /home/sota/myos/boot/glibc-build/elf/rtld-libc.a(rtld-strlen.os)
 .eh_frame      0x00000000000044c8       0x30 /home/sota/myos/boot/glibc-build/elf/rtld-libc.a(rtld-strncmp.os)
 .eh_frame      0x00000000000044f8       0x30 /home/sota/myos/boot/glibc-build/elf/rtld-libc.a(rtld-strnlen.os)
 .eh_frame      0x0000000000004528       0x30 /home/sota/myos/boot/glibc-build/elf/rtld-libc.a(rtld-strchrnul.os)
 .eh_frame      0x0000000000004558       0x30 /home/sota/myos/boot/glibc-build/elf/rtld-libc.a(rtld-setitimer.os)
 .eh_frame      0x0000000000004588       0x2c /home/sota/myos/boot/glibc-build/elf/rtld-libc.a(rtld-errname.os)
                                         0x30 (size before relaxing)

.sframe
 *(.sframe)

.gcc_except_table
 *(.gcc_except_table)

.gnu_extab
 *(.gnu_extab*)

.exception_ranges
 *(.exception_ranges)

.eh_frame
 *(.eh_frame)

.sframe
 *(.sframe)

.gnu_extab
 *(.gnu_extab)

.gcc_except_table
 *(.gcc_except_table)

.exception_ranges
 *(.exception_ranges)

.tdata
 *(.tdata)

.tbss
 *(.tbss)

.jcr
 *(.jcr)

.dynamic
 *(.dynamic)

.got
 *(.got)

.got.plt
 *(.got.plt)

.data           0x0000000000000000      0x84c
 *(.data)
 .data          0x0000000000000000      0x848 /home/sota/myos/boot/glibc-build/elf/dl-allobjs.os
                0x0000000000000000                _rtld_global
                0x0000000000000000                _rtld_local
 .data          0x0000000000000848        0x0 /home/sota/myos/boot/glibc-build/elf/rtld-libc.a(rtld-check_fds.os)
 .data          0x0000000000000848        0x0 /home/sota/myos/boot/glibc-build/elf/rtld-libc.a(rtld-errno.os)
 .data          0x0000000000000848        0x0 /home/sota/myos/boot/glibc-build/elf/rtld-libc.a(rtld-closedir.os)
 .data          0x0000000000000848        0x0 /home/sota/myos/boot/glibc-build/elf/rtld-libc.a(rtld-fdopendir.os)
 .data          0x0000000000000848        0x0 /home/sota/myos/boot/glibc-build/elf/rtld-libc.a(rtld-readdir64.os)
 .data          0x0000000000000848        0x0 /home/sota/myos/boot/glibc-build/elf/rtld-libc.a(rtld-rewinddir.os)
 .data          0x0000000000000848        0x0 /home/sota/myos/boot/glibc-build/elf/rtld-libc.a(rtld-getdents64.os)
 .data          0x0000000000000848        0x0 /home/sota/myos/boot/glibc-build/elf/rtld-libc.a(rtld-dl-addr-obj.os)
 .data          0x0000000000000848        0x0 /home/sota/myos/boot/glibc-build/elf/rtld-libc.a(rtld-prof-freq.os)
 .data          0x0000000000000848        0x0 /home/sota/myos/boot/glibc-build/elf/rtld-libc.a(rtld-profil.os)
 .data          0x0000000000000848        0x0 /home/sota/myos/boot/glibc-build/elf/rtld-libc.a(rtld-access.os)
 .data          0x0000000000000848        0x0 /home/sota/myos/boot/glibc-build/elf/rtld-libc.a(rtld-fstat64.os)
 .data          0x0000000000000848        0x0 /home/sota/myos/boot/glibc-build/elf/rtld-libc.a(rtld-fstatat64.os)
 .data          0x0000000000000848        0x0 /home/sota/myos/boot/glibc-build/elf/rtld-libc.a(rtld-lseek64.os)
 .data          0x0000000000000848        0x0 /home/sota/myos/boot/glibc-build/elf/rtld-libc.a(rtld-lstat64.os)
 .data          0x0000000000000848        0x0 /home/sota/myos/boot/glibc-build/elf/rtld-libc.a(rtld-openat64.os)
 .data          0x0000000000000848        0x0 /home/sota/myos/boot/glibc-build/elf/rtld-libc.a(rtld-stat64.os)
 .data          0x0000000000000848        0x0 /home/sota/myos/boot/glibc-build/elf/rtld-libc.a(rtld-close_nocancel.os)
 .data          0x0000000000000848        0x0 /home/sota/myos/boot/glibc-build/elf/rtld-libc.a(rtld-close_nocancel_nostatus.os)
 .data          0x0000000000000848        0x0 /home/sota/myos/boot/glibc-build/elf/rtld-libc.a(rtld-fcntl_nocancel.os)
 .data          0x0000000000000848        0x0 /home/sota/myos/boot/glibc-build/elf/rtld-libc.a(rtld-open64_nocancel.os)
 .data          0x0000000000000848        0x0 /home/sota/myos/boot/glibc-build/elf/rtld-libc.a(rtld-pread64_nocancel.os)
 .data          0x0000000000000848        0x0 /home/sota/myos/boot/glibc-build/elf/rtld-libc.a(rtld-read_nocancel.os)
 .data          0x0000000000000848        0x0 /home/sota/myos/boot/glibc-build/elf/rtld-libc.a(rtld-write_nocancel.os)
 .data          0x0000000000000848        0x0 /home/sota/myos/boot/glibc-build/elf/rtld-libc.a(rtld-scratch_buffer_set_array_size.os)
 .data          0x0000000000000848        0x0 /home/sota/myos/boot/glibc-build/elf/rtld-libc.a(rtld-fd_to_filename.os)
 .data          0x0000000000000848        0x0 /home/sota/myos/boot/glibc-build/elf/rtld-libc.a(rtld-mmap64.os)
 .data          0x0000000000000848        0x0 /home/sota/myos/boot/glibc-build/elf/rtld-libc.a(rtld-mprotect.os)
 .data          0x0000000000000848        0x0 /home/sota/myos/boot/glibc-build/elf/rtld-libc.a(rtld-munmap.os)
 .data          0x0000000000000848        0x4 /home/sota/myos/boot/glibc-build/elf/rtld-libc.a(rtld-setvmaname.os)
 .data          0x000000000000084c        0x0 /home/sota/myos/boot/glibc-build/elf/rtld-libc.a(rtld-lowlevellock.os)
 .data          0x000000000000084c        0x0 /home/sota/myos/boot/glibc-build/elf/rtld-libc.a(rtld-_exit.os)
 .data          0x000000000000084c        0x0 /home/sota/myos/boot/glibc-build/elf/rtld-libc.a(rtld-getpid.os)
 .data          0x000000000000084c        0x0 /home/sota/myos/boot/glibc-build/elf/rtld-libc.a(rtld-uname.os)
 .data          0x000000000000084c        0x0 /home/sota/myos/boot/glibc-build/elf/rtld-libc.a(rtld-environ.os)
 .data          0x000000000000084c        0x0 /home/sota/myos/boot/glibc-build/elf/rtld-libc.a(rtld-setjmp.os)
 .data          0x000000000000084c        0x0 /home/sota/myos/boot/glibc-build/elf/rtld-libc.a(rtld-__longjmp.os)
 .data          0x000000000000084c        0x0 /home/sota/myos/boot/glibc-build/elf/rtld-libc.a(rtld-libc_sigaction.os)
 .data          0x000000000000084c        0x0 /home/sota/myos/boot/glibc-build/elf/rtld-libc.a(rtld-_fitoa_word.os)
 .data          0x000000000000084c        0x0 /home/sota/myos/boot/glibc-build/elf/rtld-libc.a(rtld-itoa-udigits.os)
 .data          0x000000000000084c        0x0 /home/sota/myos/boot/glibc-build/elf/rtld-libc.a(rtld-getenv.os)
 .data          0x000000000000084c        0x0 /home/sota/myos/boot/glibc-build/elf/rtld-libc.a(rtld-memchr.os)
 .data          0x000000000000084c        0x0 /home/sota/myos/boot/glibc-build/elf/rtld-libc.a(rtld-memcmp.os)
 .data          0x000000000000084c        0x0 /home/sota/myos/boot/glibc-build/elf/rtld-libc.a(rtld-memmove.os)
 .data          0x000000000000084c        0x0 /home/sota/myos/boot/glibc-build/elf/rtld-libc.a(rtld-memset.os)
 .data          0x000000000000084c        0x0 /home/sota/myos/boot/glibc-build/elf/rtld-libc.a(rtld-stpcpy.os)
 .data          0x000000000000084c        0x0 /home/sota/myos/boot/glibc-build/elf/rtld-libc.a(rtld-strchr.os)
 .data          0x000000000000084c        0x0 /home/sota/myos/boot/glibc-build/elf/rtld-libc.a(rtld-strcmp.os)
 .data          0x000000000000084c        0x0 /home/sota/myos/boot/glibc-build/elf/rtld-libc.a(rtld-strcspn.os)
 .data          0x000000000000084c        0x0 /home/sota/myos/boot/glibc-build/elf/rtld-libc.a(rtld-strdup.os)
 .data          0x000000000000084c        0x0 /home/sota/myos/boot/glibc-build/elf/rtld-libc.a(rtld-strerrorname_np.os)
 .data          0x000000000000084c        0x0 /home/sota/myos/boot/glibc-build/elf/rtld-libc.a(rtld-strlen.os)
 .data          0x000000000000084c        0x0 /home/sota/myos/boot/glibc-build/elf/rtld-libc.a(rtld-strncmp.os)
 .data          0x000000000000084c        0x0 /home/sota/myos/boot/glibc-build/elf/rtld-libc.a(rtld-strnlen.os)
 .data          0x000000000000084c        0x0 /home/sota/myos/boot/glibc-build/elf/rtld-libc.a(rtld-strchrnul.os)
 .data          0x000000000000084c        0x0 /home/sota/myos/boot/glibc-build/elf/rtld-libc.a(rtld-setitimer.os)
 .data          0x000000000000084c        0x0 /home/sota/myos/boot/glibc-build/elf/rtld-libc.a(rtld-errname.os)

.data.rel.ro.local
                0x0000000000000000       0x30
 .data.rel.ro.local
                0x0000000000000000       0x30 /home/sota/myos/boot/glibc-build/elf/dl-allobjs.os
                0x0000000000000008                __x86_cpu_features_p

.data.rel.ro    0x0000000000000000     0x1800
 .data.rel.ro   0x0000000000000000     0x1800 /home/sota/myos/boot/glibc-build/elf/dl-allobjs.os
                0x0000000000000050                __rtld_search_dirs
                0x0000000000000080                __rtld_env_path_list
                0x0000000000000090                _dl_tls_initial_modid_limit
                0x00000000000013c0                __GI___rseq_size
                0x00000000000013c0                _rseq_size
                0x00000000000013c0                __rseq_size
                0x00000000000013c8                __rseq_offset
                0x00000000000013c8                __GI___rseq_offset
                0x00000000000013c8                _rseq_offset
                0x00000000000013d0                __rtld_realloc
                0x00000000000013d8                __rtld_malloc
                0x00000000000013e0                __rtld_free
                0x00000000000013e8                __rtld_calloc
                0x00000000000013f0                ___rtld_mutex_unlock
                0x00000000000013f8                ___rtld_mutex_lock
                0x0000000000001400                _dl_random
                0x0000000000001408                __libc_stack_end
                0x0000000000001408                __GI___libc_stack_end
                0x0000000000001410                __GI___libc_enable_secure
                0x0000000000001410                __libc_enable_secure
                0x0000000000001430                __pointer_chk_guard_local
                0x0000000000001438                __GI__dl_argv
                0x0000000000001438                _dl_argv
                0x0000000000001440                _dl_argc
                0x0000000000001460                _rtld_global_ro
                0x0000000000001460                _rtld_local_ro

.data1
 *(.data1)

.bss            0x0000000000000000      0xa80
 *(.bss)
 .bss           0x0000000000000000      0xa40 /home/sota/myos/boot/glibc-build/elf/dl-allobjs.os
                0x0000000000000020                _r_debug_array
                0x00000000000002f8                __GI__r_debug
                0x00000000000002f8                _r_debug_extended
                0x00000000000002f8                _r_debug
                0x0000000000000370                _dl_tls_threads_in_update
                0x0000000000000378                _rseq_align
                0x0000000000000380                __nptl_initial_report_events
                0x0000000000000380                __GI___nptl_initial_report_events
                0x00000000000003b8                _dl_x86_features_tlsdesc_state_size
                0x00000000000003c0                _dl_hwcaps_priorities_length
                0x00000000000003c8                _dl_hwcaps_priorities
                0x0000000000000420                __rtld_tls_init_tp_called
                0x0000000000000440                _dl_rtld_auditstate
                0x0000000000000540                _dl_rtld_map
                0x0000000000000a38                __curbrk
 .bss           0x0000000000000a40        0x0 /home/sota/myos/boot/glibc-build/elf/rtld-libc.a(rtld-check_fds.os)
 .bss           0x0000000000000a40        0x4 /home/sota/myos/boot/glibc-build/elf/rtld-libc.a(rtld-errno.os)
                0x0000000000000a40                rtld_errno
 .bss           0x0000000000000a44        0x0 /home/sota/myos/boot/glibc-build/elf/rtld-libc.a(rtld-closedir.os)
 .bss           0x0000000000000a44        0x0 /home/sota/myos/boot/glibc-build/elf/rtld-libc.a(rtld-fdopendir.os)
 .bss           0x0000000000000a44        0x0 /home/sota/myos/boot/glibc-build/elf/rtld-libc.a(rtld-readdir64.os)
 .bss           0x0000000000000a44        0x0 /home/sota/myos/boot/glibc-build/elf/rtld-libc.a(rtld-rewinddir.os)
 .bss           0x0000000000000a44        0x0 /home/sota/myos/boot/glibc-build/elf/rtld-libc.a(rtld-getdents64.os)
 .bss           0x0000000000000a44        0x0 /home/sota/myos/boot/glibc-build/elf/rtld-libc.a(rtld-dl-addr-obj.os)
 .bss           0x0000000000000a44        0x0 /home/sota/myos/boot/glibc-build/elf/rtld-libc.a(rtld-prof-freq.os)
 *fill*         0x0000000000000a44        0x4 
 .bss           0x0000000000000a48       0x20 /home/sota/myos/boot/glibc-build/elf/rtld-libc.a(rtld-profil.os)
 .bss           0x0000000000000a68        0x0 /home/sota/myos/boot/glibc-build/elf/rtld-libc.a(rtld-access.os)
 .bss           0x0000000000000a68        0x0 /home/sota/myos/boot/glibc-build/elf/rtld-libc.a(rtld-fstat64.os)
 .bss           0x0000000000000a68        0x0 /home/sota/myos/boot/glibc-build/elf/rtld-libc.a(rtld-fstatat64.os)
 .bss           0x0000000000000a68        0x0 /home/sota/myos/boot/glibc-build/elf/rtld-libc.a(rtld-lseek64.os)
 .bss           0x0000000000000a68        0x0 /home/sota/myos/boot/glibc-build/elf/rtld-libc.a(rtld-lstat64.os)
 .bss           0x0000000000000a68        0x0 /home/sota/myos/boot/glibc-build/elf/rtld-libc.a(rtld-openat64.os)
 .bss           0x0000000000000a68        0x0 /home/sota/myos/boot/glibc-build/elf/rtld-libc.a(rtld-stat64.os)
 .bss           0x0000000000000a68        0x0 /home/sota/myos/boot/glibc-build/elf/rtld-libc.a(rtld-close_nocancel.os)
 .bss           0x0000000000000a68        0x0 /home/sota/myos/boot/glibc-build/elf/rtld-libc.a(rtld-close_nocancel_nostatus.os)
 .bss           0x0000000000000a68        0x0 /home/sota/myos/boot/glibc-build/elf/rtld-libc.a(rtld-fcntl_nocancel.os)
 .bss           0x0000000000000a68        0x0 /home/sota/myos/boot/glibc-build/elf/rtld-libc.a(rtld-open64_nocancel.os)
 .bss           0x0000000000000a68        0x0 /home/sota/myos/boot/glibc-build/elf/rtld-libc.a(rtld-pread64_nocancel.os)
 .bss           0x0000000000000a68        0x0 /home/sota/myos/boot/glibc-build/elf/rtld-libc.a(rtld-read_nocancel.os)
 .bss           0x0000000000000a68        0x0 /home/sota/myos/boot/glibc-build/elf/rtld-libc.a(rtld-write_nocancel.os)
 .bss           0x0000000000000a68        0x0 /home/sota/myos/boot/glibc-build/elf/rtld-libc.a(rtld-scratch_buffer_set_array_size.os)
 .bss           0x0000000000000a68        0x0 /home/sota/myos/boot/glibc-build/elf/rtld-libc.a(rtld-fd_to_filename.os)
 .bss           0x0000000000000a68        0x0 /home/sota/myos/boot/glibc-build/elf/rtld-libc.a(rtld-mmap64.os)
 .bss           0x0000000000000a68        0x0 /home/sota/myos/boot/glibc-build/elf/rtld-libc.a(rtld-mprotect.os)
 .bss           0x0000000000000a68        0x0 /home/sota/myos/boot/glibc-build/elf/rtld-libc.a(rtld-munmap.os)
 .bss           0x0000000000000a68        0x0 /home/sota/myos/boot/glibc-build/elf/rtld-libc.a(rtld-setvmaname.os)
 .bss           0x0000000000000a68        0x0 /home/sota/myos/boot/glibc-build/elf/rtld-libc.a(rtld-lowlevellock.os)
 .bss           0x0000000000000a68        0x0 /home/sota/myos/boot/glibc-build/elf/rtld-libc.a(rtld-_exit.os)
 .bss           0x0000000000000a68        0x0 /home/sota/myos/boot/glibc-build/elf/rtld-libc.a(rtld-getpid.os)
 .bss           0x0000000000000a68        0x0 /home/sota/myos/boot/glibc-build/elf/rtld-libc.a(rtld-uname.os)
 .bss           0x0000000000000a68       0x18 /home/sota/myos/boot/glibc-build/elf/rtld-libc.a(rtld-environ.os)
                0x0000000000000a68                __environ_counter
                0x0000000000000a70                __environ_array_list
                0x0000000000000a78                _environ
                0x0000000000000a78                __environ
                0x0000000000000a78                environ
 .bss           0x0000000000000a80        0x0 /home/sota/myos/boot/glibc-build/elf/rtld-libc.a(rtld-setjmp.os)
 .bss           0x0000000000000a80        0x0 /home/sota/myos/boot/glibc-build/elf/rtld-libc.a(rtld-__longjmp.os)
 .bss           0x0000000000000a80        0x0 /home/sota/myos/boot/glibc-build/elf/rtld-libc.a(rtld-libc_sigaction.os)
 .bss           0x0000000000000a80        0x0 /home/sota/myos/boot/glibc-build/elf/rtld-libc.a(rtld-_fitoa_word.os)
 .bss           0x0000000000000a80        0x0 /home/sota/myos/boot/glibc-build/elf/rtld-libc.a(rtld-itoa-udigits.os)
 .bss           0x0000000000000a80        0x0 /home/sota/myos/boot/glibc-build/elf/rtld-libc.a(rtld-getenv.os)
 .bss           0x0000000000000a80        0x0 /home/sota/myos/boot/glibc-build/elf/rtld-libc.a(rtld-memchr.os)
 .bss           0x0000000000000a80        0x0 /home/sota/myos/boot/glibc-build/elf/rtld-libc.a(rtld-memcmp.os)
 .bss           0x0000000000000a80        0x0 /home/sota/myos/boot/glibc-build/elf/rtld-libc.a(rtld-memmove.os)
 .bss           0x0000000000000a80        0x0 /home/sota/myos/boot/glibc-build/elf/rtld-libc.a(rtld-memset.os)
 .bss           0x0000000000000a80        0x0 /home/sota/myos/boot/glibc-build/elf/rtld-libc.a(rtld-stpcpy.os)
 .bss           0x0000000000000a80        0x0 /home/sota/myos/boot/glibc-build/elf/rtld-libc.a(rtld-strchr.os)
 .bss           0x0000000000000a80        0x0 /home/sota/myos/boot/glibc-build/elf/rtld-libc.a(rtld-strcmp.os)
 .bss           0x0000000000000a80        0x0 /home/sota/myos/boot/glibc-build/elf/rtld-libc.a(rtld-strcspn.os)
 .bss           0x0000000000000a80        0x0 /home/sota/myos/boot/glibc-build/elf/rtld-libc.a(rtld-strdup.os)
 .bss           0x0000000000000a80        0x0 /home/sota/myos/boot/glibc-build/elf/rtld-libc.a(rtld-strerrorname_np.os)
 .bss           0x0000000000000a80        0x0 /home/sota/myos/boot/glibc-build/elf/rtld-libc.a(rtld-strlen.os)
 .bss           0x0000000000000a80        0x0 /home/sota/myos/boot/glibc-build/elf/rtld-libc.a(rtld-strncmp.os)
 .bss           0x0000000000000a80        0x0 /home/sota/myos/boot/glibc-build/elf/rtld-libc.a(rtld-strnlen.os)
 .bss           0x0000000000000a80        0x0 /home/sota/myos/boot/glibc-build/elf/rtld-libc.a(rtld-strchrnul.os)
 .bss           0x0000000000000a80        0x0 /home/sota/myos/boot/glibc-build/elf/rtld-libc.a(rtld-setitimer.os)
 .bss           0x0000000000000a80        0x0 /home/sota/myos/boot/glibc-build/elf/rtld-libc.a(rtld-errname.os)

.lbss
 *(.lbss)

.lrodata
 *(.lrodata)

.ldata
 *(.ldata)

.stab
 *(.stab)

.stabstr
 *(.stabstr)

.stab.excl
 *(.stab.excl)

.stab.exclstr
 *(.stab.exclstr)

.stab.index
 *(.stab.index)

.stab.indexstr
 *(.stab.indexstr)

.comment        0x0000000000000000      0xab8
 *(.comment)
 .comment       0x0000000000000000      0x658 /home/sota/myos/boot/glibc-build/elf/dl-allobjs.os
 .comment       0x0000000000000658       0x1c /home/sota/myos/boot/glibc-build/elf/rtld-libc.a(rtld-check_fds.os)
 .comment       0x0000000000000674       0x1c /home/sota/myos/boot/glibc-build/elf/rtld-libc.a(rtld-errno.os)
 .comment       0x0000000000000690       0x1c /home/sota/myos/boot/glibc-build/elf/rtld-libc.a(rtld-closedir.os)
 .comment       0x00000000000006ac       0x1c /home/sota/myos/boot/glibc-build/elf/rtld-libc.a(rtld-fdopendir.os)
 .comment       0x00000000000006c8       0x1c /home/sota/myos/boot/glibc-build/elf/rtld-libc.a(rtld-readdir64.os)
 .comment       0x00000000000006e4       0x1c /home/sota/myos/boot/glibc-build/elf/rtld-libc.a(rtld-rewinddir.os)
 .comment       0x0000000000000700       0x1c /home/sota/myos/boot/glibc-build/elf/rtld-libc.a(rtld-getdents64.os)
 .comment       0x000000000000071c       0x1c /home/sota/myos/boot/glibc-build/elf/rtld-libc.a(rtld-dl-addr-obj.os)
 .comment       0x0000000000000738       0x1c /home/sota/myos/boot/glibc-build/elf/rtld-libc.a(rtld-prof-freq.os)
 .comment       0x0000000000000754       0x1c /home/sota/myos/boot/glibc-build/elf/rtld-libc.a(rtld-profil.os)
 .comment       0x0000000000000770       0x1c /home/sota/myos/boot/glibc-build/elf/rtld-libc.a(rtld-access.os)
 .comment       0x000000000000078c       0x1c /home/sota/myos/boot/glibc-build/elf/rtld-libc.a(rtld-fstat64.os)
 .comment       0x00000000000007a8       0x1c /home/sota/myos/boot/glibc-build/elf/rtld-libc.a(rtld-fstatat64.os)
 .comment       0x00000000000007c4       0x1c /home/sota/myos/boot/glibc-build/elf/rtld-libc.a(rtld-lseek64.os)
 .comment       0x00000000000007e0       0x1c /home/sota/myos/boot/glibc-build/elf/rtld-libc.a(rtld-lstat64.os)
 .comment       0x00000000000007fc       0x1c /home/sota/myos/boot/glibc-build/elf/rtld-libc.a(rtld-openat64.os)
 .comment       0x0000000000000818       0x1c /home/sota/myos/boot/glibc-build/elf/rtld-libc.a(rtld-stat64.os)
 .comment       0x0000000000000834       0x1c /home/sota/myos/boot/glibc-build/elf/rtld-libc.a(rtld-close_nocancel.os)
 .comment       0x0000000000000850       0x1c /home/sota/myos/boot/glibc-build/elf/rtld-libc.a(rtld-close_nocancel_nostatus.os)
 .comment       0x000000000000086c       0x1c /home/sota/myos/boot/glibc-build/elf/rtld-libc.a(rtld-fcntl_nocancel.os)
 .comment       0x0000000000000888       0x1c /home/sota/myos/boot/glibc-build/elf/rtld-libc.a(rtld-open64_nocancel.os)
 .comment       0x00000000000008a4       0x1c /home/sota/myos/boot/glibc-build/elf/rtld-libc.a(rtld-pread64_nocancel.os)
 .comment       0x00000000000008c0       0x1c /home/sota/myos/boot/glibc-build/elf/rtld-libc.a(rtld-read_nocancel.os)
 .comment       0x00000000000008dc       0x1c /home/sota/myos/boot/glibc-build/elf/rtld-libc.a(rtld-write_nocancel.os)
 .comment       0x00000000000008f8       0x1c /home/sota/myos/boot/glibc-build/elf/rtld-libc.a(rtld-scratch_buffer_set_array_size.os)
 .comment       0x0000000000000914       0x1c /home/sota/myos/boot/glibc-build/elf/rtld-libc.a(rtld-fd_to_filename.os)
 .comment       0x0000000000000930       0x1c /home/sota/myos/boot/glibc-build/elf/rtld-libc.a(rtld-mmap64.os)
 .comment       0x000000000000094c       0x1c /home/sota/myos/boot/glibc-build/elf/rtld-libc.a(rtld-setvmaname.os)
 .comment       0x0000000000000968       0x1c /home/sota/myos/boot/glibc-build/elf/rtld-libc.a(rtld-lowlevellock.os)
 .comment       0x0000000000000984       0x1c /home/sota/myos/boot/glibc-build/elf/rtld-libc.a(rtld-_exit.os)
 .comment       0x00000000000009a0       0x1c /home/sota/myos/boot/glibc-build/elf/rtld-libc.a(rtld-environ.os)
 .comment       0x00000000000009bc       0x1c /home/sota/myos/boot/glibc-build/elf/rtld-libc.a(rtld-libc_sigaction.os)
 .comment       0x00000000000009d8       0x1c /home/sota/myos/boot/glibc-build/elf/rtld-libc.a(rtld-_fitoa_word.os)
 .comment       0x00000000000009f4       0x1c /home/sota/myos/boot/glibc-build/elf/rtld-libc.a(rtld-itoa-udigits.os)
 .comment       0x0000000000000a10       0x1c /home/sota/myos/boot/glibc-build/elf/rtld-libc.a(rtld-getenv.os)
 .comment       0x0000000000000a2c       0x1c /home/sota/myos/boot/glibc-build/elf/rtld-libc.a(rtld-strcspn.os)
 .comment       0x0000000000000a48       0x1c /home/sota/myos/boot/glibc-build/elf/rtld-libc.a(rtld-strdup.os)
 .comment       0x0000000000000a64       0x1c /home/sota/myos/boot/glibc-build/elf/rtld-libc.a(rtld-strerrorname_np.os)
 .comment       0x0000000000000a80       0x1c /home/sota/myos/boot/glibc-build/elf/rtld-libc.a(rtld-setitimer.os)
 .comment       0x0000000000000a9c       0x1c /home/sota/myos/boot/glibc-build/elf/rtld-libc.a(rtld-errname.os)

.note.GNU-stack
                0x0000000000000000        0x0
 .note.GNU-stack
                0x0000000000000000        0x0 /home/sota/myos/boot/glibc-build/elf/dl-allobjs.os
 .note.GNU-stack
                0x0000000000000000        0x0 /home/sota/myos/boot/glibc-build/elf/rtld-libc.a(rtld-check_fds.os)
 .note.GNU-stack
                0x0000000000000000        0x0 /home/sota/myos/boot/glibc-build/elf/rtld-libc.a(rtld-errno.os)
 .note.GNU-stack
                0x0000000000000000        0x0 /home/sota/myos/boot/glibc-build/elf/rtld-libc.a(rtld-closedir.os)
 .note.GNU-stack
                0x0000000000000000        0x0 /home/sota/myos/boot/glibc-build/elf/rtld-libc.a(rtld-fdopendir.os)
 .note.GNU-stack
                0x0000000000000000        0x0 /home/sota/myos/boot/glibc-build/elf/rtld-libc.a(rtld-readdir64.os)
 .note.GNU-stack
                0x0000000000000000        0x0 /home/sota/myos/boot/glibc-build/elf/rtld-libc.a(rtld-rewinddir.os)
 .note.GNU-stack
                0x0000000000000000        0x0 /home/sota/myos/boot/glibc-build/elf/rtld-libc.a(rtld-getdents64.os)
 .note.GNU-stack
                0x0000000000000000        0x0 /home/sota/myos/boot/glibc-build/elf/rtld-libc.a(rtld-dl-addr-obj.os)
 .note.GNU-stack
                0x0000000000000000        0x0 /home/sota/myos/boot/glibc-build/elf/rtld-libc.a(rtld-prof-freq.os)
 .note.GNU-stack
                0x0000000000000000        0x0 /home/sota/myos/boot/glibc-build/elf/rtld-libc.a(rtld-profil.os)
 .note.GNU-stack
                0x0000000000000000        0x0 /home/sota/myos/boot/glibc-build/elf/rtld-libc.a(rtld-access.os)
 .note.GNU-stack
                0x0000000000000000        0x0 /home/sota/myos/boot/glibc-build/elf/rtld-libc.a(rtld-fstat64.os)
 .note.GNU-stack
                0x0000000000000000        0x0 /home/sota/myos/boot/glibc-build/elf/rtld-libc.a(rtld-fstatat64.os)
 .note.GNU-stack
                0x0000000000000000        0x0 /home/sota/myos/boot/glibc-build/elf/rtld-libc.a(rtld-lseek64.os)
 .note.GNU-stack
                0x0000000000000000        0x0 /home/sota/myos/boot/glibc-build/elf/rtld-libc.a(rtld-lstat64.os)
 .note.GNU-stack
                0x0000000000000000        0x0 /home/sota/myos/boot/glibc-build/elf/rtld-libc.a(rtld-openat64.os)
 .note.GNU-stack
                0x0000000000000000        0x0 /home/sota/myos/boot/glibc-build/elf/rtld-libc.a(rtld-stat64.os)
 .note.GNU-stack
                0x0000000000000000        0x0 /home/sota/myos/boot/glibc-build/elf/rtld-libc.a(rtld-close_nocancel.os)
 .note.GNU-stack
                0x0000000000000000        0x0 /home/sota/myos/boot/glibc-build/elf/rtld-libc.a(rtld-close_nocancel_nostatus.os)
 .note.GNU-stack
                0x0000000000000000        0x0 /home/sota/myos/boot/glibc-build/elf/rtld-libc.a(rtld-fcntl_nocancel.os)
 .note.GNU-stack
                0x0000000000000000        0x0 /home/sota/myos/boot/glibc-build/elf/rtld-libc.a(rtld-open64_nocancel.os)
 .note.GNU-stack
                0x0000000000000000        0x0 /home/sota/myos/boot/glibc-build/elf/rtld-libc.a(rtld-pread64_nocancel.os)
 .note.GNU-stack
                0x0000000000000000        0x0 /home/sota/myos/boot/glibc-build/elf/rtld-libc.a(rtld-read_nocancel.os)
 .note.GNU-stack
                0x0000000000000000        0x0 /home/sota/myos/boot/glibc-build/elf/rtld-libc.a(rtld-write_nocancel.os)
 .note.GNU-stack
                0x0000000000000000        0x0 /home/sota/myos/boot/glibc-build/elf/rtld-libc.a(rtld-scratch_buffer_set_array_size.os)
 .note.GNU-stack
                0x0000000000000000        0x0 /home/sota/myos/boot/glibc-build/elf/rtld-libc.a(rtld-fd_to_filename.os)
 .note.GNU-stack
                0x0000000000000000        0x0 /home/sota/myos/boot/glibc-build/elf/rtld-libc.a(rtld-mmap64.os)
 .note.GNU-stack
                0x0000000000000000        0x0 /home/sota/myos/boot/glibc-build/elf/rtld-libc.a(rtld-mprotect.os)
 .note.GNU-stack
                0x0000000000000000        0x0 /home/sota/myos/boot/glibc-build/elf/rtld-libc.a(rtld-munmap.os)
 .note.GNU-stack
                0x0000000000000000        0x0 /home/sota/myos/boot/glibc-build/elf/rtld-libc.a(rtld-setvmaname.os)
 .note.GNU-stack
                0x0000000000000000        0x0 /home/sota/myos/boot/glibc-build/elf/rtld-libc.a(rtld-lowlevellock.os)
 .note.GNU-stack
                0x0000000000000000        0x0 /home/sota/myos/boot/glibc-build/elf/rtld-libc.a(rtld-_exit.os)
 .note.GNU-stack
                0x0000000000000000        0x0 /home/sota/myos/boot/glibc-build/elf/rtld-libc.a(rtld-getpid.os)
 .note.GNU-stack
                0x0000000000000000        0x0 /home/sota/myos/boot/glibc-build/elf/rtld-libc.a(rtld-uname.os)
 .note.GNU-stack
                0x0000000000000000        0x0 /home/sota/myos/boot/glibc-build/elf/rtld-libc.a(rtld-environ.os)
 .note.GNU-stack
                0x0000000000000000        0x0 /home/sota/myos/boot/glibc-build/elf/rtld-libc.a(rtld-setjmp.os)
 .note.GNU-stack
                0x0000000000000000        0x0 /home/sota/myos/boot/glibc-build/elf/rtld-libc.a(rtld-__longjmp.os)
 .note.GNU-stack
                0x0000000000000000        0x0 /home/sota/myos/boot/glibc-build/elf/rtld-libc.a(rtld-libc_sigaction.os)
 .note.GNU-stack
                0x0000000000000000        0x0 /home/sota/myos/boot/glibc-build/elf/rtld-libc.a(rtld-_fitoa_word.os)
 .note.GNU-stack
                0x0000000000000000        0x0 /home/sota/myos/boot/glibc-build/elf/rtld-libc.a(rtld-itoa-udigits.os)
 .note.GNU-stack
                0x0000000000000000        0x0 /home/sota/myos/boot/glibc-build/elf/rtld-libc.a(rtld-getenv.os)
 .note.GNU-stack
                0x0000000000000000        0x0 /home/sota/myos/boot/glibc-build/elf/rtld-libc.a(rtld-memchr.os)
 .note.GNU-stack
                0x0000000000000000        0x0 /home/sota/myos/boot/glibc-build/elf/rtld-libc.a(rtld-memcmp.os)
 .note.GNU-stack
                0x0000000000000000        0x0 /home/sota/myos/boot/glibc-build/elf/rtld-libc.a(rtld-memmove.os)
 .note.GNU-stack
                0x0000000000000000        0x0 /home/sota/myos/boot/glibc-build/elf/rtld-libc.a(rtld-memset.os)
 .note.GNU-stack
                0x0000000000000000        0x0 /home/sota/myos/boot/glibc-build/elf/rtld-libc.a(rtld-stpcpy.os)
 .note.GNU-stack
                0x0000000000000000        0x0 /home/sota/myos/boot/glibc-build/elf/rtld-libc.a(rtld-strchr.os)
 .note.GNU-stack
                0x0000000000000000        0x0 /home/sota/myos/boot/glibc-build/elf/rtld-libc.a(rtld-strcmp.os)
 .note.GNU-stack
                0x0000000000000000        0x0 /home/sota/myos/boot/glibc-build/elf/rtld-libc.a(rtld-strcspn.os)
 .note.GNU-stack
                0x0000000000000000        0x0 /home/sota/myos/boot/glibc-build/elf/rtld-libc.a(rtld-strdup.os)
 .note.GNU-stack
                0x0000000000000000        0x0 /home/sota/myos/boot/glibc-build/elf/rtld-libc.a(rtld-strerrorname_np.os)
 .note.GNU-stack
                0x0000000000000000        0x0 /home/sota/myos/boot/glibc-build/elf/rtld-libc.a(rtld-strlen.os)
 .note.GNU-stack
                0x0000000000000000        0x0 /home/sota/myos/boot/glibc-build/elf/rtld-libc.a(rtld-strncmp.os)
 .note.GNU-stack
                0x0000000000000000        0x0 /home/sota/myos/boot/glibc-build/elf/rtld-libc.a(rtld-strnlen.os)
 .note.GNU-stack
                0x0000000000000000        0x0 /home/sota/myos/boot/glibc-build/elf/rtld-libc.a(rtld-strchrnul.os)
 .note.GNU-stack
                0x0000000000000000        0x0 /home/sota/myos/boot/glibc-build/elf/rtld-libc.a(rtld-setitimer.os)
 .note.GNU-stack
                0x0000000000000000        0x0 /home/sota/myos/boot/glibc-build/elf/rtld-libc.a(rtld-errname.os)

.gnu.build.attributes
 *(.gnu.build.attributes)

.debug
 *(.debug)

.line
 *(.line)

.debug_srcinfo
 *(.debug_srcinfo)

.debug_sfnames
 *(.debug_sfnames)

.debug_aranges  0x0000000000000000     0x1800
 *(.debug_aranges)
 .debug_aranges
                0x0000000000000000      0xd70 /home/sota/myos/boot/glibc-build/elf/dl-allobjs.os
 .debug_aranges
                0x0000000000000d70       0x30 /home/sota/myos/boot/glibc-build/elf/rtld-libc.a(rtld-check_fds.os)
 .debug_aranges
                0x0000000000000da0       0x20 /home/sota/myos/boot/glibc-build/elf/rtld-libc.a(rtld-errno.os)
 .debug_aranges
                0x0000000000000dc0       0x30 /home/sota/myos/boot/glibc-build/elf/rtld-libc.a(rtld-closedir.os)
 .debug_aranges
                0x0000000000000df0       0x30 /home/sota/myos/boot/glibc-build/elf/rtld-libc.a(rtld-fdopendir.os)
 .debug_aranges
                0x0000000000000e20       0x30 /home/sota/myos/boot/glibc-build/elf/rtld-libc.a(rtld-readdir64.os)
 .debug_aranges
                0x0000000000000e50       0x30 /home/sota/myos/boot/glibc-build/elf/rtld-libc.a(rtld-rewinddir.os)
 .debug_aranges
                0x0000000000000e80       0x30 /home/sota/myos/boot/glibc-build/elf/rtld-libc.a(rtld-getdents64.os)
 .debug_aranges
                0x0000000000000eb0       0x30 /home/sota/myos/boot/glibc-build/elf/rtld-libc.a(rtld-dl-addr-obj.os)
 .debug_aranges
                0x0000000000000ee0       0x30 /home/sota/myos/boot/glibc-build/elf/rtld-libc.a(rtld-prof-freq.os)
 .debug_aranges
                0x0000000000000f10       0x30 /home/sota/myos/boot/glibc-build/elf/rtld-libc.a(rtld-profil.os)
 .debug_aranges
                0x0000000000000f40       0x30 /home/sota/myos/boot/glibc-build/elf/rtld-libc.a(rtld-access.os)
 .debug_aranges
                0x0000000000000f70       0x30 /home/sota/myos/boot/glibc-build/elf/rtld-libc.a(rtld-fstat64.os)
 .debug_aranges
                0x0000000000000fa0       0x30 /home/sota/myos/boot/glibc-build/elf/rtld-libc.a(rtld-fstatat64.os)
 .debug_aranges
                0x0000000000000fd0       0x30 /home/sota/myos/boot/glibc-build/elf/rtld-libc.a(rtld-lseek64.os)
 .debug_aranges
                0x0000000000001000       0x30 /home/sota/myos/boot/glibc-build/elf/rtld-libc.a(rtld-lstat64.os)
 .debug_aranges
                0x0000000000001030       0x30 /home/sota/myos/boot/glibc-build/elf/rtld-libc.a(rtld-openat64.os)
 .debug_aranges
                0x0000000000001060       0x30 /home/sota/myos/boot/glibc-build/elf/rtld-libc.a(rtld-stat64.os)
 .debug_aranges
                0x0000000000001090       0x30 /home/sota/myos/boot/glibc-build/elf/rtld-libc.a(rtld-close_nocancel.os)
 .debug_aranges
                0x00000000000010c0       0x30 /home/sota/myos/boot/glibc-build/elf/rtld-libc.a(rtld-close_nocancel_nostatus.os)
 .debug_aranges
                0x00000000000010f0       0x30 /home/sota/myos/boot/glibc-build/elf/rtld-libc.a(rtld-fcntl_nocancel.os)
 .debug_aranges
                0x0000000000001120       0x30 /home/sota/myos/boot/glibc-build/elf/rtld-libc.a(rtld-open64_nocancel.os)
 .debug_aranges
                0x0000000000001150       0x30 /home/sota/myos/boot/glibc-build/elf/rtld-libc.a(rtld-pread64_nocancel.os)
 .debug_aranges
                0x0000000000001180       0x30 /home/sota/myos/boot/glibc-build/elf/rtld-libc.a(rtld-read_nocancel.os)
 .debug_aranges
                0x00000000000011b0       0x30 /home/sota/myos/boot/glibc-build/elf/rtld-libc.a(rtld-write_nocancel.os)
 .debug_aranges
                0x00000000000011e0       0x30 /home/sota/myos/boot/glibc-build/elf/rtld-libc.a(rtld-scratch_buffer_set_array_size.os)
 .debug_aranges
                0x0000000000001210       0x40 /home/sota/myos/boot/glibc-build/elf/rtld-libc.a(rtld-fd_to_filename.os)
 .debug_aranges
                0x0000000000001250       0x30 /home/sota/myos/boot/glibc-build/elf/rtld-libc.a(rtld-mmap64.os)
 .debug_aranges
                0x0000000000001280       0x30 /home/sota/myos/boot/glibc-build/elf/rtld-libc.a(rtld-mprotect.os)
 .debug_aranges
                0x00000000000012b0       0x30 /home/sota/myos/boot/glibc-build/elf/rtld-libc.a(rtld-munmap.os)
 .debug_aranges
                0x00000000000012e0       0x30 /home/sota/myos/boot/glibc-build/elf/rtld-libc.a(rtld-setvmaname.os)
 .debug_aranges
                0x0000000000001310       0x30 /home/sota/myos/boot/glibc-build/elf/rtld-libc.a(rtld-lowlevellock.os)
 .debug_aranges
                0x0000000000001340       0x30 /home/sota/myos/boot/glibc-build/elf/rtld-libc.a(rtld-_exit.os)
 .debug_aranges
                0x0000000000001370       0x30 /home/sota/myos/boot/glibc-build/elf/rtld-libc.a(rtld-getpid.os)
 .debug_aranges
                0x00000000000013a0       0x30 /home/sota/myos/boot/glibc-build/elf/rtld-libc.a(rtld-uname.os)
 .debug_aranges
                0x00000000000013d0       0x20 /home/sota/myos/boot/glibc-build/elf/rtld-libc.a(rtld-environ.os)
 .debug_aranges
                0x00000000000013f0       0x30 /home/sota/myos/boot/glibc-build/elf/rtld-libc.a(rtld-setjmp.os)
 .debug_aranges
                0x0000000000001420       0x30 /home/sota/myos/boot/glibc-build/elf/rtld-libc.a(rtld-__longjmp.os)
 .debug_aranges
                0x0000000000001450       0x30 /home/sota/myos/boot/glibc-build/elf/rtld-libc.a(rtld-libc_sigaction.os)
 .debug_aranges
                0x0000000000001480       0x30 /home/sota/myos/boot/glibc-build/elf/rtld-libc.a(rtld-_fitoa_word.os)
 .debug_aranges
                0x00000000000014b0       0x20 /home/sota/myos/boot/glibc-build/elf/rtld-libc.a(rtld-itoa-udigits.os)
 .debug_aranges
                0x00000000000014d0       0x30 /home/sota/myos/boot/glibc-build/elf/rtld-libc.a(rtld-getenv.os)
 .debug_aranges
                0x0000000000001500       0x30 /home/sota/myos/boot/glibc-build/elf/rtld-libc.a(rtld-memchr.os)
 .debug_aranges
                0x0000000000001530       0x30 /home/sota/myos/boot/glibc-build/elf/rtld-libc.a(rtld-memcmp.os)
 .debug_aranges
                0x0000000000001560       0x30 /home/sota/myos/boot/glibc-build/elf/rtld-libc.a(rtld-memmove.os)
 .debug_aranges
                0x0000000000001590       0x30 /home/sota/myos/boot/glibc-build/elf/rtld-libc.a(rtld-memset.os)
 .debug_aranges
                0x00000000000015c0       0x30 /home/sota/myos/boot/glibc-build/elf/rtld-libc.a(rtld-stpcpy.os)
 .debug_aranges
                0x00000000000015f0       0x30 /home/sota/myos/boot/glibc-build/elf/rtld-libc.a(rtld-strchr.os)
 .debug_aranges
                0x0000000000001620       0x30 /home/sota/myos/boot/glibc-build/elf/rtld-libc.a(rtld-strcmp.os)
 .debug_aranges
                0x0000000000001650       0x30 /home/sota/myos/boot/glibc-build/elf/rtld-libc.a(rtld-strcspn.os)
 .debug_aranges
                0x0000000000001680       0x30 /home/sota/myos/boot/glibc-build/elf/rtld-libc.a(rtld-strdup.os)
 .debug_aranges
                0x00000000000016b0       0x30 /home/sota/myos/boot/glibc-build/elf/rtld-libc.a(rtld-strerrorname_np.os)
 .debug_aranges
                0x00000000000016e0       0x30 /home/sota/myos/boot/glibc-build/elf/rtld-libc.a(rtld-strlen.os)
 .debug_aranges
                0x0000000000001710       0x30 /home/sota/myos/boot/glibc-build/elf/rtld-libc.a(rtld-strncmp.os)
 .debug_aranges
                0x0000000000001740       0x30 /home/sota/myos/boot/glibc-build/elf/rtld-libc.a(rtld-strnlen.os)
 .debug_aranges
                0x0000000000001770       0x30 /home/sota/myos/boot/glibc-build/elf/rtld-libc.a(rtld-strchrnul.os)
 .debug_aranges
                0x00000000000017a0       0x30 /home/sota/myos/boot/glibc-build/elf/rtld-libc.a(rtld-setitimer.os)
 .debug_aranges
                0x00000000000017d0       0x30 /home/sota/myos/boot/glibc-build/elf/rtld-libc.a(rtld-errname.os)

.debug_pubnames
 *(.debug_pubnames)

.debug_info     0x0000000000000000    0x9ce71
 *(.debug_info)
 .debug_info    0x0000000000000000    0x90f38 /home/sota/myos/boot/glibc-build/elf/dl-allobjs.os
 .debug_info    0x0000000000090f38      0x4d7 /home/sota/myos/boot/glibc-build/elf/rtld-libc.a(rtld-check_fds.os)
 .debug_info    0x000000000009140f       0xa6 /home/sota/myos/boot/glibc-build/elf/rtld-libc.a(rtld-errno.os)
 .debug_info    0x00000000000914b5      0x250 /home/sota/myos/boot/glibc-build/elf/rtld-libc.a(rtld-closedir.os)
 .debug_info    0x0000000000091705      0x40f /home/sota/myos/boot/glibc-build/elf/rtld-libc.a(rtld-fdopendir.os)
 .debug_info    0x0000000000091b14      0x3ef /home/sota/myos/boot/glibc-build/elf/rtld-libc.a(rtld-readdir64.os)
 .debug_info    0x0000000000091f03      0x1c3 /home/sota/myos/boot/glibc-build/elf/rtld-libc.a(rtld-rewinddir.os)
 .debug_info    0x00000000000920c6      0x192 /home/sota/myos/boot/glibc-build/elf/rtld-libc.a(rtld-getdents64.os)
 .debug_info    0x0000000000092258      0xb08 /home/sota/myos/boot/glibc-build/elf/rtld-libc.a(rtld-dl-addr-obj.os)
 .debug_info    0x0000000000092d60     0x1ead /home/sota/myos/boot/glibc-build/elf/rtld-libc.a(rtld-prof-freq.os)
 .debug_info    0x0000000000094c0d      0xb5b /home/sota/myos/boot/glibc-build/elf/rtld-libc.a(rtld-profil.os)
 .debug_info    0x0000000000095768      0x158 /home/sota/myos/boot/glibc-build/elf/rtld-libc.a(rtld-access.os)
 .debug_info    0x00000000000958c0      0x2da /home/sota/myos/boot/glibc-build/elf/rtld-libc.a(rtld-fstat64.os)
 .debug_info    0x0000000000095b9a      0x405 /home/sota/myos/boot/glibc-build/elf/rtld-libc.a(rtld-fstatat64.os)
 .debug_info    0x0000000000095f9f      0x18e /home/sota/myos/boot/glibc-build/elf/rtld-libc.a(rtld-lseek64.os)
 .debug_info    0x000000000009612d      0x2b6 /home/sota/myos/boot/glibc-build/elf/rtld-libc.a(rtld-lstat64.os)
 .debug_info    0x00000000000963e3      0x263 /home/sota/myos/boot/glibc-build/elf/rtld-libc.a(rtld-openat64.os)
 .debug_info    0x0000000000096646      0x2b4 /home/sota/myos/boot/glibc-build/elf/rtld-libc.a(rtld-stat64.os)
 .debug_info    0x00000000000968fa      0x12d /home/sota/myos/boot/glibc-build/elf/rtld-libc.a(rtld-close_nocancel.os)
 .debug_info    0x0000000000096a27      0x104 /home/sota/myos/boot/glibc-build/elf/rtld-libc.a(rtld-close_nocancel_nostatus.os)
 .debug_info    0x0000000000096b2b      0x596 /home/sota/myos/boot/glibc-build/elf/rtld-libc.a(rtld-fcntl_nocancel.os)
 .debug_info    0x00000000000970c1      0x253 /home/sota/myos/boot/glibc-build/elf/rtld-libc.a(rtld-open64_nocancel.os)
 .debug_info    0x0000000000097314      0x1dc /home/sota/myos/boot/glibc-build/elf/rtld-libc.a(rtld-pread64_nocancel.os)
 .debug_info    0x00000000000974f0      0x1a0 /home/sota/myos/boot/glibc-build/elf/rtld-libc.a(rtld-read_nocancel.os)
 .debug_info    0x0000000000097690      0x1a5 /home/sota/myos/boot/glibc-build/elf/rtld-libc.a(rtld-write_nocancel.os)
 .debug_info    0x0000000000097835      0x3ad /home/sota/myos/boot/glibc-build/elf/rtld-libc.a(rtld-scratch_buffer_set_array_size.os)
 .debug_info    0x0000000000097be2      0x208 /home/sota/myos/boot/glibc-build/elf/rtld-libc.a(rtld-fd_to_filename.os)
 .debug_info    0x0000000000097dea     0x238c /home/sota/myos/boot/glibc-build/elf/rtld-libc.a(rtld-mmap64.os)
 .debug_info    0x000000000009a176       0x6a /home/sota/myos/boot/glibc-build/elf/rtld-libc.a(rtld-mprotect.os)
 .debug_info    0x000000000009a1e0       0x6a /home/sota/myos/boot/glibc-build/elf/rtld-libc.a(rtld-munmap.os)
 .debug_info    0x000000000009a24a      0x576 /home/sota/myos/boot/glibc-build/elf/rtld-libc.a(rtld-setvmaname.os)
 .debug_info    0x000000000009a7c0      0x5db /home/sota/myos/boot/glibc-build/elf/rtld-libc.a(rtld-lowlevellock.os)
 .debug_info    0x000000000009ad9b      0x130 /home/sota/myos/boot/glibc-build/elf/rtld-libc.a(rtld-_exit.os)
 .debug_info    0x000000000009aecb       0x6a /home/sota/myos/boot/glibc-build/elf/rtld-libc.a(rtld-getpid.os)
 .debug_info    0x000000000009af35       0x6a /home/sota/myos/boot/glibc-build/elf/rtld-libc.a(rtld-uname.os)
 .debug_info    0x000000000009af9f      0x157 /home/sota/myos/boot/glibc-build/elf/rtld-libc.a(rtld-environ.os)
 .debug_info    0x000000000009b0f6       0x48 /home/sota/myos/boot/glibc-build/elf/rtld-libc.a(rtld-setjmp.os)
 .debug_info    0x000000000009b13e       0x39 /home/sota/myos/boot/glibc-build/elf/rtld-libc.a(rtld-__longjmp.os)
 .debug_info    0x000000000009b177      0x609 /home/sota/myos/boot/glibc-build/elf/rtld-libc.a(rtld-libc_sigaction.os)
 .debug_info    0x000000000009b780      0x1d0 /home/sota/myos/boot/glibc-build/elf/rtld-libc.a(rtld-_fitoa_word.os)
 .debug_info    0x000000000009b950       0x7d /home/sota/myos/boot/glibc-build/elf/rtld-libc.a(rtld-itoa-udigits.os)
 .debug_info    0x000000000009b9cd      0x1f1 /home/sota/myos/boot/glibc-build/elf/rtld-libc.a(rtld-getenv.os)
 .debug_info    0x000000000009bbbe       0x4d /home/sota/myos/boot/glibc-build/elf/rtld-libc.a(rtld-memchr.os)
 .debug_info    0x000000000009bc0b       0x4d /home/sota/myos/boot/glibc-build/elf/rtld-libc.a(rtld-memcmp.os)
 .debug_info    0x000000000009bc58       0x6d /home/sota/myos/boot/glibc-build/elf/rtld-libc.a(rtld-memmove.os)
 .debug_info    0x000000000009bcc5       0x3b /home/sota/myos/boot/glibc-build/elf/rtld-libc.a(rtld-memset.os)
 .debug_info    0x000000000009bd00       0x4d /home/sota/myos/boot/glibc-build/elf/rtld-libc.a(rtld-stpcpy.os)
 .debug_info    0x000000000009bd4d       0x4d /home/sota/myos/boot/glibc-build/elf/rtld-libc.a(rtld-strchr.os)
 .debug_info    0x000000000009bd9a       0x3b /home/sota/myos/boot/glibc-build/elf/rtld-libc.a(rtld-strcmp.os)
 .debug_info    0x000000000009bdd5      0x1f5 /home/sota/myos/boot/glibc-build/elf/rtld-libc.a(rtld-strcspn.os)
 .debug_info    0x000000000009bfca      0x1ec /home/sota/myos/boot/glibc-build/elf/rtld-libc.a(rtld-strdup.os)
 .debug_info    0x000000000009c1b6       0xd7 /home/sota/myos/boot/glibc-build/elf/rtld-libc.a(rtld-strerrorname_np.os)
 .debug_info    0x000000000009c28d       0x3b /home/sota/myos/boot/glibc-build/elf/rtld-libc.a(rtld-strlen.os)
 .debug_info    0x000000000009c2c8       0x3b /home/sota/myos/boot/glibc-build/elf/rtld-libc.a(rtld-strncmp.os)
 .debug_info    0x000000000009c303       0x4d /home/sota/myos/boot/glibc-build/elf/rtld-libc.a(rtld-strnlen.os)
 .debug_info    0x000000000009c350       0x4d /home/sota/myos/boot/glibc-build/elf/rtld-libc.a(rtld-strchrnul.os)
 .debug_info    0x000000000009c39d      0x22c /home/sota/myos/boot/glibc-build/elf/rtld-libc.a(rtld-setitimer.os)
 .debug_info    0x000000000009c5c9      0x8a8 /home/sota/myos/boot/glibc-build/elf/rtld-libc.a(rtld-errname.os)

.debug_abbrev   0x0000000000000000    0x159dd
 *(.debug_abbrev)
 .debug_abbrev  0x0000000000000000    0x121b7 /home/sota/myos/boot/glibc-build/elf/dl-allobjs.os
 .debug_abbrev  0x00000000000121b7      0x1bb /home/sota/myos/boot/glibc-build/elf/rtld-libc.a(rtld-check_fds.os)
 .debug_abbrev  0x0000000000012372       0x48 /home/sota/myos/boot/glibc-build/elf/rtld-libc.a(rtld-errno.os)
 .debug_abbrev  0x00000000000123ba      0x19c /home/sota/myos/boot/glibc-build/elf/rtld-libc.a(rtld-closedir.os)
 .debug_abbrev  0x0000000000012556      0x194 /home/sota/myos/boot/glibc-build/elf/rtld-libc.a(rtld-fdopendir.os)
 .debug_abbrev  0x00000000000126ea      0x226 /home/sota/myos/boot/glibc-build/elf/rtld-libc.a(rtld-readdir64.os)
 .debug_abbrev  0x0000000000012910      0x10e /home/sota/myos/boot/glibc-build/elf/rtld-libc.a(rtld-rewinddir.os)
 .debug_abbrev  0x0000000000012a1e       0xc7 /home/sota/myos/boot/glibc-build/elf/rtld-libc.a(rtld-getdents64.os)
 .debug_abbrev  0x0000000000012ae5      0x218 /home/sota/myos/boot/glibc-build/elf/rtld-libc.a(rtld-dl-addr-obj.os)
 .debug_abbrev  0x0000000000012cfd      0x32f /home/sota/myos/boot/glibc-build/elf/rtld-libc.a(rtld-prof-freq.os)
 .debug_abbrev  0x000000000001302c      0x2e2 /home/sota/myos/boot/glibc-build/elf/rtld-libc.a(rtld-profil.os)
 .debug_abbrev  0x000000000001330e       0xb6 /home/sota/myos/boot/glibc-build/elf/rtld-libc.a(rtld-access.os)
 .debug_abbrev  0x00000000000133c4       0xf8 /home/sota/myos/boot/glibc-build/elf/rtld-libc.a(rtld-fstat64.os)
 .debug_abbrev  0x00000000000134bc      0x1a2 /home/sota/myos/boot/glibc-build/elf/rtld-libc.a(rtld-fstatat64.os)
 .debug_abbrev  0x000000000001365e       0xc6 /home/sota/myos/boot/glibc-build/elf/rtld-libc.a(rtld-lseek64.os)
 .debug_abbrev  0x0000000000013724       0xfa /home/sota/myos/boot/glibc-build/elf/rtld-libc.a(rtld-lstat64.os)
 .debug_abbrev  0x000000000001381e      0x125 /home/sota/myos/boot/glibc-build/elf/rtld-libc.a(rtld-openat64.os)
 .debug_abbrev  0x0000000000013943       0xfa /home/sota/myos/boot/glibc-build/elf/rtld-libc.a(rtld-stat64.os)
 .debug_abbrev  0x0000000000013a3d       0xa3 /home/sota/myos/boot/glibc-build/elf/rtld-libc.a(rtld-close_nocancel.os)
 .debug_abbrev  0x0000000000013ae0       0x93 /home/sota/myos/boot/glibc-build/elf/rtld-libc.a(rtld-close_nocancel_nostatus.os)
 .debug_abbrev  0x0000000000013b73      0x201 /home/sota/myos/boot/glibc-build/elf/rtld-libc.a(rtld-fcntl_nocancel.os)
 .debug_abbrev  0x0000000000013d74      0x119 /home/sota/myos/boot/glibc-build/elf/rtld-libc.a(rtld-open64_nocancel.os)
 .debug_abbrev  0x0000000000013e8d       0xda /home/sota/myos/boot/glibc-build/elf/rtld-libc.a(rtld-pread64_nocancel.os)
 .debug_abbrev  0x0000000000013f67       0xcf /home/sota/myos/boot/glibc-build/elf/rtld-libc.a(rtld-read_nocancel.os)
 .debug_abbrev  0x0000000000014036       0xd6 /home/sota/myos/boot/glibc-build/elf/rtld-libc.a(rtld-write_nocancel.os)
 .debug_abbrev  0x000000000001410c      0x24d /home/sota/myos/boot/glibc-build/elf/rtld-libc.a(rtld-scratch_buffer_set_array_size.os)
 .debug_abbrev  0x0000000000014359      0x139 /home/sota/myos/boot/glibc-build/elf/rtld-libc.a(rtld-fd_to_filename.os)
 .debug_abbrev  0x0000000000014492      0x42d /home/sota/myos/boot/glibc-build/elf/rtld-libc.a(rtld-mmap64.os)
 .debug_abbrev  0x00000000000148bf       0x28 /home/sota/myos/boot/glibc-build/elf/rtld-libc.a(rtld-mprotect.os)
 .debug_abbrev  0x00000000000148e7       0x28 /home/sota/myos/boot/glibc-build/elf/rtld-libc.a(rtld-munmap.os)
 .debug_abbrev  0x000000000001490f      0x1fb /home/sota/myos/boot/glibc-build/elf/rtld-libc.a(rtld-setvmaname.os)
 .debug_abbrev  0x0000000000014b0a      0x1b7 /home/sota/myos/boot/glibc-build/elf/rtld-libc.a(rtld-lowlevellock.os)
 .debug_abbrev  0x0000000000014cc1       0xa7 /home/sota/myos/boot/glibc-build/elf/rtld-libc.a(rtld-_exit.os)
 .debug_abbrev  0x0000000000014d68       0x28 /home/sota/myos/boot/glibc-build/elf/rtld-libc.a(rtld-getpid.os)
 .debug_abbrev  0x0000000000014d90       0x28 /home/sota/myos/boot/glibc-build/elf/rtld-libc.a(rtld-uname.os)
 .debug_abbrev  0x0000000000014db8       0xb9 /home/sota/myos/boot/glibc-build/elf/rtld-libc.a(rtld-environ.os)
 .debug_abbrev  0x0000000000014e71       0x28 /home/sota/myos/boot/glibc-build/elf/rtld-libc.a(rtld-setjmp.os)
 .debug_abbrev  0x0000000000014e99       0x28 /home/sota/myos/boot/glibc-build/elf/rtld-libc.a(rtld-__longjmp.os)
 .debug_abbrev  0x0000000000014ec1      0x1c6 /home/sota/myos/boot/glibc-build/elf/rtld-libc.a(rtld-libc_sigaction.os)
 .debug_abbrev  0x0000000000015087       0xfc /home/sota/myos/boot/glibc-build/elf/rtld-libc.a(rtld-_fitoa_word.os)
 .debug_abbrev  0x0000000000015183       0x5f /home/sota/myos/boot/glibc-build/elf/rtld-libc.a(rtld-itoa-udigits.os)
 .debug_abbrev  0x00000000000151e2      0x109 /home/sota/myos/boot/glibc-build/elf/rtld-libc.a(rtld-getenv.os)
 .debug_abbrev  0x00000000000152eb       0x28 /home/sota/myos/boot/glibc-build/elf/rtld-libc.a(rtld-memchr.os)
 .debug_abbrev  0x0000000000015313       0x28 /home/sota/myos/boot/glibc-build/elf/rtld-libc.a(rtld-memcmp.os)
 .debug_abbrev  0x000000000001533b       0x28 /home/sota/myos/boot/glibc-build/elf/rtld-libc.a(rtld-memmove.os)
 .debug_abbrev  0x0000000000015363       0x28 /home/sota/myos/boot/glibc-build/elf/rtld-libc.a(rtld-memset.os)
 .debug_abbrev  0x000000000001538b       0x28 /home/sota/myos/boot/glibc-build/elf/rtld-libc.a(rtld-stpcpy.os)
 .debug_abbrev  0x00000000000153b3       0x28 /home/sota/myos/boot/glibc-build/elf/rtld-libc.a(rtld-strchr.os)
 .debug_abbrev  0x00000000000153db       0x28 /home/sota/myos/boot/glibc-build/elf/rtld-libc.a(rtld-strcmp.os)
 .debug_abbrev  0x0000000000015403      0x113 /home/sota/myos/boot/glibc-build/elf/rtld-libc.a(rtld-strcspn.os)
 .debug_abbrev  0x0000000000015516      0x15c /home/sota/myos/boot/glibc-build/elf/rtld-libc.a(rtld-strdup.os)
 .debug_abbrev  0x0000000000015672       0x9c /home/sota/myos/boot/glibc-build/elf/rtld-libc.a(rtld-strerrorname_np.os)
 .debug_abbrev  0x000000000001570e       0x28 /home/sota/myos/boot/glibc-build/elf/rtld-libc.a(rtld-strlen.os)
 .debug_abbrev  0x0000000000015736       0x28 /home/sota/myos/boot/glibc-build/elf/rtld-libc.a(rtld-strncmp.os)
 .debug_abbrev  0x000000000001575e       0x28 /home/sota/myos/boot/glibc-build/elf/rtld-libc.a(rtld-strnlen.os)
 .debug_abbrev  0x0000000000015786       0x28 /home/sota/myos/boot/glibc-build/elf/rtld-libc.a(rtld-strchrnul.os)
 .debug_abbrev  0x00000000000157ae      0x10f /home/sota/myos/boot/glibc-build/elf/rtld-libc.a(rtld-setitimer.os)
 .debug_abbrev  0x00000000000158bd      0x120 /home/sota/myos/boot/glibc-build/elf/rtld-libc.a(rtld-errname.os)

.debug_line     0x0000000000000000    0x26ad1
 *(.debug_line)
 .debug_line    0x0000000000000000    0x231bb /home/sota/myos/boot/glibc-build/elf/dl-allobjs.os
 .debug_line    0x00000000000231bb      0x12c /home/sota/myos/boot/glibc-build/elf/rtld-libc.a(rtld-check_fds.os)
 .debug_line    0x00000000000232e7       0x3f /home/sota/myos/boot/glibc-build/elf/rtld-libc.a(rtld-errno.os)
 .debug_line    0x0000000000023326       0xd8 /home/sota/myos/boot/glibc-build/elf/rtld-libc.a(rtld-closedir.os)
 .debug_line    0x00000000000233fe      0x138 /home/sota/myos/boot/glibc-build/elf/rtld-libc.a(rtld-fdopendir.os)
 .debug_line    0x0000000000023536      0x188 /home/sota/myos/boot/glibc-build/elf/rtld-libc.a(rtld-readdir64.os)